22:54:12 **** 项目STM32配置Debug的增量构建 ****
make -j12 all 
arm-none-eabi-gcc "../Core/Src/usart.c" -mcpu=cortex-m4 -std=gnu11 -g3 -DDEBUG -DUSE_HAL_DRIVER -DSTM32F446xx -c -I../Core/Inc -I../Drivers/STM32F4xx_HAL_Driver/Inc -I../Drivers/STM32F4xx_HAL_Driver/Inc/Legacy -I../Drivers/CMSIS/Device/ST/STM32F4xx/Include -I../Drivers/CMSIS/Include -I"D:/Desktop/Mobile_CDPR/STM32/STM32/User/Inc" -I../USB_DEVICE/App -I../USB_DEVICE/Target -I../Middlewares/ST/STM32_USB_Device_Library/Core/Inc -I../Middlewares/ST/STM32_USB_Device_Library/Class/CDC/Inc -I../Middlewares/Third_Party/FreeRTOS/Source/include -I../Middlewares/Third_Party/FreeRTOS/Source/CMSIS_RTOS -I../Middlewares/Third_Party/FreeRTOS/Source/portable/GCC/ARM_CM4F -O0 -ffunction-sections -fdata-sections -Wall -fstack-usage -fcyclomatic-complexity -MMD -MP -MF"Core/Src/usart.d" -MT"Core/Src/usart.o" --specs=nano.specs -mfpu=fpv4-sp-d16 -mfloat-abi=hard -mthumb -o "Core/Src/usart.o"
arm-none-eabi-gcc -o "STM32.elf" @"objects.list"   -mcpu=cortex-m4 -T"D:\Desktop\Mobile_CDPR\STM32\STM32\STM32F446RCTX_FLASH.ld" --specs=nosys.specs -Wl,-Map="STM32.map" -Wl,--gc-sections -static --specs=nano.specs -mfpu=fpv4-sp-d16 -mfloat-abi=hard -mthumb -u _printf_float -u _scanf_float -Wl,--start-group -lc -lm -Wl,--end-group
宸茬粨鏉熸瀯寤虹洰鏍囷細 STM32.elf
 
arm-none-eabi-size  STM32.elf 
arm-none-eabi-objdump -h -S STM32.elf  > "STM32.list"
   text	   data	    bss	    dec	    hex	filename
  75896	    736	  12192	  88824	  15af8	STM32.elf
宸茬粨鏉熸瀯寤猴細 default.size.stdout
 
宸茬粨鏉熸瀯寤猴細 STM32.list
 

22:54:16 构建完成。 0错误，0警告。(使用3s.558ms)

