Archive member included to satisfy reference by file (symbol)

D:/software/cubeide/STM32CubeIDE_1.15.1/STM32CubeIDE/plugins/com.st.stm32cube.ide.mcu.externaltools.gnu-tools-for-stm32.12.3.rel1.win32_1.0.100.202403111256/tools/bin/../lib/gcc/arm-none-eabi/12.3.1/../../../../arm-none-eabi/lib/thumb/v7e-m+fp/hard\libc_nano.a(libc_a-atof.o)
                              ./User/Src/traj.o (atof)
D:/software/cubeide/STM32CubeIDE_1.15.1/STM32CubeIDE/plugins/com.st.stm32cube.ide.mcu.externaltools.gnu-tools-for-stm32.12.3.rel1.win32_1.0.100.202403111256/tools/bin/../lib/gcc/arm-none-eabi/12.3.1/../../../../arm-none-eabi/lib/thumb/v7e-m+fp/hard\libc_nano.a(libc_a-exit.o)
                              D:/software/cubeide/STM32CubeIDE_1.15.1/STM32CubeIDE/plugins/com.st.stm32cube.ide.mcu.externaltools.gnu-tools-for-stm32.12.3.rel1.win32_1.0.100.202403111256/tools/bin/../lib/gcc/arm-none-eabi/12.3.1/../../../../arm-none-eabi/lib/thumb/v7e-m+fp/hard/crt0.o (exit)
D:/software/cubeide/STM32CubeIDE_1.15.1/STM32CubeIDE/plugins/com.st.stm32cube.ide.mcu.externaltools.gnu-tools-for-stm32.12.3.rel1.win32_1.0.100.202403111256/tools/bin/../lib/gcc/arm-none-eabi/12.3.1/../../../../arm-none-eabi/lib/thumb/v7e-m+fp/hard\libc_nano.a(libc_a-malloc.o)
                              ./User/Src/maxon_re35.o (malloc)
D:/software/cubeide/STM32CubeIDE_1.15.1/STM32CubeIDE/plugins/com.st.stm32cube.ide.mcu.externaltools.gnu-tools-for-stm32.12.3.rel1.win32_1.0.100.202403111256/tools/bin/../lib/gcc/arm-none-eabi/12.3.1/../../../../arm-none-eabi/lib/thumb/v7e-m+fp/hard\libc_nano.a(libc_a-mallocr.o)
                              D:/software/cubeide/STM32CubeIDE_1.15.1/STM32CubeIDE/plugins/com.st.stm32cube.ide.mcu.externaltools.gnu-tools-for-stm32.12.3.rel1.win32_1.0.100.202403111256/tools/bin/../lib/gcc/arm-none-eabi/12.3.1/../../../../arm-none-eabi/lib/thumb/v7e-m+fp/hard\libc_nano.a(libc_a-malloc.o) (_malloc_r)
D:/software/cubeide/STM32CubeIDE_1.15.1/STM32CubeIDE/plugins/com.st.stm32cube.ide.mcu.externaltools.gnu-tools-for-stm32.12.3.rel1.win32_1.0.100.202403111256/tools/bin/../lib/gcc/arm-none-eabi/12.3.1/../../../../arm-none-eabi/lib/thumb/v7e-m+fp/hard\libc_nano.a(libc_a-mlock.o)
                              D:/software/cubeide/STM32CubeIDE_1.15.1/STM32CubeIDE/plugins/com.st.stm32cube.ide.mcu.externaltools.gnu-tools-for-stm32.12.3.rel1.win32_1.0.100.202403111256/tools/bin/../lib/gcc/arm-none-eabi/12.3.1/../../../../arm-none-eabi/lib/thumb/v7e-m+fp/hard\libc_nano.a(libc_a-mallocr.o) (__malloc_lock)
D:/software/cubeide/STM32CubeIDE_1.15.1/STM32CubeIDE/plugins/com.st.stm32cube.ide.mcu.externaltools.gnu-tools-for-stm32.12.3.rel1.win32_1.0.100.202403111256/tools/bin/../lib/gcc/arm-none-eabi/12.3.1/../../../../arm-none-eabi/lib/thumb/v7e-m+fp/hard\libc_nano.a(libc_a-realloc.o)
                              ./User/Src/traj.o (realloc)
D:/software/cubeide/STM32CubeIDE_1.15.1/STM32CubeIDE/plugins/com.st.stm32cube.ide.mcu.externaltools.gnu-tools-for-stm32.12.3.rel1.win32_1.0.100.202403111256/tools/bin/../lib/gcc/arm-none-eabi/12.3.1/../../../../arm-none-eabi/lib/thumb/v7e-m+fp/hard\libc_nano.a(libc_a-reallocr.o)
                              D:/software/cubeide/STM32CubeIDE_1.15.1/STM32CubeIDE/plugins/com.st.stm32cube.ide.mcu.externaltools.gnu-tools-for-stm32.12.3.rel1.win32_1.0.100.202403111256/tools/bin/../lib/gcc/arm-none-eabi/12.3.1/../../../../arm-none-eabi/lib/thumb/v7e-m+fp/hard\libc_nano.a(libc_a-realloc.o) (_realloc_r)
D:/software/cubeide/STM32CubeIDE_1.15.1/STM32CubeIDE/plugins/com.st.stm32cube.ide.mcu.externaltools.gnu-tools-for-stm32.12.3.rel1.win32_1.0.100.202403111256/tools/bin/../lib/gcc/arm-none-eabi/12.3.1/../../../../arm-none-eabi/lib/thumb/v7e-m+fp/hard\libc_nano.a(libc_a-strtod.o)
                              D:/software/cubeide/STM32CubeIDE_1.15.1/STM32CubeIDE/plugins/com.st.stm32cube.ide.mcu.externaltools.gnu-tools-for-stm32.12.3.rel1.win32_1.0.100.202403111256/tools/bin/../lib/gcc/arm-none-eabi/12.3.1/../../../../arm-none-eabi/lib/thumb/v7e-m+fp/hard\libc_nano.a(libc_a-atof.o) (strtod)
D:/software/cubeide/STM32CubeIDE_1.15.1/STM32CubeIDE/plugins/com.st.stm32cube.ide.mcu.externaltools.gnu-tools-for-stm32.12.3.rel1.win32_1.0.100.202403111256/tools/bin/../lib/gcc/arm-none-eabi/12.3.1/../../../../arm-none-eabi/lib/thumb/v7e-m+fp/hard\libc_nano.a(libc_a-nano-vfprintf_float.o)
                              (_printf_float)
D:/software/cubeide/STM32CubeIDE_1.15.1/STM32CubeIDE/plugins/com.st.stm32cube.ide.mcu.externaltools.gnu-tools-for-stm32.12.3.rel1.win32_1.0.100.202403111256/tools/bin/../lib/gcc/arm-none-eabi/12.3.1/../../../../arm-none-eabi/lib/thumb/v7e-m+fp/hard\libc_nano.a(libc_a-nano-vfprintf_i.o)
                              D:/software/cubeide/STM32CubeIDE_1.15.1/STM32CubeIDE/plugins/com.st.stm32cube.ide.mcu.externaltools.gnu-tools-for-stm32.12.3.rel1.win32_1.0.100.202403111256/tools/bin/../lib/gcc/arm-none-eabi/12.3.1/../../../../arm-none-eabi/lib/thumb/v7e-m+fp/hard\libc_nano.a(libc_a-nano-vfprintf_float.o) (_printf_common)
[...]
Memory Configuration

Name             Origin             Length             Attributes
RAM              0x20000000         0x00020000         xrw
FLASH            0x08000000         0x00040000         xr
*default*        0x00000000         0xffffffff

Linker script and memory map

LOAD D:/software/cubeide/STM32CubeIDE_1.15.1/STM32CubeIDE/plugins/com.st.stm32cube.ide.mcu.externaltools.gnu-tools-for-stm32.12.3.rel1.win32_1.0.100.202403111256/tools/bin/../lib/gcc/arm-none-eabi/12.3.1/thumb/v7e-m+fp/hard/crti.o
LOAD D:/software/cubeide/STM32CubeIDE_1.15.1/STM32CubeIDE/plugins/com.st.stm32cube.ide.mcu.externaltools.gnu-tools-for-stm32.12.3.rel1.win32_1.0.100.202403111256/tools/bin/../lib/gcc/arm-none-eabi/12.3.1/thumb/v7e-m+fp/hard/crtbegin.o
LOAD D:/software/cubeide/STM32CubeIDE_1.15.1/STM32CubeIDE/plugins/com.st.stm32cube.ide.mcu.externaltools.gnu-tools-for-stm32.12.3.rel1.win32_1.0.100.202403111256/tools/bin/../lib/gcc/arm-none-eabi/12.3.1/../../../../arm-none-eabi/lib/thumb/v7e-m+fp/hard/crt0.o
LOAD ./Core/Src/can.o
LOAD ./Core/Src/dma.o
LOAD ./Core/Src/freertos.o
LOAD ./Core/Src/gpio.o
LOAD ./Core/Src/main.o
LOAD ./Core/Src/stm32f4xx_hal_msp.o
LOAD ./Core/Src/stm32f4xx_hal_timebase_tim.o
LOAD ./Core/Src/stm32f4xx_it.o
LOAD ./Core/Src/syscalls.o
LOAD ./Core/Src/sysmem.o
LOAD ./Core/Src/system_stm32f4xx.o
LOAD ./Core/Src/usart.o
LOAD ./Core/Startup/startup_stm32f446rctx.o
LOAD ./Drivers/STM32F4xx_HAL_Driver/Src/stm32f4xx_hal.o
LOAD ./Drivers/STM32F4xx_HAL_Driver/Src/stm32f4xx_hal_can.o
LOAD ./Drivers/STM32F4xx_HAL_Driver/Src/stm32f4xx_hal_cortex.o
LOAD ./Drivers/STM32F4xx_HAL_Driver/Src/stm32f4xx_hal_dma.o
LOAD ./Drivers/STM32F4xx_HAL_Driver/Src/stm32f4xx_hal_dma_ex.o
LOAD ./Drivers/STM32F4xx_HAL_Driver/Src/stm32f4xx_hal_exti.o
LOAD ./Drivers/STM32F4xx_HAL_Driver/Src/stm32f4xx_hal_flash.o
LOAD ./Drivers/STM32F4xx_HAL_Driver/Src/stm32f4xx_hal_flash_ex.o
LOAD ./Drivers/STM32F4xx_HAL_Driver/Src/stm32f4xx_hal_flash_ramfunc.o
LOAD ./Drivers/STM32F4xx_HAL_Driver/Src/stm32f4xx_hal_gpio.o
LOAD ./Drivers/STM32F4xx_HAL_Driver/Src/stm32f4xx_hal_pcd.o
LOAD ./Drivers/STM32F4xx_HAL_Driver/Src/stm32f4xx_hal_pcd_ex.o
LOAD ./Drivers/STM32F4xx_HAL_Driver/Src/stm32f4xx_hal_pwr.o
LOAD ./Drivers/STM32F4xx_HAL_Driver/Src/stm32f4xx_hal_pwr_ex.o
LOAD ./Drivers/STM32F4xx_HAL_Driver/Src/stm32f4xx_hal_rcc.o
LOAD ./Drivers/STM32F4xx_HAL_Driver/Src/stm32f4xx_hal_rcc_ex.o
LOAD ./Drivers/STM32F4xx_HAL_Driver/Src/stm32f4xx_hal_tim.o
LOAD ./Drivers/STM32F4xx_HAL_Driver/Src/stm32f4xx_hal_tim_ex.o
LOAD ./Drivers/STM32F4xx_HAL_Driver/Src/stm32f4xx_hal_uart.o
LOAD ./Drivers/STM32F4xx_HAL_Driver/Src/stm32f4xx_ll_usb.o
LOAD ./Middlewares/ST/STM32_USB_Device_Library/Class/CDC/Src/usbd_cdc.o
LOAD ./Middlewares/ST/STM32_USB_Device_Library/Core/Src/usbd_core.o
LOAD ./Middlewares/ST/STM32_USB_Device_Library/Core/Src/usbd_ctlreq.o
LOAD ./Middlewares/ST/STM32_USB_Device_Library/Core/Src/usbd_ioreq.o
LOAD ./Middlewares/Third_Party/FreeRTOS/Source/CMSIS_RTOS/cmsis_os.o
LOAD ./Middlewares/Third_Party/FreeRTOS/Source/croutine.o
LOAD ./Middlewares/Third_Party/FreeRTOS/Source/event_groups.o
LOAD ./Middlewares/Third_Party/FreeRTOS/Source/list.o
LOAD ./Middlewares/Third_Party/FreeRTOS/Source/queue.o
LOAD ./Middlewares/Third_Party/FreeRTOS/Source/stream_buffer.o
LOAD ./Middlewares/Third_Party/FreeRTOS/Source/tasks.o
LOAD ./Middlewares/Third_Party/FreeRTOS/Source/timers.o
LOAD ./Middlewares/Third_Party/FreeRTOS/Source/portable/GCC/ARM_CM4F/port.o
LOAD ./Middlewares/Third_Party/FreeRTOS/Source/portable/MemMang/heap_4.o
LOAD ./USB_DEVICE/App/usb_device.o
LOAD ./USB_DEVICE/App/usbd_cdc_if.o
LOAD ./USB_DEVICE/App/usbd_desc.o
LOAD ./USB_DEVICE/Target/usbd_conf.o
LOAD ./User/Src/CDC_msg.o
LOAD ./User/Src/board.o
LOAD ./User/Src/bsp.o
LOAD ./User/Src/maxon_re35.o
LOAD ./User/Src/traj.o
LOAD ./User/Src/unitree_a1.o
LOAD ./User/Src/unitree_go.o
LOAD ./User/Src/utilities.o
START GROUP
LOAD D:/software/cubeide/STM32CubeIDE_1.15.1/STM32CubeIDE/plugins/com.st.stm32cube.ide.mcu.externaltools.gnu-tools-for-stm32.12.3.rel1.win32_1.0.100.202403111256/tools/bin/../lib/gcc/arm-none-eabi/12.3.1/../../../../arm-none-eabi/lib/thumb/v7e-m+fp/hard\libc_nano.a
LOAD D:/software/cubeide/STM32CubeIDE_1.15.1/STM32CubeIDE/plugins/com.st.stm32cube.ide.mcu.externaltools.gnu-tools-for-stm32.12.3.rel1.win32_1.0.100.202403111256/tools/bin/../lib/gcc/arm-none-eabi/12.3.1/../../../../arm-none-eabi/lib/thumb/v7e-m+fp/hard\libm.a
END GROUP
START GROUP
LOAD D:/software/cubeide/STM32CubeIDE_1.15.1/STM32CubeIDE/plugins/com.st.stm32cube.ide.mcu.externaltools.gnu-tools-for-stm32.12.3.rel1.win32_1.0.100.202403111256/tools/bin/../lib/gcc/arm-none-eabi/12.3.1/thumb/v7e-m+fp/hard\libgcc.a
LOAD D:/software/cubeide/STM32CubeIDE_1.15.1/STM32CubeIDE/plugins/com.st.stm32cube.ide.mcu.externaltools.gnu-tools-for-stm32.12.3.rel1.win32_1.0.100.202403111256/tools/bin/../lib/gcc/arm-none-eabi/12.3.1/../../../../arm-none-eabi/lib/thumb/v7e-m+fp/hard\libc_nano.a
END GROUP
START GROUP
LOAD D:/software/cubeide/STM32CubeIDE_1.15.1/STM32CubeIDE/plugins/com.st.stm32cube.ide.mcu.externaltools.gnu-tools-for-stm32.12.3.rel1.win32_1.0.100.202403111256/tools/bin/../lib/gcc/arm-none-eabi/12.3.1/thumb/v7e-m+fp/hard\libgcc.a
LOAD D:/software/cubeide/STM32CubeIDE_1.15.1/STM32CubeIDE/plugins/com.st.stm32cube.ide.mcu.externaltools.gnu-tools-for-stm32.12.3.rel1.win32_1.0.100.202403111256/tools/bin/../lib/gcc/arm-none-eabi/12.3.1/../../../../arm-none-eabi/lib/thumb/v7e-m+fp/hard\libc_nano.a
LOAD D:/software/cubeide/STM32CubeIDE_1.15.1/STM32CubeIDE/plugins/com.st.stm32cube.ide.mcu.externaltools.gnu-tools-for-stm32.12.3.rel1.win32_1.0.100.202403111256/tools/bin/../lib/gcc/arm-none-eabi/12.3.1/../../../../arm-none-eabi/lib/thumb/v7e-m+fp/hard\libnosys.a
END GROUP
START GROUP
LOAD D:/software/cubeide/STM32CubeIDE_1.15.1/STM32CubeIDE/plugins/com.st.stm32cube.ide.mcu.externaltools.gnu-tools-for-stm32.12.3.rel1.win32_1.0.100.202403111256/tools/bin/../lib/gcc/arm-none-eabi/12.3.1/thumb/v7e-m+fp/hard\libgcc.a
LOAD D:/software/cubeide/STM32CubeIDE_1.15.1/STM32CubeIDE/plugins/com.st.stm32cube.ide.mcu.externaltools.gnu-tools-for-stm32.12.3.rel1.win32_1.0.100.202403111256/tools/bin/../lib/gcc/arm-none-eabi/12.3.1/../../../../arm-none-eabi/lib/thumb/v7e-m+fp/hard\libc_nano.a
LOAD D:/software/cubeide/STM32CubeIDE_1.15.1/STM32CubeIDE/plugins/com.st.stm32cube.ide.mcu.externaltools.gnu-tools-for-stm32.12.3.rel1.win32_1.0.100.202403111256/tools/bin/../lib/gcc/arm-none-eabi/12.3.1/../../../../arm-none-eabi/lib/thumb/v7e-m+fp/hard\libnosys.a
END GROUP
LOAD D:/software/cubeide/STM32CubeIDE_1.15.1/STM32CubeIDE/plugins/com.st.stm32cube.ide.mcu.externaltools.gnu-tools-for-stm32.12.3.rel1.win32_1.0.100.202403111256/tools/bin/../lib/gcc/arm-none-eabi/12.3.1/thumb/v7e-m+fp/hard/crtend.o
LOAD D:/software/cubeide/STM32CubeIDE_1.15.1/STM32CubeIDE/plugins/com.st.stm32cube.ide.mcu.externaltools.gnu-tools-for-stm32.12.3.rel1.win32_1.0.100.202403111256/tools/bin/../lib/gcc/arm-none-eabi/12.3.1/thumb/v7e-m+fp/hard/crtn.o
                0x20020000                        _estack = (ORIGIN (RAM) + LENGTH (RAM))
                0x00000400                        _Min_Heap_Size = 0x400
                0x00000800                        _Min_Stack_Size = 0x800

.isr_vector     0x08000000      0x1c4
                0x08000000                        . = ALIGN (0x4)
 *(.isr_vector)
 .isr_vector    0x08000000      0x1c4 ./Core/Startup/startup_stm32f446rctx.o
                0x08000000                g_pfnVectors
                0x080001c4                        . = ALIGN (0x4)

.text           0x080001d0    0x11ff0
                0x080001d0                        . = ALIGN (0x4)
 *(.text)
 .text          0x080001d0       0x40 D:/software/cubeide/STM32CubeIDE_1.15.1/STM32CubeIDE/plugins/com.st.stm32cube.ide.mcu.externaltools.gnu-tools-for-stm32.12.3.rel1.win32_1.0.100.202403111256/tools/bin/../lib/gcc/arm-none-eabi/12.3.1/thumb/v7e-m+fp/hard/crtbegin.o
 .text          0x08000210       0xa0 D:/software/cubeide/STM32CubeIDE_1.15.1/STM32CubeIDE/plugins/com.st.stm32cube.ide.mcu.externaltools.gnu-tools-for-stm32.12.3.rel1.win32_1.0.100.202403111256/tools/bin/../lib/gcc/arm-none-eabi/12.3.1/../../../../arm-none-eabi/lib/thumb/v7e-m+fp/hard\libc_nano.a(libc_a-memchr.o)
                0x08000210                memchr
 .text          0x080002b0       0x10 D:/software/cubeide/STM32CubeIDE_1.15.1/STM32CubeIDE/plugins/com.st.stm32cube.ide.mcu.externaltools.gnu-tools-for-stm32.12.3.rel1.win32_1.0.100.202403111256/tools/bin/../lib/gcc/arm-none-eabi/12.3.1/../../../../arm-none-eabi/lib/thumb/v7e-m+fp/hard\libc_nano.a(libc_a-strlen.o)
                0x080002b0                strlen
 .text          0x080002c0      0x378 D:/software/cubeide/STM32CubeIDE_1.15.1/STM32CubeIDE/plugins/com.st.stm32cube.ide.mcu.externaltools.gnu-tools-for-stm32.12.3.rel1.win32_1.0.100.202403111256/tools/bin/../lib/gcc/arm-none-eabi/12.3.1/thumb/v7e-m+fp/hard\libgcc.a(_arm_addsubdf3.o)
                0x080002c0                __aeabi_drsub
                0x080002c8                __aeabi_dsub
                0x080002c8                __subdf3
                0x080002cc                __aeabi_dadd
                0x080002cc                __adddf3
                0x08000544                __floatunsidf
                0x08000544                __aeabi_ui2d
                0x08000564                __floatsidf
                0x08000564                __aeabi_i2d
                0x08000588                __aeabi_f2d
                0x08000588                __extendsfdf2
                0x080005cc                __floatundidf
                0x080005cc                __aeabi_ul2d
                0x080005dc                __floatdidf
                0x080005dc                __aeabi_l2d
 .text          0x08000638      0x424 D:/software/cubeide/STM32CubeIDE_1.15.1/STM32CubeIDE/plugins/com.st.stm32cube.ide.mcu.externaltools.gnu-tools-for-stm32.12.3.rel1.win32_1.0.100.202403111256/tools/bin/../lib/gcc/arm-none-eabi/12.3.1/thumb/v7e-m+fp/hard\libgcc.a(_arm_muldivdf3.o)
                0x08000638                __aeabi_dmul
                0x08000638                __muldf3
                0x0800088c                __divdf3
                0x0800088c                __aeabi_ddiv
 .text          0x08000a5c      0x110 D:/software/cubeide/STM32CubeIDE_1.15.1/STM32CubeIDE/plugins/com.st.stm32cube.ide.mcu.externaltools.gnu-tools-for-stm32.12.3.rel1.win32_1.0.100.202403111256/tools/bin/../lib/gcc/arm-none-eabi/12.3.1/thumb/v7e-m+fp/hard\libgcc.a(_arm_cmpdf2.o)
                0x08000a5c                __gtdf2
                0x08000a5c                __gedf2
                0x08000a64                __ltdf2
                0x08000a64                __ledf2
                0x08000a6c                __nedf2
                0x08000a6c                __eqdf2
                0x08000a6c                __cmpdf2
                0x08000ae8                __aeabi_cdrcmple
                0x08000af8                __aeabi_cdcmpeq
                0x08000af8                __aeabi_cdcmple
                0x08000b08                __aeabi_dcmpeq
                0x08000b1c                __aeabi_dcmplt
                0x08000b30                __aeabi_dcmple
                0x08000b44                __aeabi_dcmpge
                0x08000b58                __aeabi_dcmpgt
 .text          0x08000b6c       0x2c D:/software/cubeide/STM32CubeIDE_1.15.1/STM32CubeIDE/plugins/com.st.stm32cube.ide.mcu.externaltools.gnu-tools-for-stm32.12.3.rel1.win32_1.0.100.202403111256/tools/bin/../lib/gcc/arm-none-eabi/12.3.1/thumb/v7e-m+fp/hard\libgcc.a(_arm_unorddf2.o)
                0x08000b6c                __unorddf2
                0x08000b6c                __aeabi_dcmpun
 .text          0x08000b98       0x50 D:/software/cubeide/STM32CubeIDE_1.15.1/STM32CubeIDE/plugins/com.st.stm32cube.ide.mcu.externaltools.gnu-tools-for-stm32.12.3.rel1.win32_1.0.100.202403111256/tools/bin/../lib/gcc/arm-none-eabi/12.3.1/thumb/v7e-m+fp/hard\libgcc.a(_arm_fixdfsi.o)
                0x08000b98                __aeabi_d2iz
                0x08000b98                __fixdfsi
 .text          0x08000be8       0x40 D:/software/cubeide/STM32CubeIDE_1.15.1/STM32CubeIDE/plugins/com.st.stm32cube.ide.mcu.externaltools.gnu-tools-for-stm32.12.3.rel1.win32_1.0.100.202403111256/tools/bin/../lib/gcc/arm-none-eabi/12.3.1/thumb/v7e-m+fp/hard\libgcc.a(_arm_fixunsdfsi.o)
                0x08000be8                __aeabi_d2uiz
                0x08000be8                __fixunsdfsi
 .text          0x08000c28       0xa0 D:/software/cubeide/STM32CubeIDE_1.15.1/STM32CubeIDE/plugins/com.st.stm32cube.ide.mcu.externaltools.gnu-tools-for-stm32.12.3.rel1.win32_1.0.100.202403111256/tools/bin/../lib/gcc/arm-none-eabi/12.3.1/thumb/v7e-m+fp/hard\libgcc.a(_arm_truncdfsf2.o)
                0x08000c28                __truncdfsf2
                0x08000c28                __aeabi_d2f
 .text          0x08000cc8       0x30 D:/software/cubeide/STM32CubeIDE_1.15.1/STM32CubeIDE/plugins/com.st.stm32cube.ide.mcu.externaltools.gnu-tools-for-stm32.12.3.rel1.win32_1.0.100.202403111256/tools/bin/../lib/gcc/arm-none-eabi/12.3.1/thumb/v7e-m+fp/hard\libgcc.a(_aeabi_uldivmod.o)
                0x08000cc8                __aeabi_uldivmod
 .text          0x08000cf8       0x30 D:/software/cubeide/STM32CubeIDE_1.15.1/STM32CubeIDE/plugins/com.st.stm32cube.ide.mcu.externaltools.gnu-tools-for-stm32.12.3.rel1.win32_1.0.100.202403111256/tools/bin/../lib/gcc/arm-none-eabi/12.3.1/thumb/v7e-m+fp/hard\libgcc.a(_fixdfdi.o)
                0x08000cf8                __fixdfdi
                0x08000cf8                __aeabi_d2lz
 .text          0x08000d28       0x3c D:/software/cubeide/STM32CubeIDE_1.15.1/STM32CubeIDE/plugins/com.st.stm32cube.ide.mcu.externaltools.gnu-tools-for-stm32.12.3.rel1.win32_1.0.100.202403111256/tools/bin/../lib/gcc/arm-none-eabi/12.3.1/thumb/v7e-m+fp/hard\libgcc.a(_fixunsdfdi.o)
                0x08000d28                __fixunsdfdi
                0x08000d28                __aeabi_d2ulz
 .text          0x08000d64      0x2bc D:/software/cubeide/STM32CubeIDE_1.15.1/STM32CubeIDE/plugins/com.st.stm32cube.ide.mcu.externaltools.gnu-tools-for-stm32.12.3.rel1.win32_1.0.100.202403111256/tools/bin/../lib/gcc/arm-none-eabi/12.3.1/thumb/v7e-m+fp/hard\libgcc.a(_udivmoddi4.o)
                0x08000d64                __udivmoddi4
 .text          0x08001020        0x4 D:/software/cubeide/STM32CubeIDE_1.15.1/STM32CubeIDE/plugins/com.st.stm32cube.ide.mcu.externaltools.gnu-tools-for-stm32.12.3.rel1.win32_1.0.100.202403111256/tools/bin/../lib/gcc/arm-none-eabi/12.3.1/thumb/v7e-m+fp/hard\libgcc.a(_dvmd_tls.o)
                0x08001020                __aeabi_idiv0
                0x08001020                __aeabi_ldiv0
 *(.text*)
 .text.MX_CAN1_Init
                0x08001024       0x6c ./Core/Src/can.o
                0x08001024                MX_CAN1_Init
 .text.HAL_CAN_MspInit
                0x08001090       0xa0 ./Core/Src/can.o
                0x08001090                HAL_CAN_MspInit
 .text.MX_DMA_Init
                0x08001130       0x8c ./Core/Src/dma.o
                0x08001130                MX_DMA_Init
 .text.CDC_Process_Recv_Data
                0x080011bc       0x90 ./Core/Src/freertos.o
                0x080011bc                CDC_Process_Recv_Data
 .text.MX_GPIO_Init
                0x0800124c       0xf8 ./Core/Src/gpio.o
                0x0800124c                MX_GPIO_Init
 .text.main     0x08001344       0x74 ./Core/Src/main.o
                0x08001344                main
 .text.SystemClock_Config
                0x080013b8       0xd8 ./Core/Src/main.o
                0x080013b8                SystemClock_Config
 .text.HAL_TIM_PeriodElapsedCallback
                0x08001490       0x1e ./Core/Src/main.o
                0x08001490                HAL_TIM_PeriodElapsedCallback
 .text.Error_Handler
                0x080014ae        0xc ./Core/Src/main.o
                0x080014ae                Error_Handler
 *fill*         0x080014ba        0x2 
 .text.HAL_MspInit
                0x080014bc       0x58 ./Core/Src/stm32f4xx_hal_msp.o
                0x080014bc                HAL_MspInit
 .text.HAL_InitTick
                0x08001514       0xf8 ./Core/Src/stm32f4xx_hal_timebase_tim.o
                0x08001514                HAL_InitTick
 .text.NMI_Handler
                0x0800160c        0x8 ./Core/Src/stm32f4xx_it.o
                0x0800160c                NMI_Handler
 .text.HardFault_Handler
                0x08001614        0x8 ./Core/Src/stm32f4xx_it.o
                0x08001614                HardFault_Handler
 .text.MemManage_Handler
                0x0800161c        0x8 ./Core/Src/stm32f4xx_it.o
                0x0800161c                MemManage_Handler
 .text.BusFault_Handler
                0x08001624        0x8 ./Core/Src/stm32f4xx_it.o
                0x08001624                BusFault_Handler
 .text.UsageFault_Handler
                0x0800162c        0x8 ./Core/Src/stm32f4xx_it.o
                0x0800162c                UsageFault_Handler
 .text.DebugMon_Handler
                0x08001634        0xe ./Core/Src/stm32f4xx_it.o
                0x08001634                DebugMon_Handler
 *fill*         0x08001642        0x2 
 .text.DMA1_Stream5_IRQHandler
                0x08001644       0x14 ./Core/Src/stm32f4xx_it.o
                0x08001644                DMA1_Stream5_IRQHandler
 .text.DMA1_Stream6_IRQHandler
                0x08001658       0x14 ./Core/Src/stm32f4xx_it.o
                0x08001658                DMA1_Stream6_IRQHandler
 .text.CAN1_RX0_IRQHandler
                0x0800166c       0x14 ./Core/Src/stm32f4xx_it.o
                0x0800166c                CAN1_RX0_IRQHandler
 .text.TIM2_IRQHandler
                0x08001680       0x14 ./Core/Src/stm32f4xx_it.o
                0x08001680                TIM2_IRQHandler
 .text.USART1_IRQHandler
                0x08001694       0x18 ./Core/Src/stm32f4xx_it.o
                0x08001694                USART1_IRQHandler
 .text.USART2_IRQHandler
                0x080016ac       0x18 ./Core/Src/stm32f4xx_it.o
                0x080016ac                USART2_IRQHandler
 .text.DMA2_Stream2_IRQHandler
                0x080016c4       0x14 ./Core/Src/stm32f4xx_it.o
                0x080016c4                DMA2_Stream2_IRQHandler
 .text.OTG_FS_IRQHandler
                0x080016d8       0x14 ./Core/Src/stm32f4xx_it.o
                0x080016d8                OTG_FS_IRQHandler
 .text.DMA2_Stream7_IRQHandler
                0x080016ec       0x14 ./Core/Src/stm32f4xx_it.o
                0x080016ec                DMA2_Stream7_IRQHandler
 .text._getpid  0x08001700       0x10 ./Core/Src/syscalls.o
                0x08001700                _getpid
 .text._kill    0x08001710       0x20 ./Core/Src/syscalls.o
                0x08001710                _kill
 .text._exit    0x08001730       0x16 ./Core/Src/syscalls.o
                0x08001730                _exit
 .text._read    0x08001746       0x3a ./Core/Src/syscalls.o
                0x08001746                _read
 .text._write   0x08001780       0x38 ./Core/Src/syscalls.o
                0x08001780                _write
 .text._close   0x080017b8       0x18 ./Core/Src/syscalls.o
                0x080017b8                _close
 .text._fstat   0x080017d0       0x20 ./Core/Src/syscalls.o
                0x080017d0                _fstat
 .text._isatty  0x080017f0       0x16 ./Core/Src/syscalls.o
                0x080017f0                _isatty
 .text._lseek   0x08001806       0x1a ./Core/Src/syscalls.o
                0x08001806                _lseek
 .text._sbrk    0x08001820       0x6c ./Core/Src/sysmem.o
                0x08001820                _sbrk
 .text.SystemInit
                0x0800188c       0x24 ./Core/Src/system_stm32f4xx.o
                0x0800188c                SystemInit
 .text.MX_USART1_UART_Init
                0x080018b0       0x58 ./Core/Src/usart.o
                0x080018b0                MX_USART1_UART_Init
 .text.MX_USART2_UART_Init
                0x08001908       0x58 ./Core/Src/usart.o
                0x08001908                MX_USART2_UART_Init
 .text.HAL_UART_MspInit
                0x08001960      0x2b4 ./Core/Src/usart.o
                0x08001960                HAL_UART_MspInit
 .text.Reset_Handler
                0x08001c14       0x50 ./Core/Startup/startup_stm32f446rctx.o
                0x08001c14                Reset_Handler
 .text.Default_Handler
                0x08001c64        0x2 ./Core/Startup/startup_stm32f446rctx.o
                0x08001c64                RTC_Alarm_IRQHandler
                0x08001c64                EXTI2_IRQHandler
                0x08001c64                TIM8_CC_IRQHandler
                0x08001c64                FMPI2C1_EV_IRQHandler
                0x08001c64                SPI4_IRQHandler
                0x08001c64                TIM1_CC_IRQHandler
                0x08001c64                DMA2_Stream5_IRQHandler
                0x08001c64                PVD_IRQHandler
                0x08001c64                SDIO_IRQHandler
                0x08001c64                TAMP_STAMP_IRQHandler
                0x08001c64                CAN2_RX1_IRQHandler
                0x08001c64                EXTI3_IRQHandler
                0x08001c64                TIM8_TRG_COM_TIM14_IRQHandler
                0x08001c64                TIM1_UP_TIM10_IRQHandler
                0x08001c64                TIM8_UP_TIM13_IRQHandler
                0x08001c64                I2C3_ER_IRQHandler
                0x08001c64                EXTI0_IRQHandler
                0x08001c64                I2C2_EV_IRQHandler
                0x08001c64                DMA1_Stream2_IRQHandler
                0x08001c64                FPU_IRQHandler
                0x08001c64                OTG_HS_WKUP_IRQHandler
                0x08001c64                CAN2_SCE_IRQHandler
                0x08001c64                SPI1_IRQHandler
                0x08001c64                TIM6_DAC_IRQHandler
                0x08001c64                TIM1_BRK_TIM9_IRQHandler
                0x08001c64                DCMI_IRQHandler
                0x08001c64                CAN2_RX0_IRQHandler
                0x08001c64                DMA2_Stream3_IRQHandler
                0x08001c64                SAI2_IRQHandler
                0x08001c64                USART6_IRQHandler
                0x08001c64                USART3_IRQHandler
                0x08001c64                CAN1_RX1_IRQHandler
                0x08001c64                UART5_IRQHandler
                0x08001c64                DMA2_Stream0_IRQHandler
                0x08001c64                TIM4_IRQHandler
                0x08001c64                QUADSPI_IRQHandler
                0x08001c64                I2C1_EV_IRQHandler
                0x08001c64                DMA1_Stream1_IRQHandler
                0x08001c64                UART4_IRQHandler
                0x08001c64                TIM3_IRQHandler
                0x08001c64                RCC_IRQHandler
                0x08001c64                TIM8_BRK_TIM12_IRQHandler
                0x08001c64                Default_Handler
                0x08001c64                CEC_IRQHandler
                0x08001c64                EXTI15_10_IRQHandler
                0x08001c64                ADC_IRQHandler
                0x08001c64                DMA1_Stream7_IRQHandler
                0x08001c64                TIM7_IRQHandler
                0x08001c64                CAN2_TX_IRQHandler
                0x08001c64                TIM5_IRQHandler
                0x08001c64                I2C3_EV_IRQHandler
                0x08001c64                EXTI9_5_IRQHandler
                0x08001c64                RTC_WKUP_IRQHandler
                0x08001c64                SPDIF_RX_IRQHandler
                0x08001c64                SPI2_IRQHandler
                0x08001c64                OTG_HS_EP1_IN_IRQHandler
                0x08001c64                DMA1_Stream0_IRQHandler
                0x08001c64                CAN1_TX_IRQHandler
                0x08001c64                FMPI2C1_ER_IRQHandler
                0x08001c64                EXTI4_IRQHandler
                0x08001c64                OTG_HS_EP1_OUT_IRQHandler
                0x08001c64                WWDG_IRQHandler
                0x08001c64                OTG_FS_WKUP_IRQHandler
                0x08001c64                TIM1_TRG_COM_TIM11_IRQHandler
                0x08001c64                OTG_HS_IRQHandler
                0x08001c64                EXTI1_IRQHandler
                0x08001c64                I2C2_ER_IRQHandler
                0x08001c64                DMA2_Stream1_IRQHandler
                0x08001c64                CAN1_SCE_IRQHandler
                0x08001c64                FLASH_IRQHandler
                0x08001c64                DMA2_Stream4_IRQHandler
                0x08001c64                SPI3_IRQHandler
                0x08001c64                DMA1_Stream4_IRQHandler
                0x08001c64                I2C1_ER_IRQHandler
                0x08001c64                FMC_IRQHandler
                0x08001c64                DMA2_Stream6_IRQHandler
                0x08001c64                SAI1_IRQHandler
                0x08001c64                DMA1_Stream3_IRQHandler
 *fill*         0x08001c66        0x2 
 .text.HAL_Init
                0x08001c68       0x44 ./Drivers/STM32F4xx_HAL_Driver/Src/stm32f4xx_hal.o
                0x08001c68                HAL_Init
 .text.HAL_IncTick
                0x08001cac       0x28 ./Drivers/STM32F4xx_HAL_Driver/Src/stm32f4xx_hal.o
                0x08001cac                HAL_IncTick
 .text.HAL_GetTick
                0x08001cd4       0x18 ./Drivers/STM32F4xx_HAL_Driver/Src/stm32f4xx_hal.o
                0x08001cd4                HAL_GetTick
 .text.HAL_Delay
                0x08001cec       0x48 ./Drivers/STM32F4xx_HAL_Driver/Src/stm32f4xx_hal.o
                0x08001cec                HAL_Delay
 .text.HAL_CAN_Init
                0x08001d34      0x1f6 ./Drivers/STM32F4xx_HAL_Driver/Src/stm32f4xx_hal_can.o
                0x08001d34                HAL_CAN_Init
 *fill*         0x08001f2a        0x2 
 .text.HAL_CAN_ConfigFilter
                0x08001f2c      0x1c0 ./Drivers/STM32F4xx_HAL_Driver/Src/stm32f4xx_hal_can.o
                0x08001f2c                HAL_CAN_ConfigFilter
 .text.HAL_CAN_Start
                0x080020ec       0x88 ./Drivers/STM32F4xx_HAL_Driver/Src/stm32f4xx_hal_can.o
                0x080020ec                HAL_CAN_Start
 .text.HAL_CAN_AddTxMessage
                0x08002174      0x1a0 ./Drivers/STM32F4xx_HAL_Driver/Src/stm32f4xx_hal_can.o
                0x08002174                HAL_CAN_AddTxMessage
 .text.HAL_CAN_GetRxMessage
                0x08002314      0x244 ./Drivers/STM32F4xx_HAL_Driver/Src/stm32f4xx_hal_can.o
                0x08002314                HAL_CAN_GetRxMessage
 .text.HAL_CAN_ActivateNotification
                0x08002558       0x4c ./Drivers/STM32F4xx_HAL_Driver/Src/stm32f4xx_hal_can.o
                0x08002558                HAL_CAN_ActivateNotification
 .text.HAL_CAN_IRQHandler
                0x080025a4      0x36e ./Drivers/STM32F4xx_HAL_Driver/Src/stm32f4xx_hal_can.o
                0x080025a4                HAL_CAN_IRQHandler
 .text.HAL_CAN_TxMailbox0CompleteCallback
                0x08002912       0x14 ./Drivers/STM32F4xx_HAL_Driver/Src/stm32f4xx_hal_can.o
                0x08002912                HAL_CAN_TxMailbox0CompleteCallback
 .text.HAL_CAN_TxMailbox1CompleteCallback
                0x08002926       0x14 ./Drivers/STM32F4xx_HAL_Driver/Src/stm32f4xx_hal_can.o
                0x08002926                HAL_CAN_TxMailbox1CompleteCallback
 .text.HAL_CAN_TxMailbox2CompleteCallback
                0x0800293a       0x14 ./Drivers/STM32F4xx_HAL_Driver/Src/stm32f4xx_hal_can.o
                0x0800293a                HAL_CAN_TxMailbox2CompleteCallback
 .text.HAL_CAN_TxMailbox0AbortCallback
                0x0800294e       0x14 ./Drivers/STM32F4xx_HAL_Driver/Src/stm32f4xx_hal_can.o
                0x0800294e                HAL_CAN_TxMailbox0AbortCallback
 .text.HAL_CAN_TxMailbox1AbortCallback
                0x08002962       0x14 ./Drivers/STM32F4xx_HAL_Driver/Src/stm32f4xx_hal_can.o
                0x08002962                HAL_CAN_TxMailbox1AbortCallback
 .text.HAL_CAN_TxMailbox2AbortCallback
                0x08002976       0x14 ./Drivers/STM32F4xx_HAL_Driver/Src/stm32f4xx_hal_can.o
                0x08002976                HAL_CAN_TxMailbox2AbortCallback
 .text.HAL_CAN_RxFifo0FullCallback
                0x0800298a       0x14 ./Drivers/STM32F4xx_HAL_Driver/Src/stm32f4xx_hal_can.o
                0x0800298a                HAL_CAN_RxFifo0FullCallback
 .text.HAL_CAN_RxFifo1MsgPendingCallback
                0x0800299e       0x14 ./Drivers/STM32F4xx_HAL_Driver/Src/stm32f4xx_hal_can.o
                0x0800299e                HAL_CAN_RxFifo1MsgPendingCallback
 .text.HAL_CAN_RxFifo1FullCallback
                0x080029b2       0x14 ./Drivers/STM32F4xx_HAL_Driver/Src/stm32f4xx_hal_can.o
                0x080029b2                HAL_CAN_RxFifo1FullCallback
 .text.HAL_CAN_SleepCallback
                0x080029c6       0x14 ./Drivers/STM32F4xx_HAL_Driver/Src/stm32f4xx_hal_can.o
                0x080029c6                HAL_CAN_SleepCallback
 .text.HAL_CAN_WakeUpFromRxMsgCallback
                0x080029da       0x14 ./Drivers/STM32F4xx_HAL_Driver/Src/stm32f4xx_hal_can.o
                0x080029da                HAL_CAN_WakeUpFromRxMsgCallback
 .text.HAL_CAN_ErrorCallback
                0x080029ee       0x14 ./Drivers/STM32F4xx_HAL_Driver/Src/stm32f4xx_hal_can.o
                0x080029ee                HAL_CAN_ErrorCallback
 *fill*         0x08002a02        0x2 
 .text.__NVIC_SetPriorityGrouping
                0x08002a04       0x48 ./Drivers/STM32F4xx_HAL_Driver/Src/stm32f4xx_hal_cortex.o
 .text.__NVIC_GetPriorityGrouping
                0x08002a4c       0x1c ./Drivers/STM32F4xx_HAL_Driver/Src/stm32f4xx_hal_cortex.o
 .text.__NVIC_EnableIRQ
                0x08002a68       0x3c ./Drivers/STM32F4xx_HAL_Driver/Src/stm32f4xx_hal_cortex.o
 .text.__NVIC_SetPriority
                0x08002aa4       0x54 ./Drivers/STM32F4xx_HAL_Driver/Src/stm32f4xx_hal_cortex.o
 .text.NVIC_EncodePriority
                0x08002af8       0x66 ./Drivers/STM32F4xx_HAL_Driver/Src/stm32f4xx_hal_cortex.o
 .text.HAL_NVIC_SetPriorityGrouping
                0x08002b5e       0x16 ./Drivers/STM32F4xx_HAL_Driver/Src/stm32f4xx_hal_cortex.o
                0x08002b5e                HAL_NVIC_SetPriorityGrouping
 .text.HAL_NVIC_SetPriority
                0x08002b74       0x38 ./Drivers/STM32F4xx_HAL_Driver/Src/stm32f4xx_hal_cortex.o
                0x08002b74                HAL_NVIC_SetPriority
 .text.HAL_NVIC_EnableIRQ
                0x08002bac       0x1c ./Drivers/STM32F4xx_HAL_Driver/Src/stm32f4xx_hal_cortex.o
                0x08002bac                HAL_NVIC_EnableIRQ
 .text.HAL_DMA_Init
                0x08002bc8      0x15c ./Drivers/STM32F4xx_HAL_Driver/Src/stm32f4xx_hal_dma.o
                0x08002bc8                HAL_DMA_Init
 .text.HAL_DMA_Start_IT
                0x08002d24       0xb0 ./Drivers/STM32F4xx_HAL_Driver/Src/stm32f4xx_hal_dma.o
                0x08002d24                HAL_DMA_Start_IT
 .text.HAL_DMA_Abort
                0x08002dd4       0xe0 ./Drivers/STM32F4xx_HAL_Driver/Src/stm32f4xx_hal_dma.o
                0x08002dd4                HAL_DMA_Abort
 .text.HAL_DMA_Abort_IT
                0x08002eb4       0x44 ./Drivers/STM32F4xx_HAL_Driver/Src/stm32f4xx_hal_dma.o
                0x08002eb4                HAL_DMA_Abort_IT
 .text.HAL_DMA_IRQHandler
                0x08002ef8      0x314 ./Drivers/STM32F4xx_HAL_Driver/Src/stm32f4xx_hal_dma.o
                0x08002ef8                HAL_DMA_IRQHandler
 .text.DMA_SetConfig
                0x0800320c       0x5c ./Drivers/STM32F4xx_HAL_Driver/Src/stm32f4xx_hal_dma.o
 .text.DMA_CalcBaseAndBitshift
                0x08003268       0x6c ./Drivers/STM32F4xx_HAL_Driver/Src/stm32f4xx_hal_dma.o
 .text.DMA_CheckFifoParam
                0x080032d4       0xf8 ./Drivers/STM32F4xx_HAL_Driver/Src/stm32f4xx_hal_dma.o
 .text.HAL_GPIO_Init
                0x080033cc      0x328 ./Drivers/STM32F4xx_HAL_Driver/Src/stm32f4xx_hal_gpio.o
                0x080033cc                HAL_GPIO_Init
 .text.HAL_GPIO_WritePin
                0x080036f4       0x32 ./Drivers/STM32F4xx_HAL_Driver/Src/stm32f4xx_hal_gpio.o
                0x080036f4                HAL_GPIO_WritePin
 .text.HAL_GPIO_TogglePin
                0x08003726       0x34 ./Drivers/STM32F4xx_HAL_Driver/Src/stm32f4xx_hal_gpio.o
                0x08003726                HAL_GPIO_TogglePin
 .text.HAL_PCD_Init
                0x0800375a      0x22c ./Drivers/STM32F4xx_HAL_Driver/Src/stm32f4xx_hal_pcd.o
                0x0800375a                HAL_PCD_Init
 .text.HAL_PCD_Start
                0x08003986       0x6a ./Drivers/STM32F4xx_HAL_Driver/Src/stm32f4xx_hal_pcd.o
                0x08003986                HAL_PCD_Start
 .text.HAL_PCD_IRQHandler
                0x080039f0      0x99c ./Drivers/STM32F4xx_HAL_Driver/Src/stm32f4xx_hal_pcd.o
                0x080039f0                HAL_PCD_IRQHandler
 .text.HAL_PCD_SetAddress
                0x0800438c       0x48 ./Drivers/STM32F4xx_HAL_Driver/Src/stm32f4xx_hal_pcd.o
                0x0800438c                HAL_PCD_SetAddress
 .text.HAL_PCD_EP_Open
                0x080043d4       0xd0 ./Drivers/STM32F4xx_HAL_Driver/Src/stm32f4xx_hal_pcd.o
                0x080043d4                HAL_PCD_EP_Open
 .text.HAL_PCD_EP_Close
                0x080044a4       0x94 ./Drivers/STM32F4xx_HAL_Driver/Src/stm32f4xx_hal_pcd.o
                0x080044a4                HAL_PCD_EP_Close
 .text.HAL_PCD_EP_Receive
                0x08004538       0x76 ./Drivers/STM32F4xx_HAL_Driver/Src/stm32f4xx_hal_pcd.o
                0x08004538                HAL_PCD_EP_Receive
 .text.HAL_PCD_EP_GetRxCount
                0x080045ae       0x30 ./Drivers/STM32F4xx_HAL_Driver/Src/stm32f4xx_hal_pcd.o
                0x080045ae                HAL_PCD_EP_GetRxCount
 .text.HAL_PCD_EP_Transmit
                0x080045de       0x74 ./Drivers/STM32F4xx_HAL_Driver/Src/stm32f4xx_hal_pcd.o
                0x080045de                HAL_PCD_EP_Transmit
 .text.HAL_PCD_EP_SetStall
                0x08004652       0xc6 ./Drivers/STM32F4xx_HAL_Driver/Src/stm32f4xx_hal_pcd.o
                0x08004652                HAL_PCD_EP_SetStall
 .text.HAL_PCD_EP_ClrStall
                0x08004718       0xac ./Drivers/STM32F4xx_HAL_Driver/Src/stm32f4xx_hal_pcd.o
                0x08004718                HAL_PCD_EP_ClrStall
 .text.HAL_PCD_EP_Abort
                0x080047c4       0x62 ./Drivers/STM32F4xx_HAL_Driver/Src/stm32f4xx_hal_pcd.o
                0x080047c4                HAL_PCD_EP_Abort
 .text.PCD_WriteEmptyTxFifo
                0x08004826      0x118 ./Drivers/STM32F4xx_HAL_Driver/Src/stm32f4xx_hal_pcd.o
 *fill*         0x0800493e        0x2 
 .text.PCD_EP_OutXfrComplete_int
                0x08004940      0x1d0 ./Drivers/STM32F4xx_HAL_Driver/Src/stm32f4xx_hal_pcd.o
 .text.PCD_EP_OutSetupPacket_int
                0x08004b10       0x8c ./Drivers/STM32F4xx_HAL_Driver/Src/stm32f4xx_hal_pcd.o
 .text.HAL_PCDEx_SetTxFiFo
                0x08004b9c       0x8e ./Drivers/STM32F4xx_HAL_Driver/Src/stm32f4xx_hal_pcd_ex.o
                0x08004b9c                HAL_PCDEx_SetTxFiFo
 .text.HAL_PCDEx_SetRxFiFo
                0x08004c2a       0x22 ./Drivers/STM32F4xx_HAL_Driver/Src/stm32f4xx_hal_pcd_ex.o
                0x08004c2a                HAL_PCDEx_SetRxFiFo
 .text.HAL_PCDEx_ActivateLPM
                0x08004c4c       0x48 ./Drivers/STM32F4xx_HAL_Driver/Src/stm32f4xx_hal_pcd_ex.o
                0x08004c4c                HAL_PCDEx_ActivateLPM
 .text.HAL_RCC_ClockConfig
                0x08004c94      0x1cc ./Drivers/STM32F4xx_HAL_Driver/Src/stm32f4xx_hal_rcc.o
                0x08004c94                HAL_RCC_ClockConfig
 .text.HAL_RCC_GetHCLKFreq
                0x08004e60       0x18 ./Drivers/STM32F4xx_HAL_Driver/Src/stm32f4xx_hal_rcc.o
                0x08004e60                HAL_RCC_GetHCLKFreq
 .text.HAL_RCC_GetPCLK1Freq
                0x08004e78       0x28 ./Drivers/STM32F4xx_HAL_Driver/Src/stm32f4xx_hal_rcc.o
                0x08004e78                HAL_RCC_GetPCLK1Freq
 .text.HAL_RCC_GetPCLK2Freq
                0x08004ea0       0x28 ./Drivers/STM32F4xx_HAL_Driver/Src/stm32f4xx_hal_rcc.o
                0x08004ea0                HAL_RCC_GetPCLK2Freq
 .text.HAL_RCC_GetClockConfig
                0x08004ec8       0x64 ./Drivers/STM32F4xx_HAL_Driver/Src/stm32f4xx_hal_rcc.o
                0x08004ec8                HAL_RCC_GetClockConfig
 .text.HAL_RCCEx_PeriphCLKConfig
                0x08004f2c      0x654 ./Drivers/STM32F4xx_HAL_Driver/Src/stm32f4xx_hal_rcc_ex.o
                0x08004f2c                HAL_RCCEx_PeriphCLKConfig
 .text.HAL_RCC_GetSysClockFreq
                0x08005580      0x354 ./Drivers/STM32F4xx_HAL_Driver/Src/stm32f4xx_hal_rcc_ex.o
                0x08005580                HAL_RCC_GetSysClockFreq
 .text.HAL_RCC_OscConfig
                0x080058d4      0x53c ./Drivers/STM32F4xx_HAL_Driver/Src/stm32f4xx_hal_rcc_ex.o
                0x080058d4                HAL_RCC_OscConfig
 .text.HAL_TIM_Base_Init
                0x08005e10       0x9e ./Drivers/STM32F4xx_HAL_Driver/Src/stm32f4xx_hal_tim.o
                0x08005e10                HAL_TIM_Base_Init
 .text.HAL_TIM_Base_MspInit
                0x08005eae       0x14 ./Drivers/STM32F4xx_HAL_Driver/Src/stm32f4xx_hal_tim.o
                0x08005eae                HAL_TIM_Base_MspInit
 *fill*         0x08005ec2        0x2 
 .text.HAL_TIM_Base_Start_IT
                0x08005ec4       0xe0 ./Drivers/STM32F4xx_HAL_Driver/Src/stm32f4xx_hal_tim.o
                0x08005ec4                HAL_TIM_Base_Start_IT
 .text.HAL_TIM_IRQHandler
                0x08005fa4      0x1e0 ./Drivers/STM32F4xx_HAL_Driver/Src/stm32f4xx_hal_tim.o
                0x08005fa4                HAL_TIM_IRQHandler
 .text.HAL_TIM_OC_DelayElapsedCallback
                0x08006184       0x14 ./Drivers/STM32F4xx_HAL_Driver/Src/stm32f4xx_hal_tim.o
                0x08006184                HAL_TIM_OC_DelayElapsedCallback
 .text.HAL_TIM_IC_CaptureCallback
                0x08006198       0x14 ./Drivers/STM32F4xx_HAL_Driver/Src/stm32f4xx_hal_tim.o
                0x08006198                HAL_TIM_IC_CaptureCallback
 .text.HAL_TIM_PWM_PulseFinishedCallback
                0x080061ac       0x14 ./Drivers/STM32F4xx_HAL_Driver/Src/stm32f4xx_hal_tim.o
                0x080061ac                HAL_TIM_PWM_PulseFinishedCallback
 .text.HAL_TIM_TriggerCallback
                0x080061c0       0x14 ./Drivers/STM32F4xx_HAL_Driver/Src/stm32f4xx_hal_tim.o
                0x080061c0                HAL_TIM_TriggerCallback
 .text.TIM_Base_SetConfig
                0x080061d4      0x158 ./Drivers/STM32F4xx_HAL_Driver/Src/stm32f4xx_hal_tim.o
                0x080061d4                TIM_Base_SetConfig
 .text.HAL_TIMEx_CommutCallback
                0x0800632c       0x14 ./Drivers/STM32F4xx_HAL_Driver/Src/stm32f4xx_hal_tim_ex.o
                0x0800632c                HAL_TIMEx_CommutCallback
 .text.HAL_TIMEx_BreakCallback
                0x08006340       0x14 ./Drivers/STM32F4xx_HAL_Driver/Src/stm32f4xx_hal_tim_ex.o
                0x08006340                HAL_TIMEx_BreakCallback
 .text.HAL_UART_Init
                0x08006354       0xa0 ./Drivers/STM32F4xx_HAL_Driver/Src/stm32f4xx_hal_uart.o
                0x08006354                HAL_UART_Init
 .text.HAL_UART_Transmit_DMA
                0x080063f4       0xe0 ./Drivers/STM32F4xx_HAL_Driver/Src/stm32f4xx_hal_uart.o
                0x080063f4                HAL_UART_Transmit_DMA
 .text.HAL_UART_Receive_DMA
                0x080064d4       0x4a ./Drivers/STM32F4xx_HAL_Driver/Src/stm32f4xx_hal_uart.o
                0x080064d4                HAL_UART_Receive_DMA
 .text.HAL_UART_DMAStop
                0x0800651e       0xfe ./Drivers/STM32F4xx_HAL_Driver/Src/stm32f4xx_hal_uart.o
                0x0800651e                HAL_UART_DMAStop
 .text.HAL_UART_IRQHandler
                0x0800661c      0x524 ./Drivers/STM32F4xx_HAL_Driver/Src/stm32f4xx_hal_uart.o
                0x0800661c                HAL_UART_IRQHandler
 .text.HAL_UART_TxCpltCallback
                0x08006b40       0x14 ./Drivers/STM32F4xx_HAL_Driver/Src/stm32f4xx_hal_uart.o
                0x08006b40                HAL_UART_TxCpltCallback
 .text.HAL_UART_TxHalfCpltCallback
                0x08006b54       0x14 ./Drivers/STM32F4xx_HAL_Driver/Src/stm32f4xx_hal_uart.o
                0x08006b54                HAL_UART_TxHalfCpltCallback
 .text.HAL_UART_RxCpltCallback
                0x08006b68       0x14 ./Drivers/STM32F4xx_HAL_Driver/Src/stm32f4xx_hal_uart.o
                0x08006b68                HAL_UART_RxCpltCallback
 .text.HAL_UART_RxHalfCpltCallback
                0x08006b7c       0x14 ./Drivers/STM32F4xx_HAL_Driver/Src/stm32f4xx_hal_uart.o
                0x08006b7c                HAL_UART_RxHalfCpltCallback
 .text.HAL_UART_ErrorCallback
                0x08006b90       0x14 ./Drivers/STM32F4xx_HAL_Driver/Src/stm32f4xx_hal_uart.o
                0x08006b90                HAL_UART_ErrorCallback
 .text.HAL_UARTEx_RxEventCallback
                0x08006ba4       0x18 ./Drivers/STM32F4xx_HAL_Driver/Src/stm32f4xx_hal_uart.o
                0x08006ba4                HAL_UARTEx_RxEventCallback
 .text.UART_DMATransmitCplt
                0x08006bbc       0x9a ./Drivers/STM32F4xx_HAL_Driver/Src/stm32f4xx_hal_uart.o
 .text.UART_DMATxHalfCplt
                0x08006c56       0x1c ./Drivers/STM32F4xx_HAL_Driver/Src/stm32f4xx_hal_uart.o
 .text.UART_DMAReceiveCplt
                0x08006c72      0x12c ./Drivers/STM32F4xx_HAL_Driver/Src/stm32f4xx_hal_uart.o
 .text.UART_DMARxHalfCplt
                0x08006d9e       0x3c ./Drivers/STM32F4xx_HAL_Driver/Src/stm32f4xx_hal_uart.o
 .text.UART_DMAError
                0x08006dda       0x94 ./Drivers/STM32F4xx_HAL_Driver/Src/stm32f4xx_hal_uart.o
 *fill*         0x08006e6e        0x2 
 .text.UART_Start_Receive_DMA
                0x08006e70      0x134 ./Drivers/STM32F4xx_HAL_Driver/Src/stm32f4xx_hal_uart.o
                0x08006e70                UART_Start_Receive_DMA
 .text.UART_EndTxTransfer
                0x08006fa4       0x50 ./Drivers/STM32F4xx_HAL_Driver/Src/stm32f4xx_hal_uart.o
 .text.UART_EndRxTransfer
                0x08006ff4       0xc6 ./Drivers/STM32F4xx_HAL_Driver/Src/stm32f4xx_hal_uart.o
 .text.UART_DMAAbortOnError
                0x080070ba       0x28 ./Drivers/STM32F4xx_HAL_Driver/Src/stm32f4xx_hal_uart.o
 .text.UART_Transmit_IT
                0x080070e2       0xa0 ./Drivers/STM32F4xx_HAL_Driver/Src/stm32f4xx_hal_uart.o
 .text.UART_EndTransmit_IT
                0x08007182       0x30 ./Drivers/STM32F4xx_HAL_Driver/Src/stm32f4xx_hal_uart.o
 .text.UART_Receive_IT
                0x080071b2      0x17c ./Drivers/STM32F4xx_HAL_Driver/Src/stm32f4xx_hal_uart.o
 *fill*         0x0800732e        0x2 
 .text.UART_SetConfig
                0x08007330      0x4e8 ./Drivers/STM32F4xx_HAL_Driver/Src/stm32f4xx_hal_uart.o
 .text.USB_CoreInit
                0x08007818       0xc8 ./Drivers/STM32F4xx_HAL_Driver/Src/stm32f4xx_ll_usb.o
                0x08007818                USB_CoreInit
 .text.USB_SetTurnaroundTime
                0x080078e0      0x144 ./Drivers/STM32F4xx_HAL_Driver/Src/stm32f4xx_ll_usb.o
                0x080078e0                USB_SetTurnaroundTime
 .text.USB_EnableGlobalInt
                0x08007a24       0x22 ./Drivers/STM32F4xx_HAL_Driver/Src/stm32f4xx_ll_usb.o
                0x08007a24                USB_EnableGlobalInt
 .text.USB_DisableGlobalInt
                0x08007a46       0x22 ./Drivers/STM32F4xx_HAL_Driver/Src/stm32f4xx_ll_usb.o
                0x08007a46                USB_DisableGlobalInt
 .text.USB_SetCurrentMode
                0x08007a68       0x98 ./Drivers/STM32F4xx_HAL_Driver/Src/stm32f4xx_ll_usb.o
                0x08007a68                USB_SetCurrentMode
 .text.USB_DevInit
                0x08007b00      0x2bc ./Drivers/STM32F4xx_HAL_Driver/Src/stm32f4xx_ll_usb.o
                0x08007b00                USB_DevInit
 .text.USB_FlushTxFifo
                0x08007dbc       0x64 ./Drivers/STM32F4xx_HAL_Driver/Src/stm32f4xx_ll_usb.o
                0x08007dbc                USB_FlushTxFifo
 .text.USB_FlushRxFifo
                0x08007e20       0x5c ./Drivers/STM32F4xx_HAL_Driver/Src/stm32f4xx_ll_usb.o
                0x08007e20                USB_FlushRxFifo
 .text.USB_SetDevSpeed
                0x08007e7c       0x32 ./Drivers/STM32F4xx_HAL_Driver/Src/stm32f4xx_ll_usb.o
                0x08007e7c                USB_SetDevSpeed
 .text.USB_GetDevSpeed
                0x08007eae       0x4a ./Drivers/STM32F4xx_HAL_Driver/Src/stm32f4xx_ll_usb.o
                0x08007eae                USB_GetDevSpeed
 .text.USB_ActivateEndpoint
                0x08007ef8      0x10e ./Drivers/STM32F4xx_HAL_Driver/Src/stm32f4xx_ll_usb.o
                0x08007ef8                USB_ActivateEndpoint
 *fill*         0x08008006        0x2 
 .text.USB_DeactivateEndpoint
                0x08008008      0x1b8 ./Drivers/STM32F4xx_HAL_Driver/Src/stm32f4xx_ll_usb.o
                0x08008008                USB_DeactivateEndpoint
 .text.USB_EPStartXfer
                0x080081c0      0x530 ./Drivers/STM32F4xx_HAL_Driver/Src/stm32f4xx_ll_usb.o
                0x080081c0                USB_EPStartXfer
 .text.USB_EPStopXfer
                0x080086f0      0x154 ./Drivers/STM32F4xx_HAL_Driver/Src/stm32f4xx_ll_usb.o
                0x080086f0                USB_EPStopXfer
 .text.USB_WritePacket
                0x08008844       0x7c ./Drivers/STM32F4xx_HAL_Driver/Src/stm32f4xx_ll_usb.o
                0x08008844                USB_WritePacket
 .text.USB_ReadPacket
                0x080088c0       0xb0 ./Drivers/STM32F4xx_HAL_Driver/Src/stm32f4xx_ll_usb.o
                0x080088c0                USB_ReadPacket
 .text.USB_EPSetStall
                0x08008970       0xdc ./Drivers/STM32F4xx_HAL_Driver/Src/stm32f4xx_ll_usb.o
                0x08008970                USB_EPSetStall
 .text.USB_EPClearStall
                0x08008a4c       0xcc ./Drivers/STM32F4xx_HAL_Driver/Src/stm32f4xx_ll_usb.o
                0x08008a4c                USB_EPClearStall
 .text.USB_SetDevAddress
                0x08008b18       0x4c ./Drivers/STM32F4xx_HAL_Driver/Src/stm32f4xx_ll_usb.o
                0x08008b18                USB_SetDevAddress
 .text.USB_DevConnect
                0x08008b64       0x42 ./Drivers/STM32F4xx_HAL_Driver/Src/stm32f4xx_ll_usb.o
                0x08008b64                USB_DevConnect
 .text.USB_DevDisconnect
                0x08008ba6       0x42 ./Drivers/STM32F4xx_HAL_Driver/Src/stm32f4xx_ll_usb.o
                0x08008ba6                USB_DevDisconnect
 .text.USB_ReadInterrupts
                0x08008be8       0x26 ./Drivers/STM32F4xx_HAL_Driver/Src/stm32f4xx_ll_usb.o
                0x08008be8                USB_ReadInterrupts
 .text.USB_ReadDevAllOutEpInterrupt
                0x08008c0e       0x34 ./Drivers/STM32F4xx_HAL_Driver/Src/stm32f4xx_ll_usb.o
                0x08008c0e                USB_ReadDevAllOutEpInterrupt
 .text.USB_ReadDevAllInEpInterrupt
                0x08008c42       0x34 ./Drivers/STM32F4xx_HAL_Driver/Src/stm32f4xx_ll_usb.o
                0x08008c42                USB_ReadDevAllInEpInterrupt
 .text.USB_ReadDevOutEPInterrupt
                0x08008c76       0x3c ./Drivers/STM32F4xx_HAL_Driver/Src/stm32f4xx_ll_usb.o
                0x08008c76                USB_ReadDevOutEPInterrupt
 .text.USB_ReadDevInEPInterrupt
                0x08008cb2       0x5c ./Drivers/STM32F4xx_HAL_Driver/Src/stm32f4xx_ll_usb.o
                0x08008cb2                USB_ReadDevInEPInterrupt
 .text.USB_GetMode
                0x08008d0e       0x1c ./Drivers/STM32F4xx_HAL_Driver/Src/stm32f4xx_ll_usb.o
                0x08008d0e                USB_GetMode
 .text.USB_ActivateSetup
                0x08008d2a       0x46 ./Drivers/STM32F4xx_HAL_Driver/Src/stm32f4xx_ll_usb.o
                0x08008d2a                USB_ActivateSetup
 .text.USB_EP0_OutStart
                0x08008d70       0xbc ./Drivers/STM32F4xx_HAL_Driver/Src/stm32f4xx_ll_usb.o
                0x08008d70                USB_EP0_OutStart
 .text.USB_CoreReset
                0x08008e2c       0x62 ./Drivers/STM32F4xx_HAL_Driver/Src/stm32f4xx_ll_usb.o
 *fill*         0x08008e8e        0x2 
 .text.USBD_CDC_Init
                0x08008e90      0x1f0 ./Middlewares/ST/STM32_USB_Device_Library/Class/CDC/Src/usbd_cdc.o
 .text.USBD_CDC_DeInit
                0x08009080      0x104 ./Middlewares/ST/STM32_USB_Device_Library/Class/CDC/Src/usbd_cdc.o
 .text.USBD_CDC_Setup
                0x08009184      0x1b8 ./Middlewares/ST/STM32_USB_Device_Library/Class/CDC/Src/usbd_cdc.o
 .text.USBD_CDC_DataIn
                0x0800933c       0xfe ./Middlewares/ST/STM32_USB_Device_Library/Class/CDC/Src/usbd_cdc.o
 .text.USBD_CDC_DataOut
                0x0800943a       0x70 ./Middlewares/ST/STM32_USB_Device_Library/Class/CDC/Src/usbd_cdc.o
 .text.USBD_CDC_EP0_RxReady
                0x080094aa       0x74 ./Middlewares/ST/STM32_USB_Device_Library/Class/CDC/Src/usbd_cdc.o
 *fill*         0x0800951e        0x2 
 .text.USBD_CDC_GetFSCfgDesc
                0x08009520       0x70 ./Middlewares/ST/STM32_USB_Device_Library/Class/CDC/Src/usbd_cdc.o
 .text.USBD_CDC_GetHSCfgDesc
                0x08009590       0x70 ./Middlewares/ST/STM32_USB_Device_Library/Class/CDC/Src/usbd_cdc.o
 .text.USBD_CDC_GetOtherSpeedCfgDesc
                0x08009600       0x70 ./Middlewares/ST/STM32_USB_Device_Library/Class/CDC/Src/usbd_cdc.o
 .text.USBD_CDC_GetDeviceQualifierDescriptor
                0x08009670       0x20 ./Middlewares/ST/STM32_USB_Device_Library/Class/CDC/Src/usbd_cdc.o
                0x08009670                USBD_CDC_GetDeviceQualifierDescriptor
 .text.USBD_CDC_RegisterInterface
                0x08009690       0x34 ./Middlewares/ST/STM32_USB_Device_Library/Class/CDC/Src/usbd_cdc.o
                0x08009690                USBD_CDC_RegisterInterface
 .text.USBD_CDC_SetTxBuffer
                0x080096c4       0x44 ./Middlewares/ST/STM32_USB_Device_Library/Class/CDC/Src/usbd_cdc.o
                0x080096c4                USBD_CDC_SetTxBuffer
 .text.USBD_CDC_SetRxBuffer
                0x08009708       0x3a ./Middlewares/ST/STM32_USB_Device_Library/Class/CDC/Src/usbd_cdc.o
                0x08009708                USBD_CDC_SetRxBuffer
 *fill*         0x08009742        0x2 
 .text.USBD_CDC_TransmitPacket
                0x08009744       0x80 ./Middlewares/ST/STM32_USB_Device_Library/Class/CDC/Src/usbd_cdc.o
                0x08009744                USBD_CDC_TransmitPacket
 .text.USBD_CDC_ReceivePacket
                0x080097c4       0x6c ./Middlewares/ST/STM32_USB_Device_Library/Class/CDC/Src/usbd_cdc.o
                0x080097c4                USBD_CDC_ReceivePacket
 .text.USBD_Init
                0x08009830       0x60 ./Middlewares/ST/STM32_USB_Device_Library/Core/Src/usbd_core.o
                0x08009830                USBD_Init
 .text.USBD_RegisterClass
                0x08009890       0x6c ./Middlewares/ST/STM32_USB_Device_Library/Core/Src/usbd_core.o
                0x08009890                USBD_RegisterClass
 .text.USBD_Start
                0x080098fc       0x18 ./Middlewares/ST/STM32_USB_Device_Library/Core/Src/usbd_core.o
                0x080098fc                USBD_Start
 .text.USBD_RunTestMode
                0x08009914       0x16 ./Middlewares/ST/STM32_USB_Device_Library/Core/Src/usbd_core.o
                0x08009914                USBD_RunTestMode
 .text.USBD_SetClassConfig
                0x0800992a       0x38 ./Middlewares/ST/STM32_USB_Device_Library/Core/Src/usbd_core.o
                0x0800992a                USBD_SetClassConfig
 .text.USBD_ClrClassConfig
                0x08009962       0x34 ./Middlewares/ST/STM32_USB_Device_Library/Core/Src/usbd_core.o
                0x08009962                USBD_ClrClassConfig
 .text.USBD_LL_SetupStage
                0x08009996       0xaa ./Middlewares/ST/STM32_USB_Device_Library/Core/Src/usbd_core.o
                0x08009996                USBD_LL_SetupStage
 .text.USBD_LL_DataOutStage
                0x08009a40      0x166 ./Middlewares/ST/STM32_USB_Device_Library/Core/Src/usbd_core.o
                0x08009a40                USBD_LL_DataOutStage
 .text.USBD_LL_DataInStage
                0x08009ba6      0x164 ./Middlewares/ST/STM32_USB_Device_Library/Core/Src/usbd_core.o
                0x08009ba6                USBD_LL_DataInStage
 .text.USBD_LL_Reset
                0x08009d0a       0xa4 ./Middlewares/ST/STM32_USB_Device_Library/Core/Src/usbd_core.o
                0x08009d0a                USBD_LL_Reset
 .text.USBD_LL_SetSpeed
                0x08009dae       0x20 ./Middlewares/ST/STM32_USB_Device_Library/Core/Src/usbd_core.o
                0x08009dae                USBD_LL_SetSpeed
 .text.USBD_LL_Suspend
                0x08009dce       0x38 ./Middlewares/ST/STM32_USB_Device_Library/Core/Src/usbd_core.o
                0x08009dce                USBD_LL_Suspend
 .text.USBD_LL_Resume
                0x08009e06       0x30 ./Middlewares/ST/STM32_USB_Device_Library/Core/Src/usbd_core.o
                0x08009e06                USBD_LL_Resume
 .text.USBD_LL_SOF
                0x08009e36       0x40 ./Middlewares/ST/STM32_USB_Device_Library/Core/Src/usbd_core.o
                0x08009e36                USBD_LL_SOF
 .text.USBD_LL_IsoINIncomplete
                0x08009e76       0x64 ./Middlewares/ST/STM32_USB_Device_Library/Core/Src/usbd_core.o
                0x08009e76                USBD_LL_IsoINIncomplete
 .text.USBD_LL_IsoOUTIncomplete
                0x08009eda       0x64 ./Middlewares/ST/STM32_USB_Device_Library/Core/Src/usbd_core.o
                0x08009eda                USBD_LL_IsoOUTIncomplete
 .text.USBD_LL_DevConnected
                0x08009f3e       0x16 ./Middlewares/ST/STM32_USB_Device_Library/Core/Src/usbd_core.o
                0x08009f3e                USBD_LL_DevConnected
 .text.USBD_LL_DevDisconnected
                0x08009f54       0x46 ./Middlewares/ST/STM32_USB_Device_Library/Core/Src/usbd_core.o
                0x08009f54                USBD_LL_DevDisconnected
 .text.USBD_CoreFindIF
                0x08009f9a       0x1a ./Middlewares/ST/STM32_USB_Device_Library/Core/Src/usbd_core.o
                0x08009f9a                USBD_CoreFindIF
 .text.USBD_CoreFindEP
                0x08009fb4       0x1a ./Middlewares/ST/STM32_USB_Device_Library/Core/Src/usbd_core.o
                0x08009fb4                USBD_CoreFindEP
 .text.USBD_GetEpDesc
                0x08009fce       0x70 ./Middlewares/ST/STM32_USB_Device_Library/Core/Src/usbd_core.o
                0x08009fce                USBD_GetEpDesc
 .text.USBD_GetNextDesc
                0x0800a03e       0x38 ./Middlewares/ST/STM32_USB_Device_Library/Core/Src/usbd_core.o
                0x0800a03e                USBD_GetNextDesc
 .text.SWAPBYTE
                0x0800a076       0x3c ./Middlewares/ST/STM32_USB_Device_Library/Core/Src/usbd_ctlreq.o
 *fill*         0x0800a0b2        0x2 
 .text.USBD_StdDevReq
                0x0800a0b4       0xe4 ./Middlewares/ST/STM32_USB_Device_Library/Core/Src/usbd_ctlreq.o
                0x0800a0b4                USBD_StdDevReq
 .text.USBD_StdItfReq
                0x0800a198       0xd8 ./Middlewares/ST/STM32_USB_Device_Library/Core/Src/usbd_ctlreq.o
                0x0800a198                USBD_StdItfReq
 .text.USBD_StdEPReq
                0x0800a270      0x33a ./Middlewares/ST/STM32_USB_Device_Library/Core/Src/usbd_ctlreq.o
                0x0800a270                USBD_StdEPReq
 *fill*         0x0800a5aa        0x2 
 .text.USBD_GetDescriptor
                0x0800a5ac      0x328 ./Middlewares/ST/STM32_USB_Device_Library/Core/Src/usbd_ctlreq.o
 .text.USBD_SetAddress
                0x0800a8d4       0x88 ./Middlewares/ST/STM32_USB_Device_Library/Core/Src/usbd_ctlreq.o
 .text.USBD_SetConfig
                0x0800a95c      0x154 ./Middlewares/ST/STM32_USB_Device_Library/Core/Src/usbd_ctlreq.o
 .text.USBD_GetConfig
                0x0800aab0       0x6c ./Middlewares/ST/STM32_USB_Device_Library/Core/Src/usbd_ctlreq.o
 .text.USBD_GetStatus
                0x0800ab1c       0x68 ./Middlewares/ST/STM32_USB_Device_Library/Core/Src/usbd_ctlreq.o
 .text.USBD_SetFeature
                0x0800ab84       0x52 ./Middlewares/ST/STM32_USB_Device_Library/Core/Src/usbd_ctlreq.o
 .text.USBD_ClrFeature
                0x0800abd6       0x44 ./Middlewares/ST/STM32_USB_Device_Library/Core/Src/usbd_ctlreq.o
 .text.USBD_ParseSetupRequest
                0x0800ac1a       0x74 ./Middlewares/ST/STM32_USB_Device_Library/Core/Src/usbd_ctlreq.o
                0x0800ac1a                USBD_ParseSetupRequest
 .text.USBD_CtlError
                0x0800ac8e       0x22 ./Middlewares/ST/STM32_USB_Device_Library/Core/Src/usbd_ctlreq.o
                0x0800ac8e                USBD_CtlError
 .text.USBD_GetString
                0x0800acb0       0x8c ./Middlewares/ST/STM32_USB_Device_Library/Core/Src/usbd_ctlreq.o
                0x0800acb0                USBD_GetString
 .text.USBD_GetLen
                0x0800ad3c       0x34 ./Middlewares/ST/STM32_USB_Device_Library/Core/Src/usbd_ctlreq.o
 .text.USBD_CtlSendData
                0x0800ad70       0x36 ./Middlewares/ST/STM32_USB_Device_Library/Core/Src/usbd_ioreq.o
                0x0800ad70                USBD_CtlSendData
 .text.USBD_CtlContinueSendData
                0x0800ada6       0x22 ./Middlewares/ST/STM32_USB_Device_Library/Core/Src/usbd_ioreq.o
                0x0800ada6                USBD_CtlContinueSendData
 .text.USBD_CtlPrepareRx
                0x0800adc8       0x3a ./Middlewares/ST/STM32_USB_Device_Library/Core/Src/usbd_ioreq.o
                0x0800adc8                USBD_CtlPrepareRx
 .text.USBD_CtlContinueRx
                0x0800ae02       0x22 ./Middlewares/ST/STM32_USB_Device_Library/Core/Src/usbd_ioreq.o
                0x0800ae02                USBD_CtlContinueRx
 .text.USBD_CtlSendStatus
                0x0800ae24       0x26 ./Middlewares/ST/STM32_USB_Device_Library/Core/Src/usbd_ioreq.o
                0x0800ae24                USBD_CtlSendStatus
 .text.USBD_CtlReceiveStatus
                0x0800ae4a       0x26 ./Middlewares/ST/STM32_USB_Device_Library/Core/Src/usbd_ioreq.o
                0x0800ae4a                USBD_CtlReceiveStatus
 .text.inHandlerMode
                0x0800ae70       0x24 ./Middlewares/Third_Party/FreeRTOS/Source/CMSIS_RTOS/cmsis_os.o
 .text.osMessagePut
                0x0800ae94       0x80 ./Middlewares/Third_Party/FreeRTOS/Source/CMSIS_RTOS/cmsis_os.o
                0x0800ae94                osMessagePut
 .text.vListInsertEnd
                0x0800af14       0x48 ./Middlewares/Third_Party/FreeRTOS/Source/list.o
                0x0800af14                vListInsertEnd
 .text.vListInsert
                0x0800af5c       0x72 ./Middlewares/Third_Party/FreeRTOS/Source/list.o
                0x0800af5c                vListInsert
 .text.uxListRemove
                0x0800afce       0x54 ./Middlewares/Third_Party/FreeRTOS/Source/list.o
                0x0800afce                uxListRemove
 *fill*         0x0800b022        0x2 
 .text.xQueueGenericSend
                0x0800b024      0x204 ./Middlewares/Third_Party/FreeRTOS/Source/queue.o
                0x0800b024                xQueueGenericSend
 .text.xQueueGenericSendFromISR
                0x0800b228      0x13c ./Middlewares/Third_Party/FreeRTOS/Source/queue.o
                0x0800b228                xQueueGenericSendFromISR
 .text.prvCopyDataToQueue
                0x0800b364       0xd4 ./Middlewares/Third_Party/FreeRTOS/Source/queue.o
 .text.prvUnlockQueue
                0x0800b438       0xa4 ./Middlewares/Third_Party/FreeRTOS/Source/queue.o
 .text.prvIsQueueFull
                0x0800b4dc       0x30 ./Middlewares/Third_Party/FreeRTOS/Source/queue.o
 .text.vTaskSuspendAll
                0x0800b50c       0x1c ./Middlewares/Third_Party/FreeRTOS/Source/tasks.o
                0x0800b50c                vTaskSuspendAll
 .text.xTaskResumeAll
                0x0800b528      0x13c ./Middlewares/Third_Party/FreeRTOS/Source/tasks.o
                0x0800b528                xTaskResumeAll
 .text.xTaskIncrementTick
                0x0800b664      0x174 ./Middlewares/Third_Party/FreeRTOS/Source/tasks.o
                0x0800b664                xTaskIncrementTick
 .text.vTaskSwitchContext
                0x0800b7d8       0xc8 ./Middlewares/Third_Party/FreeRTOS/Source/tasks.o
                0x0800b7d8                vTaskSwitchContext
 .text.vTaskPlaceOnEventList
                0x0800b8a0       0x4c ./Middlewares/Third_Party/FreeRTOS/Source/tasks.o
                0x0800b8a0                vTaskPlaceOnEventList
 .text.xTaskRemoveFromEventList
                0x0800b8ec       0xc8 ./Middlewares/Third_Party/FreeRTOS/Source/tasks.o
                0x0800b8ec                xTaskRemoveFromEventList
 .text.vTaskInternalSetTimeOutState
                0x0800b9b4       0x2c ./Middlewares/Third_Party/FreeRTOS/Source/tasks.o
                0x0800b9b4                vTaskInternalSetTimeOutState
 .text.xTaskCheckForTimeOut
                0x0800b9e0       0xc8 ./Middlewares/Third_Party/FreeRTOS/Source/tasks.o
                0x0800b9e0                xTaskCheckForTimeOut
 .text.vTaskMissedYield
                0x0800baa8       0x18 ./Middlewares/Third_Party/FreeRTOS/Source/tasks.o
                0x0800baa8                vTaskMissedYield
 .text.prvResetNextTaskUnblockTime
                0x0800bac0       0x40 ./Middlewares/Third_Party/FreeRTOS/Source/tasks.o
 .text.xTaskGetSchedulerState
                0x0800bb00       0x3c ./Middlewares/Third_Party/FreeRTOS/Source/tasks.o
                0x0800bb00                xTaskGetSchedulerState
 .text.xTaskPriorityDisinherit
                0x0800bb3c      0x110 ./Middlewares/Third_Party/FreeRTOS/Source/tasks.o
                0x0800bb3c                xTaskPriorityDisinherit
 .text.prvAddCurrentTaskToDelayedList
                0x0800bc4c       0xcc ./Middlewares/Third_Party/FreeRTOS/Source/tasks.o
 *fill*         0x0800bd18        0x8 
 .text.SVC_Handler
                0x0800bd20       0x28 ./Middlewares/Third_Party/FreeRTOS/Source/portable/GCC/ARM_CM4F/port.o
                0x0800bd20                SVC_Handler
 .text.vPortEnterCritical
                0x0800bd48       0x64 ./Middlewares/Third_Party/FreeRTOS/Source/portable/GCC/ARM_CM4F/port.o
                0x0800bd48                vPortEnterCritical
 .text.vPortExitCritical
                0x0800bdac       0x54 ./Middlewares/Third_Party/FreeRTOS/Source/portable/GCC/ARM_CM4F/port.o
                0x0800bdac                vPortExitCritical
 .text.PendSV_Handler
                0x0800be00       0x68 ./Middlewares/Third_Party/FreeRTOS/Source/portable/GCC/ARM_CM4F/port.o
                0x0800be00                PendSV_Handler
 .text.SysTick_Handler
                0x0800be68       0x44 ./Middlewares/Third_Party/FreeRTOS/Source/portable/GCC/ARM_CM4F/port.o
                0x0800be68                SysTick_Handler
 .text.vPortValidateInterruptPriority
                0x0800beac       0x84 ./Middlewares/Third_Party/FreeRTOS/Source/portable/GCC/ARM_CM4F/port.o
                0x0800beac                vPortValidateInterruptPriority
 .text.MX_USB_DEVICE_Init
                0x0800bf30       0x60 ./USB_DEVICE/App/usb_device.o
                0x0800bf30                MX_USB_DEVICE_Init
 .text.CDC_Init_FS
                0x0800bf90       0x28 ./USB_DEVICE/App/usbd_cdc_if.o
 .text.CDC_DeInit_FS
                0x0800bfb8       0x10 ./USB_DEVICE/App/usbd_cdc_if.o
 .text.CDC_Control_FS
                0x0800bfc8      0x15c ./USB_DEVICE/App/usbd_cdc_if.o
 .text.CDC_Receive_FS
                0x0800c124       0x34 ./USB_DEVICE/App/usbd_cdc_if.o
 .text.CDC_Transmit_FS
                0x0800c158       0x4c ./USB_DEVICE/App/usbd_cdc_if.o
                0x0800c158                CDC_Transmit_FS
 .text.CDC_TransmitCplt_FS
                0x0800c1a4       0x22 ./USB_DEVICE/App/usbd_cdc_if.o
 *fill*         0x0800c1c6        0x2 
 .text.USBD_FS_DeviceDescriptor
                0x0800c1c8       0x24 ./USB_DEVICE/App/usbd_desc.o
                0x0800c1c8                USBD_FS_DeviceDescriptor
 .text.USBD_FS_LangIDStrDescriptor
                0x0800c1ec       0x24 ./USB_DEVICE/App/usbd_desc.o
                0x0800c1ec                USBD_FS_LangIDStrDescriptor
 .text.USBD_FS_ProductStrDescriptor
                0x0800c210       0x3c ./USB_DEVICE/App/usbd_desc.o
                0x0800c210                USBD_FS_ProductStrDescriptor
 .text.USBD_FS_ManufacturerStrDescriptor
                0x0800c24c       0x28 ./USB_DEVICE/App/usbd_desc.o
                0x0800c24c                USBD_FS_ManufacturerStrDescriptor
 .text.USBD_FS_SerialStrDescriptor
                0x0800c274       0x24 ./USB_DEVICE/App/usbd_desc.o
                0x0800c274                USBD_FS_SerialStrDescriptor
 .text.USBD_FS_ConfigStrDescriptor
                0x0800c298       0x3c ./USB_DEVICE/App/usbd_desc.o
                0x0800c298                USBD_FS_ConfigStrDescriptor
 .text.USBD_FS_InterfaceStrDescriptor
                0x0800c2d4       0x3c ./USB_DEVICE/App/usbd_desc.o
                0x0800c2d4                USBD_FS_InterfaceStrDescriptor
 .text.USBD_FS_USR_BOSDescriptor
                0x0800c310       0x24 ./USB_DEVICE/App/usbd_desc.o
                0x0800c310                USBD_FS_USR_BOSDescriptor
 .text.Get_SerialNum
                0x0800c334       0x58 ./USB_DEVICE/App/usbd_desc.o
 .text.IntToUnicode
                0x0800c38c       0x7e ./USB_DEVICE/App/usbd_desc.o
 *fill*         0x0800c40a        0x2 
 .text.HAL_PCD_MspInit
                0x0800c40c       0xd4 ./USB_DEVICE/Target/usbd_conf.o
                0x0800c40c                HAL_PCD_MspInit
 .text.HAL_PCD_SetupStageCallback
                0x0800c4e0       0x24 ./USB_DEVICE/Target/usbd_conf.o
                0x0800c4e0                HAL_PCD_SetupStageCallback
 .text.HAL_PCD_DataOutStageCallback
                0x0800c504       0x36 ./USB_DEVICE/Target/usbd_conf.o
                0x0800c504                HAL_PCD_DataOutStageCallback
 .text.HAL_PCD_DataInStageCallback
                0x0800c53a       0x34 ./USB_DEVICE/Target/usbd_conf.o
                0x0800c53a                HAL_PCD_DataInStageCallback
 .text.HAL_PCD_SOFCallback
                0x0800c56e       0x1c ./USB_DEVICE/Target/usbd_conf.o
                0x0800c56e                HAL_PCD_SOFCallback
 .text.HAL_PCD_ResetCallback
                0x0800c58a       0x50 ./USB_DEVICE/Target/usbd_conf.o
                0x0800c58a                HAL_PCD_ResetCallback
 *fill*         0x0800c5da        0x2 
 .text.HAL_PCD_SuspendCallback
                0x0800c5dc       0x4c ./USB_DEVICE/Target/usbd_conf.o
                0x0800c5dc                HAL_PCD_SuspendCallback
 .text.HAL_PCD_ResumeCallback
                0x0800c628       0x1c ./USB_DEVICE/Target/usbd_conf.o
                0x0800c628                HAL_PCD_ResumeCallback
 .text.HAL_PCD_ISOOUTIncompleteCallback
                0x0800c644       0x24 ./USB_DEVICE/Target/usbd_conf.o
                0x0800c644                HAL_PCD_ISOOUTIncompleteCallback
 .text.HAL_PCD_ISOINIncompleteCallback
                0x0800c668       0x24 ./USB_DEVICE/Target/usbd_conf.o
                0x0800c668                HAL_PCD_ISOINIncompleteCallback
 .text.HAL_PCD_ConnectCallback
                0x0800c68c       0x1c ./USB_DEVICE/Target/usbd_conf.o
                0x0800c68c                HAL_PCD_ConnectCallback
 .text.HAL_PCD_DisconnectCallback
                0x0800c6a8       0x1c ./USB_DEVICE/Target/usbd_conf.o
                0x0800c6a8                HAL_PCD_DisconnectCallback
 .text.USBD_LL_Init
                0x0800c6c4       0x98 ./USB_DEVICE/Target/usbd_conf.o
                0x0800c6c4                USBD_LL_Init
 .text.USBD_LL_Start
                0x0800c75c       0x36 ./USB_DEVICE/Target/usbd_conf.o
                0x0800c75c                USBD_LL_Start
 .text.USBD_LL_OpenEP
                0x0800c792       0x4c ./USB_DEVICE/Target/usbd_conf.o
                0x0800c792                USBD_LL_OpenEP
 .text.USBD_LL_CloseEP
                0x0800c7de       0x3e ./USB_DEVICE/Target/usbd_conf.o
                0x0800c7de                USBD_LL_CloseEP
 .text.USBD_LL_StallEP
                0x0800c81c       0x3e ./USB_DEVICE/Target/usbd_conf.o
                0x0800c81c                USBD_LL_StallEP
 .text.USBD_LL_ClearStallEP
                0x0800c85a       0x3e ./USB_DEVICE/Target/usbd_conf.o
                0x0800c85a                USBD_LL_ClearStallEP
 .text.USBD_LL_IsStallEP
                0x0800c898       0x58 ./USB_DEVICE/Target/usbd_conf.o
                0x0800c898                USBD_LL_IsStallEP
 .text.USBD_LL_SetUSBAddress
                0x0800c8f0       0x3e ./USB_DEVICE/Target/usbd_conf.o
                0x0800c8f0                USBD_LL_SetUSBAddress
 .text.USBD_LL_Transmit
                0x0800c92e       0x42 ./USB_DEVICE/Target/usbd_conf.o
                0x0800c92e                USBD_LL_Transmit
 .text.USBD_LL_PrepareReceive
                0x0800c970       0x42 ./USB_DEVICE/Target/usbd_conf.o
                0x0800c970                USBD_LL_PrepareReceive
 .text.USBD_LL_GetRxDataSize
                0x0800c9b2       0x26 ./USB_DEVICE/Target/usbd_conf.o
                0x0800c9b2                USBD_LL_GetRxDataSize
 .text.HAL_PCDEx_LPM_Callback
                0x0800c9d8       0x9c ./USB_DEVICE/Target/usbd_conf.o
                0x0800c9d8                HAL_PCDEx_LPM_Callback
 .text.USBD_static_malloc
                0x0800ca74       0x1c ./USB_DEVICE/Target/usbd_conf.o
                0x0800ca74                USBD_static_malloc
 .text.USBD_static_free
                0x0800ca90       0x14 ./USB_DEVICE/Target/usbd_conf.o
                0x0800ca90                USBD_static_free
 .text.USBD_Get_USB_Status
                0x0800caa4       0x58 ./USB_DEVICE/Target/usbd_conf.o
                0x0800caa4                USBD_Get_USB_Status
 .text.CmdMsg_fromCharArray
                0x0800cafc       0xbe ./User/Src/CDC_msg.o
                0x0800cafc                CmdMsg_fromCharArray
 .text.TrajMsg_fromCharArray
                0x0800cbba       0x52 ./User/Src/CDC_msg.o
                0x0800cbba                TrajMsg_fromCharArray
 .text.Board_Init
                0x0800cc0c       0x90 ./User/Src/board.o
                0x0800cc0c                Board_Init
 .text.BSP_Init
                0x0800cc9c       0xcc ./User/Src/bsp.o
                0x0800cc9c                BSP_Init
 .text.RS485_Send_DMA
                0x0800cd68       0xb8 ./User/Src/bsp.o
                0x0800cd68                RS485_Send_DMA
 .text.USER_UART_IRQHandler
                0x0800ce20       0xa0 ./User/Src/bsp.o
                0x0800ce20                USER_UART_IRQHandler
 .text.CAN_Filter_Init
                0x0800cec0       0x70 ./User/Src/bsp.o
                0x0800cec0                CAN_Filter_Init
 .text.CAN_Send_Msg
                0x0800cf30       0xbc ./User/Src/bsp.o
                0x0800cf30                CAN_Send_Msg
 .text.HAL_CAN_RxFifo0MsgPendingCallback
                0x0800cfec       0xb4 ./User/Src/bsp.o
                0x0800cfec                HAL_CAN_RxFifo0MsgPendingCallback
 .text.RE35_Motor_Create
                0x0800d0a0       0x36 ./User/Src/maxon_re35.o
                0x0800d0a0                RE35_Motor_Create
 .text.RE35_Motor_Init
                0x0800d0d6       0xa8 ./User/Src/maxon_re35.o
                0x0800d0d6                RE35_Motor_Init
 .text.RE35_Motor_RecvData_Process
                0x0800d17e       0x98 ./User/Src/maxon_re35.o
                0x0800d17e                RE35_Motor_RecvData_Process
 .text.RE35_Motor_Send
                0x0800d216       0x22 ./User/Src/maxon_re35.o
                0x0800d216                RE35_Motor_Send
 .text.A1_Motor_Create
                0x0800d238       0x40 ./User/Src/unitree_a1.o
                0x0800d238                A1_Motor_Create
 .text.A1_Extract_Data
                0x0800d278      0x124 ./User/Src/unitree_a1.o
                0x0800d278                A1_Extract_Data
 .text.A1_Motor_RecvData_Process
                0x0800d39c       0x74 ./User/Src/unitree_a1.o
                0x0800d39c                A1_Motor_RecvData_Process
 .text.crc32_core
                0x0800d410       0x9c ./User/Src/unitree_a1.o
                0x0800d410                crc32_core
 .text.GO_Motor_Create
                0x0800d4ac       0x58 ./User/Src/unitree_go.o
                0x0800d4ac                GO_Motor_Create
 .text.GO_Motor_SetCmd
                0x0800d504      0x208 ./User/Src/unitree_go.o
                0x0800d504                GO_Motor_SetCmd
 *fill*         0x0800d70c        0x4 
 .text.GO_Modify_Data
                0x0800d710      0x150 ./User/Src/unitree_go.o
                0x0800d710                GO_Modify_Data
 .text.GO_Motor_Send
                0x0800d860       0x42 ./User/Src/unitree_go.o
                0x0800d860                GO_Motor_Send
 *fill*         0x0800d8a2        0x6 
 .text.GO_Extract_Data
                0x0800d8a8      0x144 ./User/Src/unitree_go.o
                0x0800d8a8                GO_Extract_Data
 .text.GO_Motor_RecvData_Process
                0x0800d9ec       0x78 ./User/Src/unitree_go.o
                0x0800d9ec                GO_Motor_RecvData_Process
 .text.crc_ccitt_byte
                0x0800da64       0x38 ./User/Src/unitree_go.o
 .text.crc_ccitt
                0x0800da9c       0x3a ./User/Src/unitree_go.o
                0x0800da9c                crc_ccitt
 *fill*         0x0800dad6        0x2 
 .text.malloc   0x0800dad8       0x10 D:/software/cubeide/STM32CubeIDE_1.15.1/STM32CubeIDE/plugins/com.st.stm32cube.ide.mcu.externaltools.gnu-tools-for-stm32.12.3.rel1.win32_1.0.100.202403111256/tools/bin/../lib/gcc/arm-none-eabi/12.3.1/../../../../arm-none-eabi/lib/thumb/v7e-m+fp/hard\libc_nano.a(libc_a-malloc.o)
                0x0800dad8                malloc
 .text.sbrk_aligned
                0x0800dae8       0x44 D:/software/cubeide/STM32CubeIDE_1.15.1/STM32CubeIDE/plugins/com.st.stm32cube.ide.mcu.externaltools.gnu-tools-for-stm32.12.3.rel1.win32_1.0.100.202403111256/tools/bin/../lib/gcc/arm-none-eabi/12.3.1/../../../../arm-none-eabi/lib/thumb/v7e-m+fp/hard\libc_nano.a(libc_a-mallocr.o)
 .text._malloc_r
                0x0800db2c      0x100 D:/software/cubeide/STM32CubeIDE_1.15.1/STM32CubeIDE/plugins/com.st.stm32cube.ide.mcu.externaltools.gnu-tools-for-stm32.12.3.rel1.win32_1.0.100.202403111256/tools/bin/../lib/gcc/arm-none-eabi/12.3.1/../../../../arm-none-eabi/lib/thumb/v7e-m+fp/hard\libc_nano.a(libc_a-mallocr.o)
                0x0800db2c                _malloc_r
 .text.__malloc_lock
                0x0800dc2c        0xc D:/software/cubeide/STM32CubeIDE_1.15.1/STM32CubeIDE/plugins/com.st.stm32cube.ide.mcu.externaltools.gnu-tools-for-stm32.12.3.rel1.win32_1.0.100.202403111256/tools/bin/../lib/gcc/arm-none-eabi/12.3.1/../../../../arm-none-eabi/lib/thumb/v7e-m+fp/hard\libc_nano.a(libc_a-mlock.o)
                0x0800dc2c                __malloc_lock
 .text.__malloc_unlock
                0x0800dc38        0xc D:/software/cubeide/STM32CubeIDE_1.15.1/STM32CubeIDE/plugins/com.st.stm32cube.ide.mcu.externaltools.gnu-tools-for-stm32.12.3.rel1.win32_1.0.100.202403111256/tools/bin/../lib/gcc/arm-none-eabi/12.3.1/../../../../arm-none-eabi/lib/thumb/v7e-m+fp/hard\libc_nano.a(libc_a-mlock.o)
                0x0800dc38                __malloc_unlock
 .text._realloc_r
                0x0800dc44       0x5c D:/software/cubeide/STM32CubeIDE_1.15.1/STM32CubeIDE/plugins/com.st.stm32cube.ide.mcu.externaltools.gnu-tools-for-stm32.12.3.rel1.win32_1.0.100.202403111256/tools/bin/../lib/gcc/arm-none-eabi/12.3.1/../../../../arm-none-eabi/lib/thumb/v7e-m+fp/hard\libc_nano.a(libc_a-reallocr.o)
                0x0800dc44                _realloc_r
 .text.sulp     0x0800dca0       0x3c D:/software/cubeide/STM32CubeIDE_1.15.1/STM32CubeIDE/plugins/com.st.stm32cube.ide.mcu.externaltools.gnu-tools-for-stm32.12.3.rel1.win32_1.0.100.202403111256/tools/bin/../lib/gcc/arm-none-eabi/12.3.1/../../../../arm-none-eabi/lib/thumb/v7e-m+fp/hard\libc_nano.a(libc_a-strtod.o)
 *fill*         0x0800dcdc        0x4 
 .text._strtod_l
                0x0800dce0      0xbc8 D:/software/cubeide/STM32CubeIDE_1.15.1/STM32CubeIDE/plugins/com.st.stm32cube.ide.mcu.externaltools.gnu-tools-for-stm32.12.3.rel1.win32_1.0.100.202403111256/tools/bin/../lib/gcc/arm-none-eabi/12.3.1/../../../../arm-none-eabi/lib/thumb/v7e-m+fp/hard\libc_nano.a(libc_a-strtod.o)
                0x0800dce0                _strtod_l
 .text._strtod_r
                0x0800e8a8        0xc D:/software/cubeide/STM32CubeIDE_1.15.1/STM32CubeIDE/plugins/com.st.stm32cube.ide.mcu.externaltools.gnu-tools-for-stm32.12.3.rel1.win32_1.0.100.202403111256/tools/bin/../lib/gcc/arm-none-eabi/12.3.1/../../../../arm-none-eabi/lib/thumb/v7e-m+fp/hard\libc_nano.a(libc_a-strtod.o)
                0x0800e8a8                _strtod_r
 .text.__cvt    0x0800e8b4       0xca D:/software/cubeide/STM32CubeIDE_1.15.1/STM32CubeIDE/plugins/com.st.stm32cube.ide.mcu.externaltools.gnu-tools-for-stm32.12.3.rel1.win32_1.0.100.202403111256/tools/bin/../lib/gcc/arm-none-eabi/12.3.1/../../../../arm-none-eabi/lib/thumb/v7e-m+fp/hard\libc_nano.a(libc_a-nano-vfprintf_float.o)
                0x0800e8b4                __cvt
 .text.__exponent
                0x0800e97e       0x74 D:/software/cubeide/STM32CubeIDE_1.15.1/STM32CubeIDE/plugins/com.st.stm32cube.ide.mcu.externaltools.gnu-tools-for-stm32.12.3.rel1.win32_1.0.100.202403111256/tools/bin/../lib/gcc/arm-none-eabi/12.3.1/../../../../arm-none-eabi/lib/thumb/v7e-m+fp/hard\libc_nano.a(libc_a-nano-vfprintf_float.o)
                0x0800e97e                __exponent
 *fill*         0x0800e9f2        0x2 
 .text._printf_float
                0x0800e9f4      0x454 D:/software/cubeide/STM32CubeIDE_1.15.1/STM32CubeIDE/plugins/com.st.stm32cube.ide.mcu.externaltools.gnu-tools-for-stm32.12.3.rel1.win32_1.0.100.202403111256/tools/bin/../lib/gcc/arm-none-eabi/12.3.1/../../../../arm-none-eabi/lib/thumb/v7e-m+fp/hard\libc_nano.a(libc_a-nano-vfprintf_float.o)
                0x0800e9f4                _printf_float
 .text._printf_common
                0x0800ee48       0xda D:/software/cubeide/STM32CubeIDE_1.15.1/STM32CubeIDE/plugins/com.st.stm32cube.ide.mcu.externaltools.gnu-tools-for-stm32.12.3.rel1.win32_1.0.100.202403111256/tools/bin/../lib/gcc/arm-none-eabi/12.3.1/../../../../arm-none-eabi/lib/thumb/v7e-m+fp/hard\libc_nano.a(libc_a-nano-vfprintf_i.o)
                0x0800ee48                _printf_common
 *fill*         0x0800ef22        0x2 
 .text._printf_i
                0x0800ef24      0x240 D:/software/cubeide/STM32CubeIDE_1.15.1/STM32CubeIDE/plugins/com.st.stm32cube.ide.mcu.externaltools.gnu-tools-for-stm32.12.3.rel1.win32_1.0.100.202403111256/tools/bin/../lib/gcc/arm-none-eabi/12.3.1/../../../../arm-none-eabi/lib/thumb/v7e-m+fp/hard\libc_nano.a(libc_a-nano-vfprintf_i.o)
                0x0800ef24                _printf_i
 .text._scanf_float
                0x0800f164      0x428 D:/software/cubeide/STM32CubeIDE_1.15.1/STM32CubeIDE/plugins/com.st.stm32cube.ide.mcu.externaltools.gnu-tools-for-stm32.12.3.rel1.win32_1.0.100.202403111256/tools/bin/../lib/gcc/arm-none-eabi/12.3.1/../../../../arm-none-eabi/lib/thumb/v7e-m+fp/hard\libc_nano.a(libc_a-nano-vfscanf_float.o)
                0x0800f164                _scanf_float
 .text.__sflush_r
                0x0800f58c      0x108 D:/software/cubeide/STM32CubeIDE_1.15.1/STM32CubeIDE/plugins/com.st.stm32cube.ide.mcu.externaltools.gnu-tools-for-stm32.12.3.rel1.win32_1.0.100.202403111256/tools/bin/../lib/gcc/arm-none-eabi/12.3.1/../../../../arm-none-eabi/lib/thumb/v7e-m+fp/hard\libc_nano.a(libc_a-fflush.o)
                0x0800f58c                __sflush_r
 .text._fflush_r
                0x0800f694       0x50 D:/software/cubeide/STM32CubeIDE_1.15.1/STM32CubeIDE/plugins/com.st.stm32cube.ide.mcu.externaltools.gnu-tools-for-stm32.12.3.rel1.win32_1.0.100.202403111256/tools/bin/../lib/gcc/arm-none-eabi/12.3.1/../../../../arm-none-eabi/lib/thumb/v7e-m+fp/hard\libc_nano.a(libc_a-fflush.o)
                0x0800f694                _fflush_r
 .text.std      0x0800f6e4       0x6c D:/software/cubeide/STM32CubeIDE_1.15.1/STM32CubeIDE/plugins/com.st.stm32cube.ide.mcu.externaltools.gnu-tools-for-stm32.12.3.rel1.win32_1.0.100.202403111256/tools/bin/../lib/gcc/arm-none-eabi/12.3.1/../../../../arm-none-eabi/lib/thumb/v7e-m+fp/hard\libc_nano.a(libc_a-findfp.o)
 .text.stdio_exit_handler
                0x0800f750       0x18 D:/software/cubeide/STM32CubeIDE_1.15.1/STM32CubeIDE/plugins/com.st.stm32cube.ide.mcu.externaltools.gnu-tools-for-stm32.12.3.rel1.win32_1.0.100.202403111256/tools/bin/../lib/gcc/arm-none-eabi/12.3.1/../../../../arm-none-eabi/lib/thumb/v7e-m+fp/hard\libc_nano.a(libc_a-findfp.o)
 .text.cleanup_stdio
                0x0800f768       0x40 D:/software/cubeide/STM32CubeIDE_1.15.1/STM32CubeIDE/plugins/com.st.stm32cube.ide.mcu.externaltools.gnu-tools-for-stm32.12.3.rel1.win32_1.0.100.202403111256/tools/bin/../lib/gcc/arm-none-eabi/12.3.1/../../../../arm-none-eabi/lib/thumb/v7e-m+fp/hard\libc_nano.a(libc_a-findfp.o)
 .text.global_stdio_init.part.0
                0x0800f7a8       0x3c D:/software/cubeide/STM32CubeIDE_1.15.1/STM32CubeIDE/plugins/com.st.stm32cube.ide.mcu.externaltools.gnu-tools-for-stm32.12.3.rel1.win32_1.0.100.202403111256/tools/bin/../lib/gcc/arm-none-eabi/12.3.1/../../../../arm-none-eabi/lib/thumb/v7e-m+fp/hard\libc_nano.a(libc_a-findfp.o)
 .text.__sfp_lock_acquire
                0x0800f7e4        0xc D:/software/cubeide/STM32CubeIDE_1.15.1/STM32CubeIDE/plugins/com.st.stm32cube.ide.mcu.externaltools.gnu-tools-for-stm32.12.3.rel1.win32_1.0.100.202403111256/tools/bin/../lib/gcc/arm-none-eabi/12.3.1/../../../../arm-none-eabi/lib/thumb/v7e-m+fp/hard\libc_nano.a(libc_a-findfp.o)
                0x0800f7e4                __sfp_lock_acquire
 .text.__sfp_lock_release
                0x0800f7f0        0xc D:/software/cubeide/STM32CubeIDE_1.15.1/STM32CubeIDE/plugins/com.st.stm32cube.ide.mcu.externaltools.gnu-tools-for-stm32.12.3.rel1.win32_1.0.100.202403111256/tools/bin/../lib/gcc/arm-none-eabi/12.3.1/../../../../arm-none-eabi/lib/thumb/v7e-m+fp/hard\libc_nano.a(libc_a-findfp.o)
                0x0800f7f0                __sfp_lock_release
 .text.__sinit  0x0800f7fc       0x30 D:/software/cubeide/STM32CubeIDE_1.15.1/STM32CubeIDE/plugins/com.st.stm32cube.ide.mcu.externaltools.gnu-tools-for-stm32.12.3.rel1.win32_1.0.100.202403111256/tools/bin/../lib/gcc/arm-none-eabi/12.3.1/../../../../arm-none-eabi/lib/thumb/v7e-m+fp/hard\libc_nano.a(libc_a-findfp.o)
                0x0800f7fc                __sinit
 .text._fwalk_sglue
                0x0800f82c       0x3c D:/software/cubeide/STM32CubeIDE_1.15.1/STM32CubeIDE/plugins/com.st.stm32cube.ide.mcu.externaltools.gnu-tools-for-stm32.12.3.rel1.win32_1.0.100.202403111256/tools/bin/../lib/gcc/arm-none-eabi/12.3.1/../../../../arm-none-eabi/lib/thumb/v7e-m+fp/hard\libc_nano.a(libc_a-fwalk.o)
                0x0800f82c                _fwalk_sglue
 .text.sprintf  0x0800f868       0x40 D:/software/cubeide/STM32CubeIDE_1.15.1/STM32CubeIDE/plugins/com.st.stm32cube.ide.mcu.externaltools.gnu-tools-for-stm32.12.3.rel1.win32_1.0.100.202403111256/tools/bin/../lib/gcc/arm-none-eabi/12.3.1/../../../../arm-none-eabi/lib/thumb/v7e-m+fp/hard\libc_nano.a(libc_a-sprintf.o)
                0x0800f868                siprintf
                0x0800f868                sprintf
 .text.__sread  0x0800f8a8       0x22 D:/software/cubeide/STM32CubeIDE_1.15.1/STM32CubeIDE/plugins/com.st.stm32cube.ide.mcu.externaltools.gnu-tools-for-stm32.12.3.rel1.win32_1.0.100.202403111256/tools/bin/../lib/gcc/arm-none-eabi/12.3.1/../../../../arm-none-eabi/lib/thumb/v7e-m+fp/hard\libc_nano.a(libc_a-stdio.o)
                0x0800f8a8                __sread
 .text.__swrite
                0x0800f8ca       0x38 D:/software/cubeide/STM32CubeIDE_1.15.1/STM32CubeIDE/plugins/com.st.stm32cube.ide.mcu.externaltools.gnu-tools-for-stm32.12.3.rel1.win32_1.0.100.202403111256/tools/bin/../lib/gcc/arm-none-eabi/12.3.1/../../../../arm-none-eabi/lib/thumb/v7e-m+fp/hard\libc_nano.a(libc_a-stdio.o)
                0x0800f8ca                __swrite
 .text.__sseek  0x0800f902       0x24 D:/software/cubeide/STM32CubeIDE_1.15.1/STM32CubeIDE/plugins/com.st.stm32cube.ide.mcu.externaltools.gnu-tools-for-stm32.12.3.rel1.win32_1.0.100.202403111256/tools/bin/../lib/gcc/arm-none-eabi/12.3.1/../../../../arm-none-eabi/lib/thumb/v7e-m+fp/hard\libc_nano.a(libc_a-stdio.o)
                0x0800f902                __sseek
 .text.__sclose
                0x0800f926        0x8 D:/software/cubeide/STM32CubeIDE_1.15.1/STM32CubeIDE/plugins/com.st.stm32cube.ide.mcu.externaltools.gnu-tools-for-stm32.12.3.rel1.win32_1.0.100.202403111256/tools/bin/../lib/gcc/arm-none-eabi/12.3.1/../../../../arm-none-eabi/lib/thumb/v7e-m+fp/hard\libc_nano.a(libc_a-stdio.o)
                0x0800f926                __sclose
 .text.memset   0x0800f92e       0x10 D:/software/cubeide/STM32CubeIDE_1.15.1/STM32CubeIDE/plugins/com.st.stm32cube.ide.mcu.externaltools.gnu-tools-for-stm32.12.3.rel1.win32_1.0.100.202403111256/tools/bin/../lib/gcc/arm-none-eabi/12.3.1/../../../../arm-none-eabi/lib/thumb/v7e-m+fp/hard\libc_nano.a(libc_a-memset.o)
                0x0800f92e                memset
 .text.strncmp  0x0800f93e       0x24 D:/software/cubeide/STM32CubeIDE_1.15.1/STM32CubeIDE/plugins/com.st.stm32cube.ide.mcu.externaltools.gnu-tools-for-stm32.12.3.rel1.win32_1.0.100.202403111256/tools/bin/../lib/gcc/arm-none-eabi/12.3.1/../../../../arm-none-eabi/lib/thumb/v7e-m+fp/hard\libc_nano.a(libc_a-strncmp.o)
                0x0800f93e                strncmp
 *fill*         0x0800f962        0x2 
 .text._localeconv_r
                0x0800f964        0x8 D:/software/cubeide/STM32CubeIDE_1.15.1/STM32CubeIDE/plugins/com.st.stm32cube.ide.mcu.externaltools.gnu-tools-for-stm32.12.3.rel1.win32_1.0.100.202403111256/tools/bin/../lib/gcc/arm-none-eabi/12.3.1/../../../../arm-none-eabi/lib/thumb/v7e-m+fp/hard\libc_nano.a(libc_a-localeconv.o)
                0x0800f964                _localeconv_r
 .text._close_r
                0x0800f96c       0x20 D:/software/cubeide/STM32CubeIDE_1.15.1/STM32CubeIDE/plugins/com.st.stm32cube.ide.mcu.externaltools.gnu-tools-for-stm32.12.3.rel1.win32_1.0.100.202403111256/tools/bin/../lib/gcc/arm-none-eabi/12.3.1/../../../../arm-none-eabi/lib/thumb/v7e-m+fp/hard\libc_nano.a(libc_a-closer.o)
                0x0800f96c                _close_r
 .text._lseek_r
                0x0800f98c       0x24 D:/software/cubeide/STM32CubeIDE_1.15.1/STM32CubeIDE/plugins/com.st.stm32cube.ide.mcu.externaltools.gnu-tools-for-stm32.12.3.rel1.win32_1.0.100.202403111256/tools/bin/../lib/gcc/arm-none-eabi/12.3.1/../../../../arm-none-eabi/lib/thumb/v7e-m+fp/hard\libc_nano.a(libc_a-lseekr.o)
                0x0800f98c                _lseek_r
 .text._read_r  0x0800f9b0       0x24 D:/software/cubeide/STM32CubeIDE_1.15.1/STM32CubeIDE/plugins/com.st.stm32cube.ide.mcu.externaltools.gnu-tools-for-stm32.12.3.rel1.win32_1.0.100.202403111256/tools/bin/../lib/gcc/arm-none-eabi/12.3.1/../../../../arm-none-eabi/lib/thumb/v7e-m+fp/hard\libc_nano.a(libc_a-readr.o)
                0x0800f9b0                _read_r
 .text._sbrk_r  0x0800f9d4       0x20 D:/software/cubeide/STM32CubeIDE_1.15.1/STM32CubeIDE/plugins/com.st.stm32cube.ide.mcu.externaltools.gnu-tools-for-stm32.12.3.rel1.win32_1.0.100.202403111256/tools/bin/../lib/gcc/arm-none-eabi/12.3.1/../../../../arm-none-eabi/lib/thumb/v7e-m+fp/hard\libc_nano.a(libc_a-sbrkr.o)
                0x0800f9d4                _sbrk_r
 .text._write_r
                0x0800f9f4       0x24 D:/software/cubeide/STM32CubeIDE_1.15.1/STM32CubeIDE/plugins/com.st.stm32cube.ide.mcu.externaltools.gnu-tools-for-stm32.12.3.rel1.win32_1.0.100.202403111256/tools/bin/../lib/gcc/arm-none-eabi/12.3.1/../../../../arm-none-eabi/lib/thumb/v7e-m+fp/hard\libc_nano.a(libc_a-writer.o)
                0x0800f9f4                _write_r
 .text.__errno  0x0800fa18        0xc D:/software/cubeide/STM32CubeIDE_1.15.1/STM32CubeIDE/plugins/com.st.stm32cube.ide.mcu.externaltools.gnu-tools-for-stm32.12.3.rel1.win32_1.0.100.202403111256/tools/bin/../lib/gcc/arm-none-eabi/12.3.1/../../../../arm-none-eabi/lib/thumb/v7e-m+fp/hard\libc_nano.a(libc_a-errno.o)
                0x0800fa18                __errno
 .text.__libc_init_array
                0x0800fa24       0x48 D:/software/cubeide/STM32CubeIDE_1.15.1/STM32CubeIDE/plugins/com.st.stm32cube.ide.mcu.externaltools.gnu-tools-for-stm32.12.3.rel1.win32_1.0.100.202403111256/tools/bin/../lib/gcc/arm-none-eabi/12.3.1/../../../../arm-none-eabi/lib/thumb/v7e-m+fp/hard\libc_nano.a(libc_a-init.o)
                0x0800fa24                __libc_init_array
 .text.__retarget_lock_init_recursive
                0x0800fa6c        0x2 D:/software/cubeide/STM32CubeIDE_1.15.1/STM32CubeIDE/plugins/com.st.stm32cube.ide.mcu.externaltools.gnu-tools-for-stm32.12.3.rel1.win32_1.0.100.202403111256/tools/bin/../lib/gcc/arm-none-eabi/12.3.1/../../../../arm-none-eabi/lib/thumb/v7e-m+fp/hard\libc_nano.a(libc_a-lock.o)
                0x0800fa6c                __retarget_lock_init_recursive
 .text.__retarget_lock_acquire_recursive
                0x0800fa6e        0x2 D:/software/cubeide/STM32CubeIDE_1.15.1/STM32CubeIDE/plugins/com.st.stm32cube.ide.mcu.externaltools.gnu-tools-for-stm32.12.3.rel1.win32_1.0.100.202403111256/tools/bin/../lib/gcc/arm-none-eabi/12.3.1/../../../../arm-none-eabi/lib/thumb/v7e-m+fp/hard\libc_nano.a(libc_a-lock.o)
                0x0800fa6e                __retarget_lock_acquire_recursive
 .text.__retarget_lock_release_recursive
                0x0800fa70        0x2 D:/software/cubeide/STM32CubeIDE_1.15.1/STM32CubeIDE/plugins/com.st.stm32cube.ide.mcu.externaltools.gnu-tools-for-stm32.12.3.rel1.win32_1.0.100.202403111256/tools/bin/../lib/gcc/arm-none-eabi/12.3.1/../../../../arm-none-eabi/lib/thumb/v7e-m+fp/hard\libc_nano.a(libc_a-lock.o)
                0x0800fa70                __retarget_lock_release_recursive
 .text.memcpy   0x0800fa72       0x1c D:/software/cubeide/STM32CubeIDE_1.15.1/STM32CubeIDE/plugins/com.st.stm32cube.ide.mcu.externaltools.gnu-tools-for-stm32.12.3.rel1.win32_1.0.100.202403111256/tools/bin/../lib/gcc/arm-none-eabi/12.3.1/../../../../arm-none-eabi/lib/thumb/v7e-m+fp/hard\libc_nano.a(libc_a-memcpy-stub.o)
                0x0800fa72                memcpy
 *fill*         0x0800fa8e        0x2 
 .text.nan      0x0800fa90       0x10 D:/software/cubeide/STM32CubeIDE_1.15.1/STM32CubeIDE/plugins/com.st.stm32cube.ide.mcu.externaltools.gnu-tools-for-stm32.12.3.rel1.win32_1.0.100.202403111256/tools/bin/../lib/gcc/arm-none-eabi/12.3.1/../../../../arm-none-eabi/lib/thumb/v7e-m+fp/hard\libc_nano.a(libm_a-s_nan.o)
                0x0800fa90                nan
 .text.nanf     0x0800faa0        0xc D:/software/cubeide/STM32CubeIDE_1.15.1/STM32CubeIDE/plugins/com.st.stm32cube.ide.mcu.externaltools.gnu-tools-for-stm32.12.3.rel1.win32_1.0.100.202403111256/tools/bin/../lib/gcc/arm-none-eabi/12.3.1/../../../../arm-none-eabi/lib/thumb/v7e-m+fp/hard\libc_nano.a(libm_a-sf_nan.o)
                0x0800faa0                nanf
 .text.__assert_func
                0x0800faac       0x3c D:/software/cubeide/STM32CubeIDE_1.15.1/STM32CubeIDE/plugins/com.st.stm32cube.ide.mcu.externaltools.gnu-tools-for-stm32.12.3.rel1.win32_1.0.100.202403111256/tools/bin/../lib/gcc/arm-none-eabi/12.3.1/../../../../arm-none-eabi/lib/thumb/v7e-m+fp/hard\libc_nano.a(libc_a-assert.o)
                0x0800faac                __assert_func
 .text.quorem   0x0800fae8      0x110 D:/software/cubeide/STM32CubeIDE_1.15.1/STM32CubeIDE/plugins/com.st.stm32cube.ide.mcu.externaltools.gnu-tools-for-stm32.12.3.rel1.win32_1.0.100.202403111256/tools/bin/../lib/gcc/arm-none-eabi/12.3.1/../../../../arm-none-eabi/lib/thumb/v7e-m+fp/hard\libc_nano.a(libc_a-dtoa.o)
 .text._dtoa_r  0x0800fbf8      0xb88 D:/software/cubeide/STM32CubeIDE_1.15.1/STM32CubeIDE/plugins/com.st.stm32cube.ide.mcu.externaltools.gnu-tools-for-stm32.12.3.rel1.win32_1.0.100.202403111256/tools/bin/../lib/gcc/arm-none-eabi/12.3.1/../../../../arm-none-eabi/lib/thumb/v7e-m+fp/hard\libc_nano.a(libc_a-dtoa.o)
                0x0800fbf8                _dtoa_r
 .text._free_r  0x08010780       0x94 D:/software/cubeide/STM32CubeIDE_1.15.1/STM32CubeIDE/plugins/com.st.stm32cube.ide.mcu.externaltools.gnu-tools-for-stm32.12.3.rel1.win32_1.0.100.202403111256/tools/bin/../lib/gcc/arm-none-eabi/12.3.1/../../../../arm-none-eabi/lib/thumb/v7e-m+fp/hard\libc_nano.a(libc_a-freer.o)
                0x08010780                _free_r
 .text.rshift   0x08010814       0xa4 D:/software/cubeide/STM32CubeIDE_1.15.1/STM32CubeIDE/plugins/com.st.stm32cube.ide.mcu.externaltools.gnu-tools-for-stm32.12.3.rel1.win32_1.0.100.202403111256/tools/bin/../lib/gcc/arm-none-eabi/12.3.1/../../../../arm-none-eabi/lib/thumb/v7e-m+fp/hard\libc_nano.a(libc_a-gdtoa-gethex.o)
 .text.__hexdig_fun
                0x080108b8       0x2a D:/software/cubeide/STM32CubeIDE_1.15.1/STM32CubeIDE/plugins/com.st.stm32cube.ide.mcu.externaltools.gnu-tools-for-stm32.12.3.rel1.win32_1.0.100.202403111256/tools/bin/../lib/gcc/arm-none-eabi/12.3.1/../../../../arm-none-eabi/lib/thumb/v7e-m+fp/hard\libc_nano.a(libc_a-gdtoa-gethex.o)
                0x080108b8                __hexdig_fun
 *fill*         0x080108e2        0x2 
 .text.__gethex
                0x080108e4      0x420 D:/software/cubeide/STM32CubeIDE_1.15.1/STM32CubeIDE/plugins/com.st.stm32cube.ide.mcu.externaltools.gnu-tools-for-stm32.12.3.rel1.win32_1.0.100.202403111256/tools/bin/../lib/gcc/arm-none-eabi/12.3.1/../../../../arm-none-eabi/lib/thumb/v7e-m+fp/hard\libc_nano.a(libc_a-gdtoa-gethex.o)
                0x080108e4                __gethex
 .text.L_shift  0x08010d04       0x24 D:/software/cubeide/STM32CubeIDE_1.15.1/STM32CubeIDE/plugins/com.st.stm32cube.ide.mcu.externaltools.gnu-tools-for-stm32.12.3.rel1.win32_1.0.100.202403111256/tools/bin/../lib/gcc/arm-none-eabi/12.3.1/../../../../arm-none-eabi/lib/thumb/v7e-m+fp/hard\libc_nano.a(libc_a-gdtoa-hexnan.o)
 .text.__match  0x08010d28       0x28 D:/software/cubeide/STM32CubeIDE_1.15.1/STM32CubeIDE/plugins/com.st.stm32cube.ide.mcu.externaltools.gnu-tools-for-stm32.12.3.rel1.win32_1.0.100.202403111256/tools/bin/../lib/gcc/arm-none-eabi/12.3.1/../../../../arm-none-eabi/lib/thumb/v7e-m+fp/hard\libc_nano.a(libc_a-gdtoa-hexnan.o)