Archive member included to satisfy reference by file (symbol)

D:/software/cubeide/STM32CubeIDE_1.15.1/STM32CubeIDE/plugins/com.st.stm32cube.ide.mcu.externaltools.gnu-tools-for-stm32.12.3.rel1.win32_1.0.100.202403111256/tools/bin/../lib/gcc/arm-none-eabi/12.3.1/../../../../arm-none-eabi/lib/thumb/v7e-m+fp/hard\libc_nano.a(libc_a-exit.o)
                              D:/software/cubeide/STM32CubeIDE_1.15.1/STM32CubeIDE/plugins/com.st.stm32cube.ide.mcu.externaltools.gnu-tools-for-stm32.12.3.rel1.win32_1.0.100.202403111256/tools/bin/../lib/gcc/arm-none-eabi/12.3.1/../../../../arm-none-eabi/lib/thumb/v7e-m+fp/hard/crt0.o (exit)
D:/software/cubeide/STM32CubeIDE_1.15.1/STM32CubeIDE/plugins/com.st.stm32cube.ide.mcu.externaltools.gnu-tools-for-stm32.12.3.rel1.win32_1.0.100.202403111256/tools/bin/../lib/gcc/arm-none-eabi/12.3.1/../../../../arm-none-eabi/lib/thumb/v7e-m+fp/hard\libc_nano.a(libc_a-malloc.o)
                              ./User/Src/maxon_re35.o (malloc)
D:/software/cubeide/STM32CubeIDE_1.15.1/STM32CubeIDE/plugins/com.st.stm32cube.ide.mcu.externaltools.gnu-tools-for-stm32.12.3.rel1.win32_1.0.100.202403111256/tools/bin/../lib/gcc/arm-none-eabi/12.3.1/../../../../arm-none-eabi/lib/thumb/v7e-m+fp/hard\libc_nano.a(libc_a-mallocr.o)
                              D:/software/cubeide/STM32CubeIDE_1.15.1/STM32CubeIDE/plugins/com.st.stm32cube.ide.mcu.externaltools.gnu-tools-for-stm32.12.3.rel1.win32_1.0.100.202403111256/tools/bin/../lib/gcc/arm-none-eabi/12.3.1/../../../../arm-none-eabi/lib/thumb/v7e-m+fp/hard\libc_nano.a(libc_a-malloc.o) (_malloc_r)
D:/software/cubeide/STM32CubeIDE_1.15.1/STM32CubeIDE/plugins/com.st.stm32cube.ide.mcu.externaltools.gnu-tools-for-stm32.12.3.rel1.win32_1.0.100.202403111256/tools/bin/../lib/gcc/arm-none-eabi/12.3.1/../../../../arm-none-eabi/lib/thumb/v7e-m+fp/hard\libc_nano.a(libc_a-mlock.o)
                              D:/software/cubeide/STM32CubeIDE_1.15.1/STM32CubeIDE/plugins/com.st.stm32cube.ide.mcu.externaltools.gnu-tools-for-stm32.12.3.rel1.win32_1.0.100.202403111256/tools/bin/../lib/gcc/arm-none-eabi/12.3.1/../../../../arm-none-eabi/lib/thumb/v7e-m+fp/hard\libc_nano.a(libc_a-mallocr.o) (__malloc_lock)
D:/software/cubeide/STM32CubeIDE_1.15.1/STM32CubeIDE/plugins/com.st.stm32cube.ide.mcu.externaltools.gnu-tools-for-stm32.12.3.rel1.win32_1.0.100.202403111256/tools/bin/../lib/gcc/arm-none-eabi/12.3.1/../../../../arm-none-eabi/lib/thumb/v7e-m+fp/hard\libc_nano.a(libc_a-nano-vfprintf_float.o)
                              (_printf_float)
D:/software/cubeide/STM32CubeIDE_1.15.1/STM32CubeIDE/plugins/com.st.stm32cube.ide.mcu.externaltools.gnu-tools-for-stm32.12.3.rel1.win32_1.0.100.202403111256/tools/bin/../lib/gcc/arm-none-eabi/12.3.1/../../../../arm-none-eabi/lib/thumb/v7e-m+fp/hard\libc_nano.a(libc_a-nano-vfprintf_i.o)
                              D:/software/cubeide/STM32CubeIDE_1.15.1/STM32CubeIDE/plugins/com.st.stm32cube.ide.mcu.externaltools.gnu-tools-for-stm32.12.3.rel1.win32_1.0.100.202403111256/tools/bin/../lib/gcc/arm-none-eabi/12.3.1/../../../../arm-none-eabi/lib/thumb/v7e-m+fp/hard\libc_nano.a(libc_a-nano-vfprintf_float.o) (_printf_common)
D:/software/cubeide/STM32CubeIDE_1.15.1/STM32CubeIDE/plugins/com.st.stm32cube.ide.mcu.externaltools.gnu-tools-for-stm32.12.3.rel1.win32_1.0.100.202403111256/tools/bin/../lib/gcc/arm-none-eabi/12.3.1/../../../../arm-none-eabi/lib/thumb/v7e-m+fp/hard\libc_nano.a(libc_a-nano-vfscanf_float.o)
                              (_scanf_float)
D:/software/cubeide/STM32CubeIDE_1.15.1/STM32CubeIDE/plugins/com.st.stm32cube.ide.mcu.externaltools.gnu-tools-for-stm32.12.3.rel1.win32_1.0.100.202403111256/tools/bin/../lib/gcc/arm-none-eabi/12.3.1/../../../../arm-none-eabi/lib/thumb/v7e-m+fp/hard\libc_nano.a(libc_a-findfp.o)
                              ./Middlewares/Third_Party/FreeRTOS/Source/tasks.o (__sf)
D:/software/cubeide/STM32CubeIDE_1.15.1/STM32CubeIDE/plugins/com.st.stm32cube.ide.mcu.externaltools.gnu-tools-for-stm32.12.3.rel1.win32_1.0.100.202403111256/tools/bin/../lib/gcc/arm-none-eabi/12.3.1/../../../../arm-none-eabi/lib/thumb/v7e-m+fp/hard\libc_nano.a(libc_a-fwalk.o)
                              D:/software/cubeide/STM32CubeIDE_1.15.1/STM32CubeIDE/plugins/com.st.stm32cube.ide.mcu.externaltools.gnu-tools-for-stm32.12.3.rel1.win32_1.0.100.202403111256/tools/bin/../lib/gcc/arm-none-eabi/12.3.1/../../../../arm-none-eabi/lib/thumb/v7e-m+fp/hard\libc_nano.a(libc_a-findfp.o) (_fwalk_sglue)
D:/software/cubeide/STM32CubeIDE_1.15.1/STM32CubeIDE/plugins/com.st.stm32cube.ide.mcu.externaltools.gnu-tools-for-stm32.12.3.rel1.win32_1.0.100.202403111256/tools/bin/../lib/gcc/arm-none-eabi/12.3.1/../../../../arm-none-eabi/lib/thumb/v7e-m+fp/hard\libc_nano.a(libc_a-sprintf.o)
[...]
Memory Configuration

Name             Origin             Length             Attributes
RAM              0x20000000         0x00020000         xrw
FLASH            0x08000000         0x00040000         xr
*default*        0x00000000         0xffffffff

Linker script and memory map

LOAD D:/software/cubeide/STM32CubeIDE_1.15.1/STM32CubeIDE/plugins/com.st.stm32cube.ide.mcu.externaltools.gnu-tools-for-stm32.12.3.rel1.win32_1.0.100.202403111256/tools/bin/../lib/gcc/arm-none-eabi/12.3.1/thumb/v7e-m+fp/hard/crti.o
LOAD D:/software/cubeide/STM32CubeIDE_1.15.1/STM32CubeIDE/plugins/com.st.stm32cube.ide.mcu.externaltools.gnu-tools-for-stm32.12.3.rel1.win32_1.0.100.202403111256/tools/bin/../lib/gcc/arm-none-eabi/12.3.1/thumb/v7e-m+fp/hard/crtbegin.o
LOAD D:/software/cubeide/STM32CubeIDE_1.15.1/STM32CubeIDE/plugins/com.st.stm32cube.ide.mcu.externaltools.gnu-tools-for-stm32.12.3.rel1.win32_1.0.100.202403111256/tools/bin/../lib/gcc/arm-none-eabi/12.3.1/../../../../arm-none-eabi/lib/thumb/v7e-m+fp/hard/crt0.o
LOAD ./Core/Src/can.o
LOAD ./Core/Src/dma.o
LOAD ./Core/Src/freertos.o
LOAD ./Core/Src/gpio.o
LOAD ./Core/Src/main.o
LOAD ./Core/Src/stm32f4xx_hal_msp.o
LOAD ./Core/Src/stm32f4xx_hal_timebase_tim.o
LOAD ./Core/Src/stm32f4xx_it.o
LOAD ./Core/Src/syscalls.o
LOAD ./Core/Src/sysmem.o
LOAD ./Core/Src/system_stm32f4xx.o
LOAD ./Core/Src/usart.o
LOAD ./Core/Startup/startup_stm32f446rctx.o
LOAD ./Drivers/STM32F4xx_HAL_Driver/Src/stm32f4xx_hal.o
LOAD ./Drivers/STM32F4xx_HAL_Driver/Src/stm32f4xx_hal_can.o
LOAD ./Drivers/STM32F4xx_HAL_Driver/Src/stm32f4xx_hal_cortex.o
LOAD ./Drivers/STM32F4xx_HAL_Driver/Src/stm32f4xx_hal_dma.o
LOAD ./Drivers/STM32F4xx_HAL_Driver/Src/stm32f4xx_hal_dma_ex.o
LOAD ./Drivers/STM32F4xx_HAL_Driver/Src/stm32f4xx_hal_exti.o
LOAD ./Drivers/STM32F4xx_HAL_Driver/Src/stm32f4xx_hal_flash.o
LOAD ./Drivers/STM32F4xx_HAL_Driver/Src/stm32f4xx_hal_flash_ex.o
LOAD ./Drivers/STM32F4xx_HAL_Driver/Src/stm32f4xx_hal_flash_ramfunc.o
LOAD ./Drivers/STM32F4xx_HAL_Driver/Src/stm32f4xx_hal_gpio.o
LOAD ./Drivers/STM32F4xx_HAL_Driver/Src/stm32f4xx_hal_pcd.o
LOAD ./Drivers/STM32F4xx_HAL_Driver/Src/stm32f4xx_hal_pcd_ex.o
LOAD ./Drivers/STM32F4xx_HAL_Driver/Src/stm32f4xx_hal_pwr.o
LOAD ./Drivers/STM32F4xx_HAL_Driver/Src/stm32f4xx_hal_pwr_ex.o
LOAD ./Drivers/STM32F4xx_HAL_Driver/Src/stm32f4xx_hal_rcc.o
LOAD ./Drivers/STM32F4xx_HAL_Driver/Src/stm32f4xx_hal_rcc_ex.o
LOAD ./Drivers/STM32F4xx_HAL_Driver/Src/stm32f4xx_hal_tim.o
LOAD ./Drivers/STM32F4xx_HAL_Driver/Src/stm32f4xx_hal_tim_ex.o
LOAD ./Drivers/STM32F4xx_HAL_Driver/Src/stm32f4xx_hal_uart.o
LOAD ./Drivers/STM32F4xx_HAL_Driver/Src/stm32f4xx_ll_usb.o
LOAD ./Middlewares/ST/STM32_USB_Device_Library/Class/CDC/Src/usbd_cdc.o
LOAD ./Middlewares/ST/STM32_USB_Device_Library/Core/Src/usbd_core.o
LOAD ./Middlewares/ST/STM32_USB_Device_Library/Core/Src/usbd_ctlreq.o
LOAD ./Middlewares/ST/STM32_USB_Device_Library/Core/Src/usbd_ioreq.o
LOAD ./Middlewares/Third_Party/FreeRTOS/Source/CMSIS_RTOS/cmsis_os.o
LOAD ./Middlewares/Third_Party/FreeRTOS/Source/croutine.o
LOAD ./Middlewares/Third_Party/FreeRTOS/Source/event_groups.o
LOAD ./Middlewares/Third_Party/FreeRTOS/Source/list.o
LOAD ./Middlewares/Third_Party/FreeRTOS/Source/queue.o
LOAD ./Middlewares/Third_Party/FreeRTOS/Source/stream_buffer.o
LOAD ./Middlewares/Third_Party/FreeRTOS/Source/tasks.o
LOAD ./Middlewares/Third_Party/FreeRTOS/Source/timers.o
LOAD ./Middlewares/Third_Party/FreeRTOS/Source/portable/GCC/ARM_CM4F/port.o
LOAD ./Middlewares/Third_Party/FreeRTOS/Source/portable/MemMang/heap_4.o
LOAD ./USB_DEVICE/App/usb_device.o
LOAD ./USB_DEVICE/App/usbd_cdc_if.o
LOAD ./USB_DEVICE/App/usbd_desc.o
LOAD ./USB_DEVICE/Target/usbd_conf.o
LOAD ./User/Src/CDC_msg.o
LOAD ./User/Src/board.o
LOAD ./User/Src/bsp.o
LOAD ./User/Src/maxon_re35.o
LOAD ./User/Src/unitree_a1.o
LOAD ./User/Src/unitree_go.o
LOAD ./User/Src/utilities.o
START GROUP
LOAD D:/software/cubeide/STM32CubeIDE_1.15.1/STM32CubeIDE/plugins/com.st.stm32cube.ide.mcu.externaltools.gnu-tools-for-stm32.12.3.rel1.win32_1.0.100.202403111256/tools/bin/../lib/gcc/arm-none-eabi/12.3.1/../../../../arm-none-eabi/lib/thumb/v7e-m+fp/hard\libc_nano.a
LOAD D:/software/cubeide/STM32CubeIDE_1.15.1/STM32CubeIDE/plugins/com.st.stm32cube.ide.mcu.externaltools.gnu-tools-for-stm32.12.3.rel1.win32_1.0.100.202403111256/tools/bin/../lib/gcc/arm-none-eabi/12.3.1/../../../../arm-none-eabi/lib/thumb/v7e-m+fp/hard\libm.a
END GROUP
START GROUP
LOAD D:/software/cubeide/STM32CubeIDE_1.15.1/STM32CubeIDE/plugins/com.st.stm32cube.ide.mcu.externaltools.gnu-tools-for-stm32.12.3.rel1.win32_1.0.100.202403111256/tools/bin/../lib/gcc/arm-none-eabi/12.3.1/thumb/v7e-m+fp/hard\libgcc.a
LOAD D:/software/cubeide/STM32CubeIDE_1.15.1/STM32CubeIDE/plugins/com.st.stm32cube.ide.mcu.externaltools.gnu-tools-for-stm32.12.3.rel1.win32_1.0.100.202403111256/tools/bin/../lib/gcc/arm-none-eabi/12.3.1/../../../../arm-none-eabi/lib/thumb/v7e-m+fp/hard\libc_nano.a
END GROUP
START GROUP
LOAD D:/software/cubeide/STM32CubeIDE_1.15.1/STM32CubeIDE/plugins/com.st.stm32cube.ide.mcu.externaltools.gnu-tools-for-stm32.12.3.rel1.win32_1.0.100.202403111256/tools/bin/../lib/gcc/arm-none-eabi/12.3.1/thumb/v7e-m+fp/hard\libgcc.a
LOAD D:/software/cubeide/STM32CubeIDE_1.15.1/STM32CubeIDE/plugins/com.st.stm32cube.ide.mcu.externaltools.gnu-tools-for-stm32.12.3.rel1.win32_1.0.100.202403111256/tools/bin/../lib/gcc/arm-none-eabi/12.3.1/../../../../arm-none-eabi/lib/thumb/v7e-m+fp/hard\libc_nano.a
LOAD D:/software/cubeide/STM32CubeIDE_1.15.1/STM32CubeIDE/plugins/com.st.stm32cube.ide.mcu.externaltools.gnu-tools-for-stm32.12.3.rel1.win32_1.0.100.202403111256/tools/bin/../lib/gcc/arm-none-eabi/12.3.1/../../../../arm-none-eabi/lib/thumb/v7e-m+fp/hard\libnosys.a
END GROUP
START GROUP
LOAD D:/software/cubeide/STM32CubeIDE_1.15.1/STM32CubeIDE/plugins/com.st.stm32cube.ide.mcu.externaltools.gnu-tools-for-stm32.12.3.rel1.win32_1.0.100.202403111256/tools/bin/../lib/gcc/arm-none-eabi/12.3.1/thumb/v7e-m+fp/hard\libgcc.a
LOAD D:/software/cubeide/STM32CubeIDE_1.15.1/STM32CubeIDE/plugins/com.st.stm32cube.ide.mcu.externaltools.gnu-tools-for-stm32.12.3.rel1.win32_1.0.100.202403111256/tools/bin/../lib/gcc/arm-none-eabi/12.3.1/../../../../arm-none-eabi/lib/thumb/v7e-m+fp/hard\libc_nano.a
LOAD D:/software/cubeide/STM32CubeIDE_1.15.1/STM32CubeIDE/plugins/com.st.stm32cube.ide.mcu.externaltools.gnu-tools-for-stm32.12.3.rel1.win32_1.0.100.202403111256/tools/bin/../lib/gcc/arm-none-eabi/12.3.1/../../../../arm-none-eabi/lib/thumb/v7e-m+fp/hard\libnosys.a
END GROUP
LOAD D:/software/cubeide/STM32CubeIDE_1.15.1/STM32CubeIDE/plugins/com.st.stm32cube.ide.mcu.externaltools.gnu-tools-for-stm32.12.3.rel1.win32_1.0.100.202403111256/tools/bin/../lib/gcc/arm-none-eabi/12.3.1/thumb/v7e-m+fp/hard/crtend.o
LOAD D:/software/cubeide/STM32CubeIDE_1.15.1/STM32CubeIDE/plugins/com.st.stm32cube.ide.mcu.externaltools.gnu-tools-for-stm32.12.3.rel1.win32_1.0.100.202403111256/tools/bin/../lib/gcc/arm-none-eabi/12.3.1/thumb/v7e-m+fp/hard/crtn.o
                0x20020000                        _estack = (ORIGIN (RAM) + LENGTH (RAM))
                0x00000400                        _Min_Heap_Size = 0x400
                0x00000800                        _Min_Stack_Size = 0x800

.isr_vector     0x08000000      0x1c4
                0x08000000                        . = ALIGN (0x4)
 *(.isr_vector)
 .isr_vector    0x08000000      0x1c4 ./Core/Startup/startup_stm32f446rctx.o
                0x08000000                g_pfnVectors
                0x080001c4                        . = ALIGN (0x4)

.text           0x080001d0    0x14354
                0x080001d0                        . = ALIGN (0x4)
 *(.text)
 .text          0x080001d0       0x40 D:/software/cubeide/STM32CubeIDE_1.15.1/STM32CubeIDE/plugins/com.st.stm32cube.ide.mcu.externaltools.gnu-tools-for-stm32.12.3.rel1.win32_1.0.100.202403111256/tools/bin/../lib/gcc/arm-none-eabi/12.3.1/thumb/v7e-m+fp/hard/crtbegin.o
 .text          0x08000210       0xa0 D:/software/cubeide/STM32CubeIDE_1.15.1/STM32CubeIDE/plugins/com.st.stm32cube.ide.mcu.externaltools.gnu-tools-for-stm32.12.3.rel1.win32_1.0.100.202403111256/tools/bin/../lib/gcc/arm-none-eabi/12.3.1/../../../../arm-none-eabi/lib/thumb/v7e-m+fp/hard\libc_nano.a(libc_a-memchr.o)
                0x08000210                memchr
 .text          0x080002b0       0x10 D:/software/cubeide/STM32CubeIDE_1.15.1/STM32CubeIDE/plugins/com.st.stm32cube.ide.mcu.externaltools.gnu-tools-for-stm32.12.3.rel1.win32_1.0.100.202403111256/tools/bin/../lib/gcc/arm-none-eabi/12.3.1/../../../../arm-none-eabi/lib/thumb/v7e-m+fp/hard\libc_nano.a(libc_a-strlen.o)
                0x080002b0                strlen
 .text          0x080002c0      0x378 D:/software/cubeide/STM32CubeIDE_1.15.1/STM32CubeIDE/plugins/com.st.stm32cube.ide.mcu.externaltools.gnu-tools-for-stm32.12.3.rel1.win32_1.0.100.202403111256/tools/bin/../lib/gcc/arm-none-eabi/12.3.1/thumb/v7e-m+fp/hard\libgcc.a(_arm_addsubdf3.o)
                0x080002c0                __aeabi_drsub
                0x080002c8                __aeabi_dsub
                0x080002c8                __subdf3
                0x080002cc                __aeabi_dadd
                0x080002cc                __adddf3
                0x08000544                __floatunsidf
                0x08000544                __aeabi_ui2d
                0x08000564                __floatsidf
                0x08000564                __aeabi_i2d
                0x08000588                __aeabi_f2d
                0x08000588                __extendsfdf2
                0x080005cc                __floatundidf
                0x080005cc                __aeabi_ul2d
                0x080005dc                __floatdidf
                0x080005dc                __aeabi_l2d
 .text          0x08000638      0x424 D:/software/cubeide/STM32CubeIDE_1.15.1/STM32CubeIDE/plugins/com.st.stm32cube.ide.mcu.externaltools.gnu-tools-for-stm32.12.3.rel1.win32_1.0.100.202403111256/tools/bin/../lib/gcc/arm-none-eabi/12.3.1/thumb/v7e-m+fp/hard\libgcc.a(_arm_muldivdf3.o)
                0x08000638                __aeabi_dmul
                0x08000638                __muldf3
                0x0800088c                __divdf3
                0x0800088c                __aeabi_ddiv
 .text          0x08000a5c      0x110 D:/software/cubeide/STM32CubeIDE_1.15.1/STM32CubeIDE/plugins/com.st.stm32cube.ide.mcu.externaltools.gnu-tools-for-stm32.12.3.rel1.win32_1.0.100.202403111256/tools/bin/../lib/gcc/arm-none-eabi/12.3.1/thumb/v7e-m+fp/hard\libgcc.a(_arm_cmpdf2.o)
                0x08000a5c                __gtdf2
                0x08000a5c                __gedf2
                0x08000a64                __ltdf2
                0x08000a64                __ledf2
                0x08000a6c                __nedf2
                0x08000a6c                __eqdf2
                0x08000a6c                __cmpdf2
                0x08000ae8                __aeabi_cdrcmple
                0x08000af8                __aeabi_cdcmpeq
                0x08000af8                __aeabi_cdcmple
                0x08000b08                __aeabi_dcmpeq
                0x08000b1c                __aeabi_dcmplt
                0x08000b30                __aeabi_dcmple
                0x08000b44                __aeabi_dcmpge
                0x08000b58                __aeabi_dcmpgt
 .text          0x08000b6c       0x2c D:/software/cubeide/STM32CubeIDE_1.15.1/STM32CubeIDE/plugins/com.st.stm32cube.ide.mcu.externaltools.gnu-tools-for-stm32.12.3.rel1.win32_1.0.100.202403111256/tools/bin/../lib/gcc/arm-none-eabi/12.3.1/thumb/v7e-m+fp/hard\libgcc.a(_arm_unorddf2.o)
                0x08000b6c                __unorddf2
                0x08000b6c                __aeabi_dcmpun
 .text          0x08000b98       0x50 D:/software/cubeide/STM32CubeIDE_1.15.1/STM32CubeIDE/plugins/com.st.stm32cube.ide.mcu.externaltools.gnu-tools-for-stm32.12.3.rel1.win32_1.0.100.202403111256/tools/bin/../lib/gcc/arm-none-eabi/12.3.1/thumb/v7e-m+fp/hard\libgcc.a(_arm_fixdfsi.o)
                0x08000b98                __aeabi_d2iz
                0x08000b98                __fixdfsi
 .text          0x08000be8       0x40 D:/software/cubeide/STM32CubeIDE_1.15.1/STM32CubeIDE/plugins/com.st.stm32cube.ide.mcu.externaltools.gnu-tools-for-stm32.12.3.rel1.win32_1.0.100.202403111256/tools/bin/../lib/gcc/arm-none-eabi/12.3.1/thumb/v7e-m+fp/hard\libgcc.a(_arm_fixunsdfsi.o)
                0x08000be8                __aeabi_d2uiz
                0x08000be8                __fixunsdfsi
 .text          0x08000c28       0xa0 D:/software/cubeide/STM32CubeIDE_1.15.1/STM32CubeIDE/plugins/com.st.stm32cube.ide.mcu.externaltools.gnu-tools-for-stm32.12.3.rel1.win32_1.0.100.202403111256/tools/bin/../lib/gcc/arm-none-eabi/12.3.1/thumb/v7e-m+fp/hard\libgcc.a(_arm_truncdfsf2.o)
                0x08000c28                __truncdfsf2
                0x08000c28                __aeabi_d2f
 .text          0x08000cc8       0x30 D:/software/cubeide/STM32CubeIDE_1.15.1/STM32CubeIDE/plugins/com.st.stm32cube.ide.mcu.externaltools.gnu-tools-for-stm32.12.3.rel1.win32_1.0.100.202403111256/tools/bin/../lib/gcc/arm-none-eabi/12.3.1/thumb/v7e-m+fp/hard\libgcc.a(_aeabi_uldivmod.o)
                0x08000cc8                __aeabi_uldivmod
 .text          0x08000cf8       0x30 D:/software/cubeide/STM32CubeIDE_1.15.1/STM32CubeIDE/plugins/com.st.stm32cube.ide.mcu.externaltools.gnu-tools-for-stm32.12.3.rel1.win32_1.0.100.202403111256/tools/bin/../lib/gcc/arm-none-eabi/12.3.1/thumb/v7e-m+fp/hard\libgcc.a(_fixdfdi.o)
                0x08000cf8                __fixdfdi
                0x08000cf8                __aeabi_d2lz
 .text          0x08000d28       0x3c D:/software/cubeide/STM32CubeIDE_1.15.1/STM32CubeIDE/plugins/com.st.stm32cube.ide.mcu.externaltools.gnu-tools-for-stm32.12.3.rel1.win32_1.0.100.202403111256/tools/bin/../lib/gcc/arm-none-eabi/12.3.1/thumb/v7e-m+fp/hard\libgcc.a(_fixunsdfdi.o)
                0x08000d28                __fixunsdfdi
                0x08000d28                __aeabi_d2ulz
 .text          0x08000d64      0x2bc D:/software/cubeide/STM32CubeIDE_1.15.1/STM32CubeIDE/plugins/com.st.stm32cube.ide.mcu.externaltools.gnu-tools-for-stm32.12.3.rel1.win32_1.0.100.202403111256/tools/bin/../lib/gcc/arm-none-eabi/12.3.1/thumb/v7e-m+fp/hard\libgcc.a(_udivmoddi4.o)
                0x08000d64                __udivmoddi4
 .text          0x08001020        0x4 D:/software/cubeide/STM32CubeIDE_1.15.1/STM32CubeIDE/plugins/com.st.stm32cube.ide.mcu.externaltools.gnu-tools-for-stm32.12.3.rel1.win32_1.0.100.202403111256/tools/bin/../lib/gcc/arm-none-eabi/12.3.1/thumb/v7e-m+fp/hard\libgcc.a(_dvmd_tls.o)
                0x08001020                __aeabi_idiv0
                0x08001020                __aeabi_ldiv0
 *(.text*)
 .text.MX_CAN1_Init
                0x08001024       0x6c ./Core/Src/can.o
                0x08001024                MX_CAN1_Init
 .text.MX_CAN2_Init
                0x08001090       0x6c ./Core/Src/can.o
                0x08001090                MX_CAN2_Init
 .text.HAL_CAN_MspInit
                0x080010fc      0x160 ./Core/Src/can.o
                0x080010fc                HAL_CAN_MspInit
 .text.MX_DMA_Init
                0x0800125c       0x70 ./Core/Src/dma.o
                0x0800125c                MX_DMA_Init
 .text.vApplicationGetIdleTaskMemory
                0x080012cc       0x34 ./Core/Src/freertos.o
                0x080012cc                vApplicationGetIdleTaskMemory
 .text.MX_FREERTOS_Init
                0x08001300       0xd8 ./Core/Src/freertos.o
                0x08001300                MX_FREERTOS_Init
 .text.StartDefaultTask
                0x080013d8       0x24 ./Core/Src/freertos.o
                0x080013d8                StartDefaultTask
 .text.StartJogTask
                0x080013fc       0x30 ./Core/Src/freertos.o
                0x080013fc                StartJogTask
 .text.ProcessMotorDataTask
                0x0800142c       0x74 ./Core/Src/freertos.o
                0x0800142c                ProcessMotorDataTask
 .text.MX_GPIO_Init
                0x080014a0      0x114 ./Core/Src/gpio.o
                0x080014a0                MX_GPIO_Init
 .text.main     0x080015b4       0x74 ./Core/Src/main.o
                0x080015b4                main
 .text.SystemClock_Config
                0x08001628       0xd8 ./Core/Src/main.o
                0x08001628                SystemClock_Config
 .text.HAL_TIM_PeriodElapsedCallback
                0x08001700       0x24 ./Core/Src/main.o
                0x08001700                HAL_TIM_PeriodElapsedCallback
 .text.Error_Handler
                0x08001724        0xc ./Core/Src/main.o
                0x08001724                Error_Handler
 .text.HAL_MspInit
                0x08001730       0x58 ./Core/Src/stm32f4xx_hal_msp.o
                0x08001730                HAL_MspInit
 .text.HAL_InitTick
                0x08001788       0xf8 ./Core/Src/stm32f4xx_hal_timebase_tim.o
                0x08001788                HAL_InitTick
 .text.NMI_Handler
                0x08001880        0x8 ./Core/Src/stm32f4xx_it.o
                0x08001880                NMI_Handler
 .text.HardFault_Handler
                0x08001888        0x8 ./Core/Src/stm32f4xx_it.o
                0x08001888                HardFault_Handler
 .text.MemManage_Handler
                0x08001890        0x8 ./Core/Src/stm32f4xx_it.o
                0x08001890                MemManage_Handler
 .text.BusFault_Handler
                0x08001898        0x8 ./Core/Src/stm32f4xx_it.o
                0x08001898                BusFault_Handler
 .text.UsageFault_Handler
                0x080018a0        0x8 ./Core/Src/stm32f4xx_it.o
                0x080018a0                UsageFault_Handler
 .text.DebugMon_Handler
                0x080018a8        0xe ./Core/Src/stm32f4xx_it.o
                0x080018a8                DebugMon_Handler
 *fill*         0x080018b6        0x2 
 .text.CAN1_RX0_IRQHandler
                0x080018b8       0x14 ./Core/Src/stm32f4xx_it.o
                0x080018b8                CAN1_RX0_IRQHandler
 .text.USART1_IRQHandler
                0x080018cc       0x18 ./Core/Src/stm32f4xx_it.o
                0x080018cc                USART1_IRQHandler
 .text.UART5_IRQHandler
                0x080018e4       0x14 ./Core/Src/stm32f4xx_it.o
                0x080018e4                UART5_IRQHandler
 .text.TIM6_DAC_IRQHandler
                0x080018f8       0x14 ./Core/Src/stm32f4xx_it.o
                0x080018f8                TIM6_DAC_IRQHandler
 .text.DMA2_Stream1_IRQHandler
                0x0800190c       0x14 ./Core/Src/stm32f4xx_it.o
                0x0800190c                DMA2_Stream1_IRQHandler
 .text.DMA2_Stream2_IRQHandler
                0x08001920       0x14 ./Core/Src/stm32f4xx_it.o
                0x08001920                DMA2_Stream2_IRQHandler
 .text.CAN2_RX0_IRQHandler
                0x08001934       0x14 ./Core/Src/stm32f4xx_it.o
                0x08001934                CAN2_RX0_IRQHandler
 .text.OTG_FS_IRQHandler
                0x08001948       0x14 ./Core/Src/stm32f4xx_it.o
                0x08001948                OTG_FS_IRQHandler
 .text.DMA2_Stream6_IRQHandler
                0x0800195c       0x14 ./Core/Src/stm32f4xx_it.o
                0x0800195c                DMA2_Stream6_IRQHandler
 .text.DMA2_Stream7_IRQHandler
                0x08001970       0x14 ./Core/Src/stm32f4xx_it.o
                0x08001970                DMA2_Stream7_IRQHandler
 .text.USART6_IRQHandler
                0x08001984       0x18 ./Core/Src/stm32f4xx_it.o
                0x08001984                USART6_IRQHandler
 .text._getpid  0x0800199c       0x10 ./Core/Src/syscalls.o
                0x0800199c                _getpid
 .text._kill    0x080019ac       0x20 ./Core/Src/syscalls.o
                0x080019ac                _kill
 .text._exit    0x080019cc       0x16 ./Core/Src/syscalls.o
                0x080019cc                _exit
 .text._read    0x080019e2       0x3a ./Core/Src/syscalls.o
                0x080019e2                _read
 .text._write   0x08001a1c       0x38 ./Core/Src/syscalls.o
                0x08001a1c                _write
 .text._close   0x08001a54       0x18 ./Core/Src/syscalls.o
                0x08001a54                _close
 .text._fstat   0x08001a6c       0x20 ./Core/Src/syscalls.o
                0x08001a6c                _fstat
 .text._isatty  0x08001a8c       0x16 ./Core/Src/syscalls.o
                0x08001a8c                _isatty
 .text._lseek   0x08001aa2       0x1a ./Core/Src/syscalls.o
                0x08001aa2                _lseek
 .text._sbrk    0x08001abc       0x6c ./Core/Src/sysmem.o
                0x08001abc                _sbrk
 .text.SystemInit
                0x08001b28       0x24 ./Core/Src/system_stm32f4xx.o
                0x08001b28                SystemInit
 .text.MX_UART5_Init
                0x08001b4c       0x54 ./Core/Src/usart.o
                0x08001b4c                MX_UART5_Init
 .text.MX_USART1_UART_Init
                0x08001ba0       0x58 ./Core/Src/usart.o
                0x08001ba0                MX_USART1_UART_Init
 .text.MX_USART6_UART_Init
                0x08001bf8       0x58 ./Core/Src/usart.o
                0x08001bf8                MX_USART6_UART_Init
 .text.HAL_UART_MspInit
                0x08001c50      0x37c ./Core/Src/usart.o
                0x08001c50                HAL_UART_MspInit
 .text.Reset_Handler
                0x08001fcc       0x50 ./Core/Startup/startup_stm32f446rctx.o
                0x08001fcc                Reset_Handler
 .text.Default_Handler
                0x0800201c        0x2 ./Core/Startup/startup_stm32f446rctx.o
                0x0800201c                RTC_Alarm_IRQHandler
                0x0800201c                EXTI2_IRQHandler
                0x0800201c                TIM8_CC_IRQHandler
                0x0800201c                FMPI2C1_EV_IRQHandler
                0x0800201c                SPI4_IRQHandler
                0x0800201c                TIM1_CC_IRQHandler
                0x0800201c                DMA2_Stream5_IRQHandler
                0x0800201c                DMA1_Stream5_IRQHandler
                0x0800201c                PVD_IRQHandler
                0x0800201c                SDIO_IRQHandler
                0x0800201c                TAMP_STAMP_IRQHandler
                0x0800201c                CAN2_RX1_IRQHandler
                0x0800201c                EXTI3_IRQHandler
                0x0800201c                TIM8_TRG_COM_TIM14_IRQHandler
                0x0800201c                TIM1_UP_TIM10_IRQHandler
                0x0800201c                TIM8_UP_TIM13_IRQHandler
                0x0800201c                I2C3_ER_IRQHandler
                0x0800201c                EXTI0_IRQHandler
                0x0800201c                I2C2_EV_IRQHandler
                0x0800201c                DMA1_Stream2_IRQHandler
                0x0800201c                FPU_IRQHandler
                0x0800201c                OTG_HS_WKUP_IRQHandler
                0x0800201c                CAN2_SCE_IRQHandler
                0x0800201c                SPI1_IRQHandler
                0x0800201c                TIM1_BRK_TIM9_IRQHandler
                0x0800201c                DCMI_IRQHandler
                0x0800201c                DMA2_Stream3_IRQHandler
                0x0800201c                SAI2_IRQHandler
                0x0800201c                USART3_IRQHandler
                0x0800201c                CAN1_RX1_IRQHandler
                0x0800201c                DMA2_Stream0_IRQHandler
                0x0800201c                TIM4_IRQHandler
                0x0800201c                QUADSPI_IRQHandler
                0x0800201c                I2C1_EV_IRQHandler
                0x0800201c                DMA1_Stream6_IRQHandler
                0x0800201c                DMA1_Stream1_IRQHandler
                0x0800201c                UART4_IRQHandler
                0x0800201c                TIM3_IRQHandler
                0x0800201c                RCC_IRQHandler
                0x0800201c                TIM8_BRK_TIM12_IRQHandler
                0x0800201c                Default_Handler
                0x0800201c                CEC_IRQHandler
                0x0800201c                EXTI15_10_IRQHandler
                0x0800201c                ADC_IRQHandler
                0x0800201c                DMA1_Stream7_IRQHandler
                0x0800201c                TIM7_IRQHandler
                0x0800201c                CAN2_TX_IRQHandler
                0x0800201c                TIM5_IRQHandler
                0x0800201c                I2C3_EV_IRQHandler
                0x0800201c                EXTI9_5_IRQHandler
                0x0800201c                RTC_WKUP_IRQHandler
                0x0800201c                SPDIF_RX_IRQHandler
                0x0800201c                SPI2_IRQHandler
                0x0800201c                OTG_HS_EP1_IN_IRQHandler
                0x0800201c                DMA1_Stream0_IRQHandler
                0x0800201c                CAN1_TX_IRQHandler
                0x0800201c                FMPI2C1_ER_IRQHandler
                0x0800201c                EXTI4_IRQHandler
                0x0800201c                OTG_HS_EP1_OUT_IRQHandler
                0x0800201c                WWDG_IRQHandler
                0x0800201c                TIM2_IRQHandler
                0x0800201c                OTG_FS_WKUP_IRQHandler
                0x0800201c                TIM1_TRG_COM_TIM11_IRQHandler
                0x0800201c                OTG_HS_IRQHandler
                0x0800201c                EXTI1_IRQHandler
                0x0800201c                USART2_IRQHandler
                0x0800201c                I2C2_ER_IRQHandler
                0x0800201c                CAN1_SCE_IRQHandler
                0x0800201c                FLASH_IRQHandler
                0x0800201c                DMA2_Stream4_IRQHandler
                0x0800201c                SPI3_IRQHandler
                0x0800201c                DMA1_Stream4_IRQHandler
                0x0800201c                I2C1_ER_IRQHandler
                0x0800201c                FMC_IRQHandler
                0x0800201c                SAI1_IRQHandler
                0x0800201c                DMA1_Stream3_IRQHandler
 *fill*         0x0800201e        0x2 
 .text.HAL_Init
                0x08002020       0x44 ./Drivers/STM32F4xx_HAL_Driver/Src/stm32f4xx_hal.o
                0x08002020                HAL_Init
 .text.HAL_IncTick
                0x08002064       0x28 ./Drivers/STM32F4xx_HAL_Driver/Src/stm32f4xx_hal.o
                0x08002064                HAL_IncTick
 .text.HAL_GetTick
                0x0800208c       0x18 ./Drivers/STM32F4xx_HAL_Driver/Src/stm32f4xx_hal.o
                0x0800208c                HAL_GetTick
 .text.HAL_Delay
                0x080020a4       0x48 ./Drivers/STM32F4xx_HAL_Driver/Src/stm32f4xx_hal.o
                0x080020a4                HAL_Delay
 .text.HAL_CAN_Init
                0x080020ec      0x1f6 ./Drivers/STM32F4xx_HAL_Driver/Src/stm32f4xx_hal_can.o
                0x080020ec                HAL_CAN_Init
 *fill*         0x080022e2        0x2 
 .text.HAL_CAN_ConfigFilter
                0x080022e4      0x1c0 ./Drivers/STM32F4xx_HAL_Driver/Src/stm32f4xx_hal_can.o
                0x080022e4                HAL_CAN_ConfigFilter
 .text.HAL_CAN_Start
                0x080024a4       0x88 ./Drivers/STM32F4xx_HAL_Driver/Src/stm32f4xx_hal_can.o
                0x080024a4                HAL_CAN_Start
 .text.HAL_CAN_AddTxMessage
                0x0800252c      0x1a0 ./Drivers/STM32F4xx_HAL_Driver/Src/stm32f4xx_hal_can.o
                0x0800252c                HAL_CAN_AddTxMessage
 .text.HAL_CAN_GetRxMessage
                0x080026cc      0x244 ./Drivers/STM32F4xx_HAL_Driver/Src/stm32f4xx_hal_can.o
                0x080026cc                HAL_CAN_GetRxMessage
 .text.HAL_CAN_ActivateNotification
                0x08002910       0x4c ./Drivers/STM32F4xx_HAL_Driver/Src/stm32f4xx_hal_can.o
                0x08002910                HAL_CAN_ActivateNotification
 .text.HAL_CAN_IRQHandler
                0x0800295c      0x36e ./Drivers/STM32F4xx_HAL_Driver/Src/stm32f4xx_hal_can.o
                0x0800295c                HAL_CAN_IRQHandler
 .text.HAL_CAN_TxMailbox0CompleteCallback
                0x08002cca       0x14 ./Drivers/STM32F4xx_HAL_Driver/Src/stm32f4xx_hal_can.o
                0x08002cca                HAL_CAN_TxMailbox0CompleteCallback
 .text.HAL_CAN_TxMailbox1CompleteCallback
                0x08002cde       0x14 ./Drivers/STM32F4xx_HAL_Driver/Src/stm32f4xx_hal_can.o
                0x08002cde                HAL_CAN_TxMailbox1CompleteCallback
 .text.HAL_CAN_TxMailbox2CompleteCallback
                0x08002cf2       0x14 ./Drivers/STM32F4xx_HAL_Driver/Src/stm32f4xx_hal_can.o
                0x08002cf2                HAL_CAN_TxMailbox2CompleteCallback
 .text.HAL_CAN_TxMailbox0AbortCallback
                0x08002d06       0x14 ./Drivers/STM32F4xx_HAL_Driver/Src/stm32f4xx_hal_can.o
                0x08002d06                HAL_CAN_TxMailbox0AbortCallback
 .text.HAL_CAN_TxMailbox1AbortCallback
                0x08002d1a       0x14 ./Drivers/STM32F4xx_HAL_Driver/Src/stm32f4xx_hal_can.o
                0x08002d1a                HAL_CAN_TxMailbox1AbortCallback
 .text.HAL_CAN_TxMailbox2AbortCallback
                0x08002d2e       0x14 ./Drivers/STM32F4xx_HAL_Driver/Src/stm32f4xx_hal_can.o
                0x08002d2e                HAL_CAN_TxMailbox2AbortCallback
 .text.HAL_CAN_RxFifo0FullCallback
                0x08002d42       0x14 ./Drivers/STM32F4xx_HAL_Driver/Src/stm32f4xx_hal_can.o
                0x08002d42                HAL_CAN_RxFifo0FullCallback
 .text.HAL_CAN_RxFifo1MsgPendingCallback
                0x08002d56       0x14 ./Drivers/STM32F4xx_HAL_Driver/Src/stm32f4xx_hal_can.o
                0x08002d56                HAL_CAN_RxFifo1MsgPendingCallback
 .text.HAL_CAN_RxFifo1FullCallback
                0x08002d6a       0x14 ./Drivers/STM32F4xx_HAL_Driver/Src/stm32f4xx_hal_can.o
                0x08002d6a                HAL_CAN_RxFifo1FullCallback
 .text.HAL_CAN_SleepCallback
                0x08002d7e       0x14 ./Drivers/STM32F4xx_HAL_Driver/Src/stm32f4xx_hal_can.o
                0x08002d7e                HAL_CAN_SleepCallback
 .text.HAL_CAN_WakeUpFromRxMsgCallback
                0x08002d92       0x14 ./Drivers/STM32F4xx_HAL_Driver/Src/stm32f4xx_hal_can.o
                0x08002d92                HAL_CAN_WakeUpFromRxMsgCallback
 .text.HAL_CAN_ErrorCallback
                0x08002da6       0x14 ./Drivers/STM32F4xx_HAL_Driver/Src/stm32f4xx_hal_can.o
                0x08002da6                HAL_CAN_ErrorCallback
 *fill*         0x08002dba        0x2 
 .text.__NVIC_SetPriorityGrouping
                0x08002dbc       0x48 ./Drivers/STM32F4xx_HAL_Driver/Src/stm32f4xx_hal_cortex.o
 .text.__NVIC_GetPriorityGrouping
                0x08002e04       0x1c ./Drivers/STM32F4xx_HAL_Driver/Src/stm32f4xx_hal_cortex.o
 .text.__NVIC_EnableIRQ
                0x08002e20       0x3c ./Drivers/STM32F4xx_HAL_Driver/Src/stm32f4xx_hal_cortex.o
 .text.__NVIC_SetPriority
                0x08002e5c       0x54 ./Drivers/STM32F4xx_HAL_Driver/Src/stm32f4xx_hal_cortex.o
 .text.NVIC_EncodePriority
                0x08002eb0       0x66 ./Drivers/STM32F4xx_HAL_Driver/Src/stm32f4xx_hal_cortex.o
 .text.HAL_NVIC_SetPriorityGrouping
                0x08002f16       0x16 ./Drivers/STM32F4xx_HAL_Driver/Src/stm32f4xx_hal_cortex.o
                0x08002f16                HAL_NVIC_SetPriorityGrouping
 .text.HAL_NVIC_SetPriority
                0x08002f2c       0x38 ./Drivers/STM32F4xx_HAL_Driver/Src/stm32f4xx_hal_cortex.o
                0x08002f2c                HAL_NVIC_SetPriority
 .text.HAL_NVIC_EnableIRQ
                0x08002f64       0x1c ./Drivers/STM32F4xx_HAL_Driver/Src/stm32f4xx_hal_cortex.o
                0x08002f64                HAL_NVIC_EnableIRQ
 .text.HAL_DMA_Init
                0x08002f80      0x15c ./Drivers/STM32F4xx_HAL_Driver/Src/stm32f4xx_hal_dma.o
                0x08002f80                HAL_DMA_Init
 .text.HAL_DMA_Start_IT
                0x080030dc       0xb0 ./Drivers/STM32F4xx_HAL_Driver/Src/stm32f4xx_hal_dma.o
                0x080030dc                HAL_DMA_Start_IT
 .text.HAL_DMA_Abort
                0x0800318c       0xe0 ./Drivers/STM32F4xx_HAL_Driver/Src/stm32f4xx_hal_dma.o
                0x0800318c                HAL_DMA_Abort
 .text.HAL_DMA_Abort_IT
                0x0800326c       0x44 ./Drivers/STM32F4xx_HAL_Driver/Src/stm32f4xx_hal_dma.o
                0x0800326c                HAL_DMA_Abort_IT
 .text.HAL_DMA_IRQHandler
                0x080032b0      0x314 ./Drivers/STM32F4xx_HAL_Driver/Src/stm32f4xx_hal_dma.o
                0x080032b0                HAL_DMA_IRQHandler
 .text.DMA_SetConfig
                0x080035c4       0x5c ./Drivers/STM32F4xx_HAL_Driver/Src/stm32f4xx_hal_dma.o
 .text.DMA_CalcBaseAndBitshift
                0x08003620       0x6c ./Drivers/STM32F4xx_HAL_Driver/Src/stm32f4xx_hal_dma.o
 .text.DMA_CheckFifoParam
                0x0800368c       0xf8 ./Drivers/STM32F4xx_HAL_Driver/Src/stm32f4xx_hal_dma.o
 .text.HAL_GPIO_Init
                0x08003784      0x328 ./Drivers/STM32F4xx_HAL_Driver/Src/stm32f4xx_hal_gpio.o
                0x08003784                HAL_GPIO_Init
 .text.HAL_GPIO_WritePin
                0x08003aac       0x32 ./Drivers/STM32F4xx_HAL_Driver/Src/stm32f4xx_hal_gpio.o
                0x08003aac                HAL_GPIO_WritePin
 .text.HAL_GPIO_TogglePin
                0x08003ade       0x34 ./Drivers/STM32F4xx_HAL_Driver/Src/stm32f4xx_hal_gpio.o
                0x08003ade                HAL_GPIO_TogglePin
 .text.HAL_PCD_Init
                0x08003b12      0x22c ./Drivers/STM32F4xx_HAL_Driver/Src/stm32f4xx_hal_pcd.o
                0x08003b12                HAL_PCD_Init
 .text.HAL_PCD_Start
                0x08003d3e       0x6a ./Drivers/STM32F4xx_HAL_Driver/Src/stm32f4xx_hal_pcd.o
                0x08003d3e                HAL_PCD_Start
 .text.HAL_PCD_IRQHandler
                0x08003da8      0x99c ./Drivers/STM32F4xx_HAL_Driver/Src/stm32f4xx_hal_pcd.o
                0x08003da8                HAL_PCD_IRQHandler
 .text.HAL_PCD_SetAddress
                0x08004744       0x48 ./Drivers/STM32F4xx_HAL_Driver/Src/stm32f4xx_hal_pcd.o
                0x08004744                HAL_PCD_SetAddress
 .text.HAL_PCD_EP_Open
                0x0800478c       0xd0 ./Drivers/STM32F4xx_HAL_Driver/Src/stm32f4xx_hal_pcd.o
                0x0800478c                HAL_PCD_EP_Open
 .text.HAL_PCD_EP_Close
                0x0800485c       0x94 ./Drivers/STM32F4xx_HAL_Driver/Src/stm32f4xx_hal_pcd.o
                0x0800485c                HAL_PCD_EP_Close
 .text.HAL_PCD_EP_Receive
                0x080048f0       0x76 ./Drivers/STM32F4xx_HAL_Driver/Src/stm32f4xx_hal_pcd.o
                0x080048f0                HAL_PCD_EP_Receive
 .text.HAL_PCD_EP_GetRxCount
                0x08004966       0x30 ./Drivers/STM32F4xx_HAL_Driver/Src/stm32f4xx_hal_pcd.o
                0x08004966                HAL_PCD_EP_GetRxCount
 .text.HAL_PCD_EP_Transmit
                0x08004996       0x74 ./Drivers/STM32F4xx_HAL_Driver/Src/stm32f4xx_hal_pcd.o
                0x08004996                HAL_PCD_EP_Transmit
 .text.HAL_PCD_EP_SetStall
                0x08004a0a       0xc6 ./Drivers/STM32F4xx_HAL_Driver/Src/stm32f4xx_hal_pcd.o
                0x08004a0a                HAL_PCD_EP_SetStall
 .text.HAL_PCD_EP_ClrStall
                0x08004ad0       0xac ./Drivers/STM32F4xx_HAL_Driver/Src/stm32f4xx_hal_pcd.o
                0x08004ad0                HAL_PCD_EP_ClrStall
 .text.HAL_PCD_EP_Abort
                0x08004b7c       0x62 ./Drivers/STM32F4xx_HAL_Driver/Src/stm32f4xx_hal_pcd.o
                0x08004b7c                HAL_PCD_EP_Abort
 .text.PCD_WriteEmptyTxFifo
                0x08004bde      0x118 ./Drivers/STM32F4xx_HAL_Driver/Src/stm32f4xx_hal_pcd.o
 *fill*         0x08004cf6        0x2 
 .text.PCD_EP_OutXfrComplete_int
                0x08004cf8      0x1d0 ./Drivers/STM32F4xx_HAL_Driver/Src/stm32f4xx_hal_pcd.o
 .text.PCD_EP_OutSetupPacket_int
                0x08004ec8       0x8c ./Drivers/STM32F4xx_HAL_Driver/Src/stm32f4xx_hal_pcd.o
 .text.HAL_PCDEx_SetTxFiFo
                0x08004f54       0x8e ./Drivers/STM32F4xx_HAL_Driver/Src/stm32f4xx_hal_pcd_ex.o
                0x08004f54                HAL_PCDEx_SetTxFiFo
 .text.HAL_PCDEx_SetRxFiFo
                0x08004fe2       0x22 ./Drivers/STM32F4xx_HAL_Driver/Src/stm32f4xx_hal_pcd_ex.o
                0x08004fe2                HAL_PCDEx_SetRxFiFo
 .text.HAL_PCDEx_ActivateLPM
                0x08005004       0x48 ./Drivers/STM32F4xx_HAL_Driver/Src/stm32f4xx_hal_pcd_ex.o
                0x08005004                HAL_PCDEx_ActivateLPM
 .text.HAL_RCC_ClockConfig
                0x0800504c      0x1cc ./Drivers/STM32F4xx_HAL_Driver/Src/stm32f4xx_hal_rcc.o
                0x0800504c                HAL_RCC_ClockConfig
 .text.HAL_RCC_GetHCLKFreq
                0x08005218       0x18 ./Drivers/STM32F4xx_HAL_Driver/Src/stm32f4xx_hal_rcc.o
                0x08005218                HAL_RCC_GetHCLKFreq
 .text.HAL_RCC_GetPCLK1Freq
                0x08005230       0x28 ./Drivers/STM32F4xx_HAL_Driver/Src/stm32f4xx_hal_rcc.o
                0x08005230                HAL_RCC_GetPCLK1Freq
 .text.HAL_RCC_GetPCLK2Freq
                0x08005258       0x28 ./Drivers/STM32F4xx_HAL_Driver/Src/stm32f4xx_hal_rcc.o
                0x08005258                HAL_RCC_GetPCLK2Freq
 .text.HAL_RCC_GetClockConfig
                0x08005280       0x64 ./Drivers/STM32F4xx_HAL_Driver/Src/stm32f4xx_hal_rcc.o
                0x08005280                HAL_RCC_GetClockConfig
 .text.HAL_RCCEx_PeriphCLKConfig
                0x080052e4      0x654 ./Drivers/STM32F4xx_HAL_Driver/Src/stm32f4xx_hal_rcc_ex.o
                0x080052e4                HAL_RCCEx_PeriphCLKConfig
 .text.HAL_RCC_GetSysClockFreq
                0x08005938      0x354 ./Drivers/STM32F4xx_HAL_Driver/Src/stm32f4xx_hal_rcc_ex.o
                0x08005938                HAL_RCC_GetSysClockFreq
 .text.HAL_RCC_OscConfig
                0x08005c8c      0x53c ./Drivers/STM32F4xx_HAL_Driver/Src/stm32f4xx_hal_rcc_ex.o
                0x08005c8c                HAL_RCC_OscConfig
 .text.HAL_TIM_Base_Init
                0x080061c8       0x9e ./Drivers/STM32F4xx_HAL_Driver/Src/stm32f4xx_hal_tim.o
                0x080061c8                HAL_TIM_Base_Init
 .text.HAL_TIM_Base_MspInit
                0x08006266       0x14 ./Drivers/STM32F4xx_HAL_Driver/Src/stm32f4xx_hal_tim.o
                0x08006266                HAL_TIM_Base_MspInit
 *fill*         0x0800627a        0x2 
 .text.HAL_TIM_Base_Start_IT
                0x0800627c       0xe0 ./Drivers/STM32F4xx_HAL_Driver/Src/stm32f4xx_hal_tim.o
                0x0800627c                HAL_TIM_Base_Start_IT
 .text.HAL_TIM_IRQHandler
                0x0800635c      0x1e0 ./Drivers/STM32F4xx_HAL_Driver/Src/stm32f4xx_hal_tim.o
                0x0800635c                HAL_TIM_IRQHandler
 .text.HAL_TIM_OC_DelayElapsedCallback
                0x0800653c       0x14 ./Drivers/STM32F4xx_HAL_Driver/Src/stm32f4xx_hal_tim.o
                0x0800653c                HAL_TIM_OC_DelayElapsedCallback
 .text.HAL_TIM_IC_CaptureCallback
                0x08006550       0x14 ./Drivers/STM32F4xx_HAL_Driver/Src/stm32f4xx_hal_tim.o
                0x08006550                HAL_TIM_IC_CaptureCallback
 .text.HAL_TIM_PWM_PulseFinishedCallback
                0x08006564       0x14 ./Drivers/STM32F4xx_HAL_Driver/Src/stm32f4xx_hal_tim.o
                0x08006564                HAL_TIM_PWM_PulseFinishedCallback
 .text.HAL_TIM_TriggerCallback
                0x08006578       0x14 ./Drivers/STM32F4xx_HAL_Driver/Src/stm32f4xx_hal_tim.o
                0x08006578                HAL_TIM_TriggerCallback
 .text.TIM_Base_SetConfig
                0x0800658c      0x158 ./Drivers/STM32F4xx_HAL_Driver/Src/stm32f4xx_hal_tim.o
                0x0800658c                TIM_Base_SetConfig
 .text.HAL_TIMEx_CommutCallback
                0x080066e4       0x14 ./Drivers/STM32F4xx_HAL_Driver/Src/stm32f4xx_hal_tim_ex.o
                0x080066e4                HAL_TIMEx_CommutCallback
 .text.HAL_TIMEx_BreakCallback
                0x080066f8       0x14 ./Drivers/STM32F4xx_HAL_Driver/Src/stm32f4xx_hal_tim_ex.o
                0x080066f8                HAL_TIMEx_BreakCallback
 .text.HAL_UART_Init
                0x0800670c       0xa0 ./Drivers/STM32F4xx_HAL_Driver/Src/stm32f4xx_hal_uart.o
                0x0800670c                HAL_UART_Init
 .text.HAL_UART_Transmit
                0x080067ac      0x116 ./Drivers/STM32F4xx_HAL_Driver/Src/stm32f4xx_hal_uart.o
                0x080067ac                HAL_UART_Transmit
 *fill*         0x080068c2        0x2 
 .text.HAL_UART_Transmit_DMA
                0x080068c4       0xe0 ./Drivers/STM32F4xx_HAL_Driver/Src/stm32f4xx_hal_uart.o
                0x080068c4                HAL_UART_Transmit_DMA
 .text.HAL_UART_Receive_DMA
                0x080069a4       0x4a ./Drivers/STM32F4xx_HAL_Driver/Src/stm32f4xx_hal_uart.o
                0x080069a4                HAL_UART_Receive_DMA
 .text.HAL_UART_DMAStop
                0x080069ee       0xfe ./Drivers/STM32F4xx_HAL_Driver/Src/stm32f4xx_hal_uart.o
                0x080069ee                HAL_UART_DMAStop
 .text.HAL_UART_IRQHandler
                0x08006aec      0x524 ./Drivers/STM32F4xx_HAL_Driver/Src/stm32f4xx_hal_uart.o
                0x08006aec                HAL_UART_IRQHandler
 .text.HAL_UART_TxCpltCallback
                0x08007010       0x14 ./Drivers/STM32F4xx_HAL_Driver/Src/stm32f4xx_hal_uart.o
                0x08007010                HAL_UART_TxCpltCallback
 .text.HAL_UART_TxHalfCpltCallback
                0x08007024       0x14 ./Drivers/STM32F4xx_HAL_Driver/Src/stm32f4xx_hal_uart.o
                0x08007024                HAL_UART_TxHalfCpltCallback
 .text.HAL_UART_RxCpltCallback
                0x08007038       0x14 ./Drivers/STM32F4xx_HAL_Driver/Src/stm32f4xx_hal_uart.o
                0x08007038                HAL_UART_RxCpltCallback
 .text.HAL_UART_RxHalfCpltCallback
                0x0800704c       0x14 ./Drivers/STM32F4xx_HAL_Driver/Src/stm32f4xx_hal_uart.o
                0x0800704c                HAL_UART_RxHalfCpltCallback
 .text.HAL_UART_ErrorCallback
                0x08007060       0x14 ./Drivers/STM32F4xx_HAL_Driver/Src/stm32f4xx_hal_uart.o
                0x08007060                HAL_UART_ErrorCallback
 .text.HAL_UARTEx_RxEventCallback
                0x08007074       0x18 ./Drivers/STM32F4xx_HAL_Driver/Src/stm32f4xx_hal_uart.o
                0x08007074                HAL_UARTEx_RxEventCallback
 .text.UART_DMATransmitCplt
                0x0800708c       0x9a ./Drivers/STM32F4xx_HAL_Driver/Src/stm32f4xx_hal_uart.o
 .text.UART_DMATxHalfCplt
                0x08007126       0x1c ./Drivers/STM32F4xx_HAL_Driver/Src/stm32f4xx_hal_uart.o
 .text.UART_DMAReceiveCplt
                0x08007142      0x12c ./Drivers/STM32F4xx_HAL_Driver/Src/stm32f4xx_hal_uart.o
 .text.UART_DMARxHalfCplt
                0x0800726e       0x3c ./Drivers/STM32F4xx_HAL_Driver/Src/stm32f4xx_hal_uart.o
 .text.UART_DMAError
                0x080072aa       0x94 ./Drivers/STM32F4xx_HAL_Driver/Src/stm32f4xx_hal_uart.o
 .text.UART_WaitOnFlagUntilTimeout
                0x0800733e       0xb2 ./Drivers/STM32F4xx_HAL_Driver/Src/stm32f4xx_hal_uart.o
 .text.UART_Start_Receive_DMA
                0x080073f0      0x134 ./Drivers/STM32F4xx_HAL_Driver/Src/stm32f4xx_hal_uart.o
                0x080073f0                UART_Start_Receive_DMA
 .text.UART_EndTxTransfer
                0x08007524       0x50 ./Drivers/STM32F4xx_HAL_Driver/Src/stm32f4xx_hal_uart.o
 .text.UART_EndRxTransfer
                0x08007574       0xc6 ./Drivers/STM32F4xx_HAL_Driver/Src/stm32f4xx_hal_uart.o
 .text.UART_DMAAbortOnError
                0x0800763a       0x28 ./Drivers/STM32F4xx_HAL_Driver/Src/stm32f4xx_hal_uart.o
 .text.UART_Transmit_IT
                0x08007662       0xa0 ./Drivers/STM32F4xx_HAL_Driver/Src/stm32f4xx_hal_uart.o
 .text.UART_EndTransmit_IT
                0x08007702       0x30 ./Drivers/STM32F4xx_HAL_Driver/Src/stm32f4xx_hal_uart.o
 .text.UART_Receive_IT
                0x08007732      0x17c ./Drivers/STM32F4xx_HAL_Driver/Src/stm32f4xx_hal_uart.o
 *fill*         0x080078ae        0x2 
 .text.UART_SetConfig
                0x080078b0      0x4e8 ./Drivers/STM32F4xx_HAL_Driver/Src/stm32f4xx_hal_uart.o
 .text.USB_CoreInit
                0x08007d98       0xc8 ./Drivers/STM32F4xx_HAL_Driver/Src/stm32f4xx_ll_usb.o
                0x08007d98                USB_CoreInit
 .text.USB_SetTurnaroundTime
                0x08007e60      0x144 ./Drivers/STM32F4xx_HAL_Driver/Src/stm32f4xx_ll_usb.o
                0x08007e60                USB_SetTurnaroundTime
 .text.USB_EnableGlobalInt
                0x08007fa4       0x22 ./Drivers/STM32F4xx_HAL_Driver/Src/stm32f4xx_ll_usb.o
                0x08007fa4                USB_EnableGlobalInt
 .text.USB_DisableGlobalInt
                0x08007fc6       0x22 ./Drivers/STM32F4xx_HAL_Driver/Src/stm32f4xx_ll_usb.o
                0x08007fc6                USB_DisableGlobalInt
 .text.USB_SetCurrentMode
                0x08007fe8       0x98 ./Drivers/STM32F4xx_HAL_Driver/Src/stm32f4xx_ll_usb.o
                0x08007fe8                USB_SetCurrentMode
 .text.USB_DevInit
                0x08008080      0x2bc ./Drivers/STM32F4xx_HAL_Driver/Src/stm32f4xx_ll_usb.o
                0x08008080                USB_DevInit
 .text.USB_FlushTxFifo
                0x0800833c       0x64 ./Drivers/STM32F4xx_HAL_Driver/Src/stm32f4xx_ll_usb.o
                0x0800833c                USB_FlushTxFifo
 .text.USB_FlushRxFifo
                0x080083a0       0x5c ./Drivers/STM32F4xx_HAL_Driver/Src/stm32f4xx_ll_usb.o
                0x080083a0                USB_FlushRxFifo
 .text.USB_SetDevSpeed
                0x080083fc       0x32 ./Drivers/STM32F4xx_HAL_Driver/Src/stm32f4xx_ll_usb.o
                0x080083fc                USB_SetDevSpeed
 .text.USB_GetDevSpeed
                0x0800842e       0x4a ./Drivers/STM32F4xx_HAL_Driver/Src/stm32f4xx_ll_usb.o
                0x0800842e                USB_GetDevSpeed
 .text.USB_ActivateEndpoint
                0x08008478      0x10e ./Drivers/STM32F4xx_HAL_Driver/Src/stm32f4xx_ll_usb.o
                0x08008478                USB_ActivateEndpoint
 *fill*         0x08008586        0x2 
 .text.USB_DeactivateEndpoint
                0x08008588      0x1b8 ./Drivers/STM32F4xx_HAL_Driver/Src/stm32f4xx_ll_usb.o
                0x08008588                USB_DeactivateEndpoint
 .text.USB_EPStartXfer
                0x08008740      0x530 ./Drivers/STM32F4xx_HAL_Driver/Src/stm32f4xx_ll_usb.o
                0x08008740                USB_EPStartXfer
 .text.USB_EPStopXfer
                0x08008c70      0x154 ./Drivers/STM32F4xx_HAL_Driver/Src/stm32f4xx_ll_usb.o
                0x08008c70                USB_EPStopXfer
 .text.USB_WritePacket
                0x08008dc4       0x7c ./Drivers/STM32F4xx_HAL_Driver/Src/stm32f4xx_ll_usb.o
                0x08008dc4                USB_WritePacket
 .text.USB_ReadPacket
                0x08008e40       0xb0 ./Drivers/STM32F4xx_HAL_Driver/Src/stm32f4xx_ll_usb.o
                0x08008e40                USB_ReadPacket
 .text.USB_EPSetStall
                0x08008ef0       0xdc ./Drivers/STM32F4xx_HAL_Driver/Src/stm32f4xx_ll_usb.o
                0x08008ef0                USB_EPSetStall
 .text.USB_EPClearStall
                0x08008fcc       0xcc ./Drivers/STM32F4xx_HAL_Driver/Src/stm32f4xx_ll_usb.o
                0x08008fcc                USB_EPClearStall
 .text.USB_SetDevAddress
                0x08009098       0x4c ./Drivers/STM32F4xx_HAL_Driver/Src/stm32f4xx_ll_usb.o
                0x08009098                USB_SetDevAddress
 .text.USB_DevConnect
                0x080090e4       0x42 ./Drivers/STM32F4xx_HAL_Driver/Src/stm32f4xx_ll_usb.o
                0x080090e4                USB_DevConnect
 .text.USB_DevDisconnect
                0x08009126       0x42 ./Drivers/STM32F4xx_HAL_Driver/Src/stm32f4xx_ll_usb.o
                0x08009126                USB_DevDisconnect
 .text.USB_ReadInterrupts
                0x08009168       0x26 ./Drivers/STM32F4xx_HAL_Driver/Src/stm32f4xx_ll_usb.o
                0x08009168                USB_ReadInterrupts
 .text.USB_ReadDevAllOutEpInterrupt
                0x0800918e       0x34 ./Drivers/STM32F4xx_HAL_Driver/Src/stm32f4xx_ll_usb.o
                0x0800918e                USB_ReadDevAllOutEpInterrupt
 .text.USB_ReadDevAllInEpInterrupt
                0x080091c2       0x34 ./Drivers/STM32F4xx_HAL_Driver/Src/stm32f4xx_ll_usb.o
                0x080091c2                USB_ReadDevAllInEpInterrupt
 .text.USB_ReadDevOutEPInterrupt
                0x080091f6       0x3c ./Drivers/STM32F4xx_HAL_Driver/Src/stm32f4xx_ll_usb.o
                0x080091f6                USB_ReadDevOutEPInterrupt
 .text.USB_ReadDevInEPInterrupt
                0x08009232       0x5c ./Drivers/STM32F4xx_HAL_Driver/Src/stm32f4xx_ll_usb.o
                0x08009232                USB_ReadDevInEPInterrupt
 .text.USB_GetMode
                0x0800928e       0x1c ./Drivers/STM32F4xx_HAL_Driver/Src/stm32f4xx_ll_usb.o
                0x0800928e                USB_GetMode
 .text.USB_ActivateSetup
                0x080092aa       0x46 ./Drivers/STM32F4xx_HAL_Driver/Src/stm32f4xx_ll_usb.o
                0x080092aa                USB_ActivateSetup
 .text.USB_EP0_OutStart
                0x080092f0       0xbc ./Drivers/STM32F4xx_HAL_Driver/Src/stm32f4xx_ll_usb.o
                0x080092f0                USB_EP0_OutStart
 .text.USB_CoreReset
                0x080093ac       0x62 ./Drivers/STM32F4xx_HAL_Driver/Src/stm32f4xx_ll_usb.o
 *fill*         0x0800940e        0x2 
 .text.USBD_CDC_Init
                0x08009410      0x1f0 ./Middlewares/ST/STM32_USB_Device_Library/Class/CDC/Src/usbd_cdc.o
 .text.USBD_CDC_DeInit
                0x08009600      0x104 ./Middlewares/ST/STM32_USB_Device_Library/Class/CDC/Src/usbd_cdc.o
 .text.USBD_CDC_Setup
                0x08009704      0x1b8 ./Middlewares/ST/STM32_USB_Device_Library/Class/CDC/Src/usbd_cdc.o
 .text.USBD_CDC_DataIn
                0x080098bc       0xfe ./Middlewares/ST/STM32_USB_Device_Library/Class/CDC/Src/usbd_cdc.o
 .text.USBD_CDC_DataOut
                0x080099ba       0x70 ./Middlewares/ST/STM32_USB_Device_Library/Class/CDC/Src/usbd_cdc.o
 .text.USBD_CDC_EP0_RxReady
                0x08009a2a       0x74 ./Middlewares/ST/STM32_USB_Device_Library/Class/CDC/Src/usbd_cdc.o
 *fill*         0x08009a9e        0x2 
 .text.USBD_CDC_GetFSCfgDesc
                0x08009aa0       0x70 ./Middlewares/ST/STM32_USB_Device_Library/Class/CDC/Src/usbd_cdc.o
 .text.USBD_CDC_GetHSCfgDesc
                0x08009b10       0x70 ./Middlewares/ST/STM32_USB_Device_Library/Class/CDC/Src/usbd_cdc.o
 .text.USBD_CDC_GetOtherSpeedCfgDesc
                0x08009b80       0x70 ./Middlewares/ST/STM32_USB_Device_Library/Class/CDC/Src/usbd_cdc.o
 .text.USBD_CDC_GetDeviceQualifierDescriptor
                0x08009bf0       0x20 ./Middlewares/ST/STM32_USB_Device_Library/Class/CDC/Src/usbd_cdc.o
                0x08009bf0                USBD_CDC_GetDeviceQualifierDescriptor
 .text.USBD_CDC_RegisterInterface
                0x08009c10       0x34 ./Middlewares/ST/STM32_USB_Device_Library/Class/CDC/Src/usbd_cdc.o
                0x08009c10                USBD_CDC_RegisterInterface
 .text.USBD_CDC_SetTxBuffer
                0x08009c44       0x44 ./Middlewares/ST/STM32_USB_Device_Library/Class/CDC/Src/usbd_cdc.o
                0x08009c44                USBD_CDC_SetTxBuffer
 .text.USBD_CDC_SetRxBuffer
                0x08009c88       0x3a ./Middlewares/ST/STM32_USB_Device_Library/Class/CDC/Src/usbd_cdc.o
                0x08009c88                USBD_CDC_SetRxBuffer
 *fill*         0x08009cc2        0x2 
 .text.USBD_CDC_TransmitPacket
                0x08009cc4       0x80 ./Middlewares/ST/STM32_USB_Device_Library/Class/CDC/Src/usbd_cdc.o
                0x08009cc4                USBD_CDC_TransmitPacket
 .text.USBD_CDC_ReceivePacket
                0x08009d44       0x6c ./Middlewares/ST/STM32_USB_Device_Library/Class/CDC/Src/usbd_cdc.o
                0x08009d44                USBD_CDC_ReceivePacket
 .text.USBD_Init
                0x08009db0       0x60 ./Middlewares/ST/STM32_USB_Device_Library/Core/Src/usbd_core.o
                0x08009db0                USBD_Init
 .text.USBD_RegisterClass
                0x08009e10       0x6c ./Middlewares/ST/STM32_USB_Device_Library/Core/Src/usbd_core.o
                0x08009e10                USBD_RegisterClass
 .text.USBD_Start
                0x08009e7c       0x18 ./Middlewares/ST/STM32_USB_Device_Library/Core/Src/usbd_core.o
                0x08009e7c                USBD_Start
 .text.USBD_RunTestMode
                0x08009e94       0x16 ./Middlewares/ST/STM32_USB_Device_Library/Core/Src/usbd_core.o
                0x08009e94                USBD_RunTestMode
 .text.USBD_SetClassConfig
                0x08009eaa       0x38 ./Middlewares/ST/STM32_USB_Device_Library/Core/Src/usbd_core.o
                0x08009eaa                USBD_SetClassConfig
 .text.USBD_ClrClassConfig
                0x08009ee2       0x34 ./Middlewares/ST/STM32_USB_Device_Library/Core/Src/usbd_core.o
                0x08009ee2                USBD_ClrClassConfig
 .text.USBD_LL_SetupStage
                0x08009f16       0xaa ./Middlewares/ST/STM32_USB_Device_Library/Core/Src/usbd_core.o
                0x08009f16                USBD_LL_SetupStage
 .text.USBD_LL_DataOutStage
                0x08009fc0      0x166 ./Middlewares/ST/STM32_USB_Device_Library/Core/Src/usbd_core.o
                0x08009fc0                USBD_LL_DataOutStage
 .text.USBD_LL_DataInStage
                0x0800a126      0x164 ./Middlewares/ST/STM32_USB_Device_Library/Core/Src/usbd_core.o
                0x0800a126                USBD_LL_DataInStage
 .text.USBD_LL_Reset
                0x0800a28a       0xa4 ./Middlewares/ST/STM32_USB_Device_Library/Core/Src/usbd_core.o
                0x0800a28a                USBD_LL_Reset
 .text.USBD_LL_SetSpeed
                0x0800a32e       0x20 ./Middlewares/ST/STM32_USB_Device_Library/Core/Src/usbd_core.o
                0x0800a32e                USBD_LL_SetSpeed
 .text.USBD_LL_Suspend
                0x0800a34e       0x38 ./Middlewares/ST/STM32_USB_Device_Library/Core/Src/usbd_core.o
                0x0800a34e                USBD_LL_Suspend
 .text.USBD_LL_Resume
                0x0800a386       0x30 ./Middlewares/ST/STM32_USB_Device_Library/Core/Src/usbd_core.o
                0x0800a386                USBD_LL_Resume
 .text.USBD_LL_SOF
                0x0800a3b6       0x40 ./Middlewares/ST/STM32_USB_Device_Library/Core/Src/usbd_core.o
                0x0800a3b6                USBD_LL_SOF
 .text.USBD_LL_IsoINIncomplete
                0x0800a3f6       0x64 ./Middlewares/ST/STM32_USB_Device_Library/Core/Src/usbd_core.o
                0x0800a3f6                USBD_LL_IsoINIncomplete
 .text.USBD_LL_IsoOUTIncomplete
                0x0800a45a       0x64 ./Middlewares/ST/STM32_USB_Device_Library/Core/Src/usbd_core.o
                0x0800a45a                USBD_LL_IsoOUTIncomplete
 .text.USBD_LL_DevConnected
                0x0800a4be       0x16 ./Middlewares/ST/STM32_USB_Device_Library/Core/Src/usbd_core.o
                0x0800a4be                USBD_LL_DevConnected
 .text.USBD_LL_DevDisconnected
                0x0800a4d4       0x46 ./Middlewares/ST/STM32_USB_Device_Library/Core/Src/usbd_core.o
                0x0800a4d4                USBD_LL_DevDisconnected
 .text.USBD_CoreFindIF
                0x0800a51a       0x1a ./Middlewares/ST/STM32_USB_Device_Library/Core/Src/usbd_core.o
                0x0800a51a                USBD_CoreFindIF
 .text.USBD_CoreFindEP
                0x0800a534       0x1a ./Middlewares/ST/STM32_USB_Device_Library/Core/Src/usbd_core.o
                0x0800a534                USBD_CoreFindEP
 .text.USBD_GetEpDesc
                0x0800a54e       0x70 ./Middlewares/ST/STM32_USB_Device_Library/Core/Src/usbd_core.o
                0x0800a54e                USBD_GetEpDesc
 .text.USBD_GetNextDesc
                0x0800a5be       0x38 ./Middlewares/ST/STM32_USB_Device_Library/Core/Src/usbd_core.o
                0x0800a5be                USBD_GetNextDesc
 .text.SWAPBYTE
                0x0800a5f6       0x3c ./Middlewares/ST/STM32_USB_Device_Library/Core/Src/usbd_ctlreq.o
 *fill*         0x0800a632        0x2 
 .text.USBD_StdDevReq
                0x0800a634       0xe4 ./Middlewares/ST/STM32_USB_Device_Library/Core/Src/usbd_ctlreq.o
                0x0800a634                USBD_StdDevReq
 .text.USBD_StdItfReq
                0x0800a718       0xd8 ./Middlewares/ST/STM32_USB_Device_Library/Core/Src/usbd_ctlreq.o
                0x0800a718                USBD_StdItfReq
 .text.USBD_StdEPReq
                0x0800a7f0      0x33a ./Middlewares/ST/STM32_USB_Device_Library/Core/Src/usbd_ctlreq.o
                0x0800a7f0                USBD_StdEPReq
 *fill*         0x0800ab2a        0x2 
 .text.USBD_GetDescriptor
                0x0800ab2c      0x328 ./Middlewares/ST/STM32_USB_Device_Library/Core/Src/usbd_ctlreq.o
 .text.USBD_SetAddress
                0x0800ae54       0x88 ./Middlewares/ST/STM32_USB_Device_Library/Core/Src/usbd_ctlreq.o
 .text.USBD_SetConfig
                0x0800aedc      0x154 ./Middlewares/ST/STM32_USB_Device_Library/Core/Src/usbd_ctlreq.o
 .text.USBD_GetConfig
                0x0800b030       0x6c ./Middlewares/ST/STM32_USB_Device_Library/Core/Src/usbd_ctlreq.o
 .text.USBD_GetStatus
                0x0800b09c       0x68 ./Middlewares/ST/STM32_USB_Device_Library/Core/Src/usbd_ctlreq.o
 .text.USBD_SetFeature
                0x0800b104       0x52 ./Middlewares/ST/STM32_USB_Device_Library/Core/Src/usbd_ctlreq.o
 .text.USBD_ClrFeature
                0x0800b156       0x44 ./Middlewares/ST/STM32_USB_Device_Library/Core/Src/usbd_ctlreq.o
 .text.USBD_ParseSetupRequest
                0x0800b19a       0x74 ./Middlewares/ST/STM32_USB_Device_Library/Core/Src/usbd_ctlreq.o
                0x0800b19a                USBD_ParseSetupRequest
 .text.USBD_CtlError
                0x0800b20e       0x22 ./Middlewares/ST/STM32_USB_Device_Library/Core/Src/usbd_ctlreq.o
                0x0800b20e                USBD_CtlError
 .text.USBD_GetString
                0x0800b230       0x8c ./Middlewares/ST/STM32_USB_Device_Library/Core/Src/usbd_ctlreq.o
                0x0800b230                USBD_GetString
 .text.USBD_GetLen
                0x0800b2bc       0x34 ./Middlewares/ST/STM32_USB_Device_Library/Core/Src/usbd_ctlreq.o
 .text.USBD_CtlSendData
                0x0800b2f0       0x36 ./Middlewares/ST/STM32_USB_Device_Library/Core/Src/usbd_ioreq.o
                0x0800b2f0                USBD_CtlSendData
 .text.USBD_CtlContinueSendData
                0x0800b326       0x22 ./Middlewares/ST/STM32_USB_Device_Library/Core/Src/usbd_ioreq.o
                0x0800b326                USBD_CtlContinueSendData
 .text.USBD_CtlPrepareRx
                0x0800b348       0x3a ./Middlewares/ST/STM32_USB_Device_Library/Core/Src/usbd_ioreq.o
                0x0800b348                USBD_CtlPrepareRx
 .text.USBD_CtlContinueRx
                0x0800b382       0x22 ./Middlewares/ST/STM32_USB_Device_Library/Core/Src/usbd_ioreq.o
                0x0800b382                USBD_CtlContinueRx
 .text.USBD_CtlSendStatus
                0x0800b3a4       0x26 ./Middlewares/ST/STM32_USB_Device_Library/Core/Src/usbd_ioreq.o
                0x0800b3a4                USBD_CtlSendStatus
 .text.USBD_CtlReceiveStatus
                0x0800b3ca       0x26 ./Middlewares/ST/STM32_USB_Device_Library/Core/Src/usbd_ioreq.o
                0x0800b3ca                USBD_CtlReceiveStatus
 .text.makeFreeRtosPriority
                0x0800b3f0       0x30 ./Middlewares/Third_Party/FreeRTOS/Source/CMSIS_RTOS/cmsis_os.o
 .text.inHandlerMode
                0x0800b420       0x24 ./Middlewares/Third_Party/FreeRTOS/Source/CMSIS_RTOS/cmsis_os.o
 .text.osKernelStart
                0x0800b444        0xe ./Middlewares/Third_Party/FreeRTOS/Source/CMSIS_RTOS/cmsis_os.o
                0x0800b444                osKernelStart
 .text.osThreadCreate
                0x0800b452       0x98 ./Middlewares/Third_Party/FreeRTOS/Source/CMSIS_RTOS/cmsis_os.o
                0x0800b452                osThreadCreate
 .text.osDelay  0x0800b4ea       0x28 ./Middlewares/Third_Party/FreeRTOS/Source/CMSIS_RTOS/cmsis_os.o
                0x0800b4ea                osDelay
 .text.osMutexCreate
                0x0800b512       0x30 ./Middlewares/Third_Party/FreeRTOS/Source/CMSIS_RTOS/cmsis_os.o
                0x0800b512                osMutexCreate
 .text.osMessageCreate
                0x0800b542       0x50 ./Middlewares/Third_Party/FreeRTOS/Source/CMSIS_RTOS/cmsis_os.o
                0x0800b542                osMessageCreate
 *fill*         0x0800b592        0x2 
 .text.osMessagePut
                0x0800b594       0x80 ./Middlewares/Third_Party/FreeRTOS/Source/CMSIS_RTOS/cmsis_os.o
                0x0800b594                osMessagePut
 .text.osMessageGet
                0x0800b614       0xe8 ./Middlewares/Third_Party/FreeRTOS/Source/CMSIS_RTOS/cmsis_os.o
                0x0800b614                osMessageGet
 .text.vListInitialise
                0x0800b6fc       0x40 ./Middlewares/Third_Party/FreeRTOS/Source/list.o
                0x0800b6fc                vListInitialise
 .text.vListInitialiseItem
                0x0800b73c       0x1a ./Middlewares/Third_Party/FreeRTOS/Source/list.o
                0x0800b73c                vListInitialiseItem
 .text.vListInsertEnd
                0x0800b756       0x48 ./Middlewares/Third_Party/FreeRTOS/Source/list.o
                0x0800b756                vListInsertEnd
 .text.vListInsert
                0x0800b79e       0x72 ./Middlewares/Third_Party/FreeRTOS/Source/list.o
                0x0800b79e                vListInsert
 .text.uxListRemove
                0x0800b810       0x54 ./Middlewares/Third_Party/FreeRTOS/Source/list.o
                0x0800b810                uxListRemove
 .text.xQueueGenericReset
                0x0800b864       0xd4 ./Middlewares/Third_Party/FreeRTOS/Source/queue.o
                0x0800b864                xQueueGenericReset
 .text.xQueueGenericCreateStatic
                0x0800b938       0xfa ./Middlewares/Third_Party/FreeRTOS/Source/queue.o
                0x0800b938                xQueueGenericCreateStatic
 .text.xQueueGenericCreate
                0x0800ba32       0x76 ./Middlewares/Third_Party/FreeRTOS/Source/queue.o
                0x0800ba32                xQueueGenericCreate
 .text.prvInitialiseNewQueue
                0x0800baa8       0x3e ./Middlewares/Third_Party/FreeRTOS/Source/queue.o
 .text.prvInitialiseMutex
                0x0800bae6       0x34 ./Middlewares/Third_Party/FreeRTOS/Source/queue.o
 .text.xQueueCreateMutex
                0x0800bb1a       0x30 ./Middlewares/Third_Party/FreeRTOS/Source/queue.o
                0x0800bb1a                xQueueCreateMutex
 .text.xQueueCreateMutexStatic
                0x0800bb4a       0x36 ./Middlewares/Third_Party/FreeRTOS/Source/queue.o
                0x0800bb4a                xQueueCreateMutexStatic
 .text.xQueueGenericSend
                0x0800bb80      0x204 ./Middlewares/Third_Party/FreeRTOS/Source/queue.o
                0x0800bb80                xQueueGenericSend
 .text.xQueueGenericSendFromISR
                0x0800bd84      0x13c ./Middlewares/Third_Party/FreeRTOS/Source/queue.o
                0x0800bd84                xQueueGenericSendFromISR
 .text.xQueueReceive
                0x0800bec0      0x1c4 ./Middlewares/Third_Party/FreeRTOS/Source/queue.o
                0x0800bec0                xQueueReceive
 .text.xQueueReceiveFromISR
                0x0800c084      0x104 ./Middlewares/Third_Party/FreeRTOS/Source/queue.o
                0x0800c084                xQueueReceiveFromISR
 .text.prvCopyDataToQueue
                0x0800c188       0xd4 ./Middlewares/Third_Party/FreeRTOS/Source/queue.o
 .text.prvCopyDataFromQueue
                0x0800c25c       0x4c ./Middlewares/Third_Party/FreeRTOS/Source/queue.o
 .text.prvUnlockQueue
                0x0800c2a8       0xa4 ./Middlewares/Third_Party/FreeRTOS/Source/queue.o
 .text.prvIsQueueEmpty
                0x0800c34c       0x2c ./Middlewares/Third_Party/FreeRTOS/Source/queue.o
 .text.prvIsQueueFull
                0x0800c378       0x30 ./Middlewares/Third_Party/FreeRTOS/Source/queue.o
 .text.xTaskCreateStatic
                0x0800c3a8       0xc0 ./Middlewares/Third_Party/FreeRTOS/Source/tasks.o
                0x0800c3a8                xTaskCreateStatic
 .text.xTaskCreate
                0x0800c468       0x8a ./Middlewares/Third_Party/FreeRTOS/Source/tasks.o
                0x0800c468                xTaskCreate
 *fill*         0x0800c4f2        0x2 
 .text.prvInitialiseNewTask
                0x0800c4f4      0x140 ./Middlewares/Third_Party/FreeRTOS/Source/tasks.o
 .text.prvAddNewTaskToReadyList
                0x0800c634       0xd4 ./Middlewares/Third_Party/FreeRTOS/Source/tasks.o
 .text.vTaskDelay
                0x0800c708       0x6c ./Middlewares/Third_Party/FreeRTOS/Source/tasks.o
                0x0800c708                vTaskDelay
 .text.vTaskStartScheduler
                0x0800c774       0xd4 ./Middlewares/Third_Party/FreeRTOS/Source/tasks.o
                0x0800c774                vTaskStartScheduler
 .text.vTaskSuspendAll
                0x0800c848       0x1c ./Middlewares/Third_Party/FreeRTOS/Source/tasks.o
                0x0800c848                vTaskSuspendAll
 .text.xTaskResumeAll
                0x0800c864      0x13c ./Middlewares/Third_Party/FreeRTOS/Source/tasks.o
                0x0800c864                xTaskResumeAll
 .text.xTaskIncrementTick
                0x0800c9a0      0x174 ./Middlewares/Third_Party/FreeRTOS/Source/tasks.o
                0x0800c9a0                xTaskIncrementTick
 .text.vTaskSwitchContext
                0x0800cb14       0xc8 ./Middlewares/Third_Party/FreeRTOS/Source/tasks.o
                0x0800cb14                vTaskSwitchContext
 .text.vTaskPlaceOnEventList
                0x0800cbdc       0x4c ./Middlewares/Third_Party/FreeRTOS/Source/tasks.o
                0x0800cbdc                vTaskPlaceOnEventList
 .text.xTaskRemoveFromEventList
                0x0800cc28       0xc8 ./Middlewares/Third_Party/FreeRTOS/Source/tasks.o
                0x0800cc28                xTaskRemoveFromEventList
 .text.vTaskInternalSetTimeOutState
                0x0800ccf0       0x2c ./Middlewares/Third_Party/FreeRTOS/Source/tasks.o
                0x0800ccf0                vTaskInternalSetTimeOutState
 .text.xTaskCheckForTimeOut
                0x0800cd1c       0xc8 ./Middlewares/Third_Party/FreeRTOS/Source/tasks.o
                0x0800cd1c                xTaskCheckForTimeOut
 .text.vTaskMissedYield
                0x0800cde4       0x18 ./Middlewares/Third_Party/FreeRTOS/Source/tasks.o
                0x0800cde4                vTaskMissedYield
 .text.prvIdleTask
                0x0800cdfc       0x30 ./Middlewares/Third_Party/FreeRTOS/Source/tasks.o
 .text.prvInitialiseTaskLists
                0x0800ce2c       0x80 ./Middlewares/Third_Party/FreeRTOS/Source/tasks.o
 .text.prvCheckTasksWaitingTermination
                0x0800ceac       0x5c ./Middlewares/Third_Party/FreeRTOS/Source/tasks.o
 .text.prvDeleteTCB
                0x0800cf08       0x6a ./Middlewares/Third_Party/FreeRTOS/Source/tasks.o
 *fill*         0x0800cf72        0x2 
 .text.prvResetNextTaskUnblockTime
                0x0800cf74       0x40 ./Middlewares/Third_Party/FreeRTOS/Source/tasks.o
 .text.xTaskGetSchedulerState
                0x0800cfb4       0x3c ./Middlewares/Third_Party/FreeRTOS/Source/tasks.o
                0x0800cfb4                xTaskGetSchedulerState
 .text.xTaskPriorityDisinherit
                0x0800cff0      0x110 ./Middlewares/Third_Party/FreeRTOS/Source/tasks.o
                0x0800cff0                xTaskPriorityDisinherit
 .text.prvAddCurrentTaskToDelayedList
                0x0800d100       0xcc ./Middlewares/Third_Party/FreeRTOS/Source/tasks.o
 .text.pxPortInitialiseStack
                0x0800d1cc       0x68 ./Middlewares/Third_Party/FreeRTOS/Source/portable/GCC/ARM_CM4F/port.o
                0x0800d1cc                pxPortInitialiseStack
 .text.prvTaskExitError
                0x0800d234       0x5c ./Middlewares/Third_Party/FreeRTOS/Source/portable/GCC/ARM_CM4F/port.o
 .text.SVC_Handler
                0x0800d290       0x28 ./Middlewares/Third_Party/FreeRTOS/Source/portable/GCC/ARM_CM4F/port.o
                0x0800d290                SVC_Handler
 .text.prvPortStartFirstTask
                0x0800d2b8       0x28 ./Middlewares/Third_Party/FreeRTOS/Source/portable/GCC/ARM_CM4F/port.o
 .text.xPortStartScheduler
                0x0800d2e0      0x148 ./Middlewares/Third_Party/FreeRTOS/Source/portable/GCC/ARM_CM4F/port.o
                0x0800d2e0                xPortStartScheduler
 .text.vPortEnterCritical
                0x0800d428       0x64 ./Middlewares/Third_Party/FreeRTOS/Source/portable/GCC/ARM_CM4F/port.o
                0x0800d428                vPortEnterCritical
 .text.vPortExitCritical
                0x0800d48c       0x54 ./Middlewares/Third_Party/FreeRTOS/Source/portable/GCC/ARM_CM4F/port.o
                0x0800d48c                vPortExitCritical
 .text.PendSV_Handler
                0x0800d4e0       0x68 ./Middlewares/Third_Party/FreeRTOS/Source/portable/GCC/ARM_CM4F/port.o
                0x0800d4e0                PendSV_Handler
 .text.SysTick_Handler
                0x0800d548       0x44 ./Middlewares/Third_Party/FreeRTOS/Source/portable/GCC/ARM_CM4F/port.o
                0x0800d548                SysTick_Handler
 .text.vPortSetupTimerInterrupt
                0x0800d58c       0x48 ./Middlewares/Third_Party/FreeRTOS/Source/portable/GCC/ARM_CM4F/port.o
                0x0800d58c                vPortSetupTimerInterrupt
 .text.vPortEnableVFP
                0x0800d5d4       0x14 ./Middlewares/Third_Party/FreeRTOS/Source/portable/GCC/ARM_CM4F/port.o
 .text.vPortValidateInterruptPriority
                0x0800d5e8       0x84 ./Middlewares/Third_Party/FreeRTOS/Source/portable/GCC/ARM_CM4F/port.o
                0x0800d5e8                vPortValidateInterruptPriority
 .text.pvPortMalloc
                0x0800d66c      0x19c ./Middlewares/Third_Party/FreeRTOS/Source/portable/MemMang/heap_4.o
                0x0800d66c                pvPortMalloc
 .text.vPortFree
                0x0800d808       0xc8 ./Middlewares/Third_Party/FreeRTOS/Source/portable/MemMang/heap_4.o
                0x0800d808                vPortFree
 .text.prvHeapInit
                0x0800d8d0       0xc4 ./Middlewares/Third_Party/FreeRTOS/Source/portable/MemMang/heap_4.o
 .text.prvInsertBlockIntoFreeList
                0x0800d994       0xb4 ./Middlewares/Third_Party/FreeRTOS/Source/portable/MemMang/heap_4.o
 .text.MX_USB_DEVICE_Init
                0x0800da48       0x60 ./USB_DEVICE/App/usb_device.o
                0x0800da48                MX_USB_DEVICE_Init
 .text.CDC_Init_FS
                0x0800daa8       0x28 ./USB_DEVICE/App/usbd_cdc_if.o
 .text.CDC_DeInit_FS
                0x0800dad0       0x10 ./USB_DEVICE/App/usbd_cdc_if.o
 .text.CDC_Control_FS
                0x0800dae0      0x15c ./USB_DEVICE/App/usbd_cdc_if.o
 .text.CDC_Receive_FS
                0x0800dc3c       0x34 ./USB_DEVICE/App/usbd_cdc_if.o
 .text.CDC_Transmit_FS
                0x0800dc70       0x4c ./USB_DEVICE/App/usbd_cdc_if.o
                0x0800dc70                CDC_Transmit_FS
 .text.CDC_TransmitCplt_FS
                0x0800dcbc       0x22 ./USB_DEVICE/App/usbd_cdc_if.o
 *fill*         0x0800dcde        0x2 
 .text.USBD_FS_DeviceDescriptor
                0x0800dce0       0x24 ./USB_DEVICE/App/usbd_desc.o
                0x0800dce0                USBD_FS_DeviceDescriptor
 .text.USBD_FS_LangIDStrDescriptor
                0x0800dd04       0x24 ./USB_DEVICE/App/usbd_desc.o
                0x0800dd04                USBD_FS_LangIDStrDescriptor
 .text.USBD_FS_ProductStrDescriptor
                0x0800dd28       0x3c ./USB_DEVICE/App/usbd_desc.o
                0x0800dd28                USBD_FS_ProductStrDescriptor
 .text.USBD_FS_ManufacturerStrDescriptor
                0x0800dd64       0x28 ./USB_DEVICE/App/usbd_desc.o
                0x0800dd64                USBD_FS_ManufacturerStrDescriptor
 .text.USBD_FS_SerialStrDescriptor
                0x0800dd8c       0x24 ./USB_DEVICE/App/usbd_desc.o
                0x0800dd8c                USBD_FS_SerialStrDescriptor
 .text.USBD_FS_ConfigStrDescriptor
                0x0800ddb0       0x3c ./USB_DEVICE/App/usbd_desc.o
                0x0800ddb0                USBD_FS_ConfigStrDescriptor
 .text.USBD_FS_InterfaceStrDescriptor
                0x0800ddec       0x3c ./USB_DEVICE/App/usbd_desc.o
                0x0800ddec                USBD_FS_InterfaceStrDescriptor
 .text.USBD_FS_USR_BOSDescriptor
                0x0800de28       0x24 ./USB_DEVICE/App/usbd_desc.o
                0x0800de28                USBD_FS_USR_BOSDescriptor
 .text.Get_SerialNum
                0x0800de4c       0x58 ./USB_DEVICE/App/usbd_desc.o
 .text.IntToUnicode
                0x0800dea4       0x7e ./USB_DEVICE/App/usbd_desc.o
 *fill*         0x0800df22        0x2 
 .text.HAL_PCD_MspInit
                0x0800df24       0xd4 ./USB_DEVICE/Target/usbd_conf.o
                0x0800df24                HAL_PCD_MspInit
 .text.HAL_PCD_SetupStageCallback
                0x0800dff8       0x24 ./USB_DEVICE/Target/usbd_conf.o
                0x0800dff8                HAL_PCD_SetupStageCallback
 .text.HAL_PCD_DataOutStageCallback
                0x0800e01c       0x36 ./USB_DEVICE/Target/usbd_conf.o
                0x0800e01c                HAL_PCD_DataOutStageCallback
 .text.HAL_PCD_DataInStageCallback
                0x0800e052       0x34 ./USB_DEVICE/Target/usbd_conf.o
                0x0800e052                HAL_PCD_DataInStageCallback
 .text.HAL_PCD_SOFCallback
                0x0800e086       0x1c ./USB_DEVICE/Target/usbd_conf.o
                0x0800e086                HAL_PCD_SOFCallback
 .text.HAL_PCD_ResetCallback
                0x0800e0a2       0x50 ./USB_DEVICE/Target/usbd_conf.o
                0x0800e0a2                HAL_PCD_ResetCallback
 *fill*         0x0800e0f2        0x2 
 .text.HAL_PCD_SuspendCallback
                0x0800e0f4       0x4c ./USB_DEVICE/Target/usbd_conf.o
                0x0800e0f4                HAL_PCD_SuspendCallback
 .text.HAL_PCD_ResumeCallback
                0x0800e140       0x1c ./USB_DEVICE/Target/usbd_conf.o
                0x0800e140                HAL_PCD_ResumeCallback
 .text.HAL_PCD_ISOOUTIncompleteCallback
                0x0800e15c       0x24 ./USB_DEVICE/Target/usbd_conf.o
                0x0800e15c                HAL_PCD_ISOOUTIncompleteCallback
 .text.HAL_PCD_ISOINIncompleteCallback
                0x0800e180       0x24 ./USB_DEVICE/Target/usbd_conf.o
                0x0800e180                HAL_PCD_ISOINIncompleteCallback
 .text.HAL_PCD_ConnectCallback
                0x0800e1a4       0x1c ./USB_DEVICE/Target/usbd_conf.o
                0x0800e1a4                HAL_PCD_ConnectCallback
 .text.HAL_PCD_DisconnectCallback
                0x0800e1c0       0x1c ./USB_DEVICE/Target/usbd_conf.o
                0x0800e1c0                HAL_PCD_DisconnectCallback
 .text.USBD_LL_Init
                0x0800e1dc       0x98 ./USB_DEVICE/Target/usbd_conf.o
                0x0800e1dc                USBD_LL_Init
 .text.USBD_LL_Start
                0x0800e274       0x36 ./USB_DEVICE/Target/usbd_conf.o
                0x0800e274                USBD_LL_Start
 .text.USBD_LL_OpenEP
                0x0800e2aa       0x4c ./USB_DEVICE/Target/usbd_conf.o
                0x0800e2aa                USBD_LL_OpenEP
 .text.USBD_LL_CloseEP
                0x0800e2f6       0x3e ./USB_DEVICE/Target/usbd_conf.o
                0x0800e2f6                USBD_LL_CloseEP
 .text.USBD_LL_StallEP
                0x0800e334       0x3e ./USB_DEVICE/Target/usbd_conf.o
                0x0800e334                USBD_LL_StallEP
 .text.USBD_LL_ClearStallEP
                0x0800e372       0x3e ./USB_DEVICE/Target/usbd_conf.o
                0x0800e372                USBD_LL_ClearStallEP
 .text.USBD_LL_IsStallEP
                0x0800e3b0       0x58 ./USB_DEVICE/Target/usbd_conf.o
                0x0800e3b0                USBD_LL_IsStallEP
 .text.USBD_LL_SetUSBAddress
                0x0800e408       0x3e ./USB_DEVICE/Target/usbd_conf.o
                0x0800e408                USBD_LL_SetUSBAddress
 .text.USBD_LL_Transmit
                0x0800e446       0x42 ./USB_DEVICE/Target/usbd_conf.o
                0x0800e446                USBD_LL_Transmit
 .text.USBD_LL_PrepareReceive
                0x0800e488       0x42 ./USB_DEVICE/Target/usbd_conf.o
                0x0800e488                USBD_LL_PrepareReceive
 .text.USBD_LL_GetRxDataSize
                0x0800e4ca       0x26 ./USB_DEVICE/Target/usbd_conf.o
                0x0800e4ca                USBD_LL_GetRxDataSize
 .text.HAL_PCDEx_LPM_Callback
                0x0800e4f0       0x9c ./USB_DEVICE/Target/usbd_conf.o
                0x0800e4f0                HAL_PCDEx_LPM_Callback
 .text.USBD_static_malloc
                0x0800e58c       0x1c ./USB_DEVICE/Target/usbd_conf.o
                0x0800e58c                USBD_static_malloc
 .text.USBD_static_free
                0x0800e5a8       0x14 ./USB_DEVICE/Target/usbd_conf.o
                0x0800e5a8                USBD_static_free
 .text.USBD_Get_USB_Status
                0x0800e5bc       0x58 ./USB_DEVICE/Target/usbd_conf.o
                0x0800e5bc                USBD_Get_USB_Status
 .text.JogCmd_fromCharArray
                0x0800e614       0xb8 ./User/Src/CDC_msg.o
                0x0800e614                JogCmd_fromCharArray
 .text.Board_Init
                0x0800e6cc       0xd8 ./User/Src/board.o
                0x0800e6cc                Board_Init
 .text.BSP_Init
                0x0800e7a4       0xd4 ./User/Src/bsp.o
                0x0800e7a4                BSP_Init
 .text.RS485_Send_DMA
                0x0800e878       0xb8 ./User/Src/bsp.o
                0x0800e878                RS485_Send_DMA
 .text.USER_UART_IRQHandler
                0x0800e930       0xa0 ./User/Src/bsp.o
                0x0800e930                USER_UART_IRQHandler
 .text.CAN_Filter_Init
                0x0800e9d0       0xb8 ./User/Src/bsp.o
                0x0800e9d0                CAN_Filter_Init
 .text.CAN_Send_Msg
                0x0800ea88      0x128 ./User/Src/bsp.o
                0x0800ea88                CAN_Send_Msg
 .text.HAL_CAN_RxFifo0MsgPendingCallback
                0x0800ebb0       0x8c ./User/Src/bsp.o
                0x0800ebb0                HAL_CAN_RxFifo0MsgPendingCallback
 .text.CDC_Process_Recv_Data
                0x0800ec3c       0x74 ./User/Src/bsp.o
                0x0800ec3c                CDC_Process_Recv_Data
 .text.Process_Cmd
                0x0800ecb0       0xf0 ./User/Src/bsp.o
                0x0800ecb0                Process_Cmd
 .text.RE35_Motor_Create
                0x0800eda0       0x36 ./User/Src/maxon_re35.o
                0x0800eda0                RE35_Motor_Create
 .text.RE35_Motor_Init
                0x0800edd6       0xae ./User/Src/maxon_re35.o
                0x0800edd6                RE35_Motor_Init
 .text.RE35_Motor_SetCmd
                0x0800ee84      0x102 ./User/Src/maxon_re35.o
                0x0800ee84                RE35_Motor_SetCmd
 .text.RE35_Motor_Send
                0x0800ef86       0x22 ./User/Src/maxon_re35.o
                0x0800ef86                RE35_Motor_Send
 .text.RE35_Motor_RecvData_Process
                0x0800efa8      0x12c ./User/Src/maxon_re35.o
                0x0800efa8                RE35_Motor_RecvData_Process
 .text.A1_Motor_Create
                0x0800f0d4       0x40 ./User/Src/unitree_a1.o
                0x0800f0d4                A1_Motor_Create
 *fill*         0x0800f114        0x4 
 .text.A1_Motor_SetCmd
                0x0800f118      0x1fc ./User/Src/unitree_a1.o
                0x0800f118                A1_Motor_SetCmd
 .text.A1_Modify_Data
                0x0800f314      0x11c ./User/Src/unitree_a1.o
                0x0800f314                A1_Modify_Data
 .text.A1_Motor_Send
                0x0800f430       0x68 ./User/Src/unitree_a1.o
                0x0800f430                A1_Motor_Send
 .text.A1_Extract_Data
                0x0800f498      0x124 ./User/Src/unitree_a1.o
                0x0800f498                A1_Extract_Data
 *fill*         0x0800f5bc        0x4 
 .text.A1_Motor_RecvData_Process
                0x0800f5c0       0xbc ./User/Src/unitree_a1.o
                0x0800f5c0                A1_Motor_RecvData_Process
 .text.crc32_core
                0x0800f67c       0x9c ./User/Src/unitree_a1.o
                0x0800f67c                crc32_core
 .text.GO_Motor_Create
                0x0800f718       0x58 ./User/Src/unitree_go.o
                0x0800f718                GO_Motor_Create
 .text.GO_Motor_SetCmd
                0x0800f770      0x204 ./User/Src/unitree_go.o
                0x0800f770                GO_Motor_SetCmd
 *fill*         0x0800f974        0x4 
 .text.GO_Modify_Data
                0x0800f978      0x150 ./User/Src/unitree_go.o
                0x0800f978                GO_Modify_Data
 .text.GO_Motor_Send
                0x0800fac8       0x42 ./User/Src/unitree_go.o
                0x0800fac8                GO_Motor_Send
 *fill*         0x0800fb0a        0x6 
 .text.GO_Extract_Data
                0x0800fb10      0x144 ./User/Src/unitree_go.o
                0x0800fb10                GO_Extract_Data
 .text.GO_Motor_RecvData_Process
                0x0800fc54       0x9c ./User/Src/unitree_go.o
                0x0800fc54                GO_Motor_RecvData_Process
 .text.crc_ccitt_byte
                0x0800fcf0       0x38 ./User/Src/unitree_go.o
 .text.crc_ccitt
                0x0800fd28       0x3a ./User/Src/unitree_go.o
                0x0800fd28                crc_ccitt
 *fill*         0x0800fd62        0x2 
 .text.__io_putchar
                0x0800fd64       0x24 ./User/Src/utilities.o
                0x0800fd64                __io_putchar
 .text.malloc   0x0800fd88       0x10 D:/software/cubeide/STM32CubeIDE_1.15.1/STM32CubeIDE/plugins/com.st.stm32cube.ide.mcu.externaltools.gnu-tools-for-stm32.12.3.rel1.win32_1.0.100.202403111256/tools/bin/../lib/gcc/arm-none-eabi/12.3.1/../../../../arm-none-eabi/lib/thumb/v7e-m+fp/hard\libc_nano.a(libc_a-malloc.o)
                0x0800fd88                malloc
 .text.sbrk_aligned
                0x0800fd98       0x44 D:/software/cubeide/STM32CubeIDE_1.15.1/STM32CubeIDE/plugins/com.st.stm32cube.ide.mcu.externaltools.gnu-tools-for-stm32.12.3.rel1.win32_1.0.100.202403111256/tools/bin/../lib/gcc/arm-none-eabi/12.3.1/../../../../arm-none-eabi/lib/thumb/v7e-m+fp/hard\libc_nano.a(libc_a-mallocr.o)
 .text._malloc_r
                0x0800fddc      0x100 D:/software/cubeide/STM32CubeIDE_1.15.1/STM32CubeIDE/plugins/com.st.stm32cube.ide.mcu.externaltools.gnu-tools-for-stm32.12.3.rel1.win32_1.0.100.202403111256/tools/bin/../lib/gcc/arm-none-eabi/12.3.1/../../../../arm-none-eabi/lib/thumb/v7e-m+fp/hard\libc_nano.a(libc_a-mallocr.o)
                0x0800fddc                _malloc_r
 .text.__malloc_lock
                0x0800fedc        0xc D:/software/cubeide/STM32CubeIDE_1.15.1/STM32CubeIDE/plugins/com.st.stm32cube.ide.mcu.externaltools.gnu-tools-for-stm32.12.3.rel1.win32_1.0.100.202403111256/tools/bin/../lib/gcc/arm-none-eabi/12.3.1/../../../../arm-none-eabi/lib/thumb/v7e-m+fp/hard\libc_nano.a(libc_a-mlock.o)
                0x0800fedc                __malloc_lock
 .text.__malloc_unlock
                0x0800fee8        0xc D:/software/cubeide/STM32CubeIDE_1.15.1/STM32CubeIDE/plugins/com.st.stm32cube.ide.mcu.externaltools.gnu-tools-for-stm32.12.3.rel1.win32_1.0.100.202403111256/tools/bin/../lib/gcc/arm-none-eabi/12.3.1/../../../../arm-none-eabi/lib/thumb/v7e-m+fp/hard\libc_nano.a(libc_a-mlock.o)
                0x0800fee8                __malloc_unlock
 .text.__cvt    0x0800fef4       0xca D:/software/cubeide/STM32CubeIDE_1.15.1/STM32CubeIDE/plugins/com.st.stm32cube.ide.mcu.externaltools.gnu-tools-for-stm32.12.3.rel1.win32_1.0.100.202403111256/tools/bin/../lib/gcc/arm-none-eabi/12.3.1/../../../../arm-none-eabi/lib/thumb/v7e-m+fp/hard\libc_nano.a(libc_a-nano-vfprintf_float.o)
                0x0800fef4                __cvt
 .text.__exponent
                0x0800ffbe       0x74 D:/software/cubeide/STM32CubeIDE_1.15.1/STM32CubeIDE/plugins/com.st.stm32cube.ide.mcu.externaltools.gnu-tools-for-stm32.12.3.rel1.win32_1.0.100.202403111256/tools/bin/../lib/gcc/arm-none-eabi/12.3.1/../../../../arm-none-eabi/lib/thumb/v7e-m+fp/hard\libc_nano.a(libc_a-nano-vfprintf_float.o)
                0x0800ffbe                __exponent
 *fill*         0x08010032        0x2 
 .text._printf_float
                0x08010034      0x454 D:/software/cubeide/STM32CubeIDE_1.15.1/STM32CubeIDE/plugins/com.st.stm32cube.ide.mcu.externaltools.gnu-tools-for-stm32.12.3.rel1.win32_1.0.100.202403111256/tools/bin/../lib/gcc/arm-none-eabi/12.3.1/../../../../arm-none-eabi/lib/thumb/v7e-m+fp/hard\libc_nano.a(libc_a-nano-vfprintf_float.o)
                0x08010034                _printf_float
 .text._printf_common
                0x08010488       0xda D:/software/cubeide/STM32CubeIDE_1.15.1/STM32CubeIDE/plugins/com.st.stm32cube.ide.mcu.externaltools.gnu-tools-for-stm32.12.3.rel1.win32_1.0.100.202403111256/tools/bin/../lib/gcc/arm-none-eabi/12.3.1/../../../../arm-none-eabi/lib/thumb/v7e-m+fp/hard\libc_nano.a(libc_a-nano-vfprintf_i.o)
                0x08010488                _printf_common
 *fill*         0x08010562        0x2 
 .text._printf_i
                0x08010564      0x240 D:/software/cubeide/STM32CubeIDE_1.15.1/STM32CubeIDE/plugins/com.st.stm32cube.ide.mcu.externaltools.gnu-tools-for-stm32.12.3.rel1.win32_1.0.100.202403111256/tools/bin/../lib/gcc/arm-none-eabi/12.3.1/../../../../arm-none-eabi/lib/thumb/v7e-m+fp/hard\libc_nano.a(libc_a-nano-vfprintf_i.o)
                0x08010564                _printf_i
 .text._scanf_float
                0x080107a4      0x428 D:/software/cubeide/STM32CubeIDE_1.15.1/STM32CubeIDE/plugins/com.st.stm32cube.ide.mcu.externaltools.gnu-tools-for-stm32.12.3.rel1.win32_1.0.100.202403111256/tools/bin/../lib/gcc/arm-none-eabi/12.3.1/../../../../arm-none-eabi/lib/thumb/v7e-m+fp/hard\libc_nano.a(libc_a-nano-vfscanf_float.o)
                0x080107a4                _scanf_float
 .text.std      0x08010bcc       0x6c D:/software/cubeide/STM32CubeIDE_1.15.1/STM32CubeIDE/plugins/com.st.stm32cube.ide.mcu.externaltools.gnu-tools-for-stm32.12.3.rel1.win32_1.0.100.202403111256/tools/bin/../lib/gcc/arm-none-eabi/12.3.1/../../../../arm-none-eabi/lib/thumb/v7e-m+fp/hard\libc_nano.a(libc_a-findfp.o)
 .text.stdio_exit_handler
                0x08010c38       0x18 D:/software/cubeide/STM32CubeIDE_1.15.1/STM32CubeIDE/plugins/com.st.stm32cube.ide.mcu.externaltools.gnu-tools-for-stm32.12.3.rel1.win32_1.0.100.202403111256/tools/bin/../lib/gcc/arm-none-eabi/12.3.1/../../../../arm-none-eabi/lib/thumb/v7e-m+fp/hard\libc_nano.a(libc_a-findfp.o)
 .text.cleanup_stdio
                0x08010c50       0x40 D:/software/cubeide/STM32CubeIDE_1.15.1/STM32CubeIDE/plugins/com.st.stm32cube.ide.mcu.externaltools.gnu-tools-for-stm32.12.3.rel1.win32_1.0.100.202403111256/tools/bin/../lib/gcc/arm-none-eabi/12.3.1/../../../../arm-none-eabi/lib/thumb/v7e-m+fp/hard\libc_nano.a(libc_a-findfp.o)
 .text.global_stdio_init.part.0
                0x08010c90       0x3c D:/software/cubeide/STM32CubeIDE_1.15.1/STM32CubeIDE/plugins/com.st.stm32cube.ide.mcu.externaltools.gnu-tools-for-stm32.12.3.rel1.win32_1.0.100.202403111256/tools/bin/../lib/gcc/arm-none-eabi/12.3.1/../../../../arm-none-eabi/lib/thumb/v7e-m+fp/hard\libc_nano.a(libc_a-findfp.o)
 .text.__sfp_lock_acquire
                0x08010ccc        0xc D:/software/cubeide/STM32CubeIDE_1.15.1/STM32CubeIDE/plugins/com.st.stm32cube.ide.mcu.externaltools.gnu-tools-for-stm32.12.3.rel1.win32_1.0.100.202403111256/tools/bin/../lib/gcc/arm-none-eabi/12.3.1/../../../../arm-none-eabi/lib/thumb/v7e-m+fp/hard\libc_nano.a(libc_a-findfp.o)
                0x08010ccc                __sfp_lock_acquire
 .text.__sfp_lock_release
                0x08010cd8        0xc D:/software/cubeide/STM32CubeIDE_1.15.1/STM32CubeIDE/plugins/com.st.stm32cube.ide.mcu.externaltools.gnu-tools-for-stm32.12.3.rel1.win32_1.0.100.202403111256/tools/bin/../lib/gcc/arm-none-eabi/12.3.1/../../../../arm-none-eabi/lib/thumb/v7e-m+fp/hard\libc_nano.a(libc_a-findfp.o)
                0x08010cd8                __sfp_lock_release
 .text.__sinit  0x08010ce4       0x30 D:/software/cubeide/STM32CubeIDE_1.15.1/STM32CubeIDE/plugins/com.st.stm32cube.ide.mcu.externaltools.gnu-tools-for-stm32.12.3.rel1.win32_1.0.100.202403111256/tools/bin/../lib/gcc/arm-none-eabi/12.3.1/../../../../arm-none-eabi/lib/thumb/v7e-m+fp/hard\libc_nano.a(libc_a-findfp.o)
                0x08010ce4                __sinit
 .text._fwalk_sglue
                0x08010d14       0x3c D:/software/cubeide/STM32CubeIDE_1.15.1/STM32CubeIDE/plugins/com.st.stm32cube.ide.mcu.externaltools.gnu-tools-for-stm32.12.3.rel1.win32_1.0.100.202403111256/tools/bin/../lib/gcc/arm-none-eabi/12.3.1/../../../../arm-none-eabi/lib/thumb/v7e-m+fp/hard\libc_nano.a(libc_a-fwalk.o)
                0x08010d14                _fwalk_sglue
 .text.sprintf  0x08010d50       0x40 D:/software/cubeide/STM32CubeIDE_1.15.1/STM32CubeIDE/plugins/com.st.stm32cube.ide.mcu.externaltools.gnu-tools-for-stm32.12.3.rel1.win32_1.0.100.202403111256/tools/bin/../lib/gcc/arm-none-eabi/12.3.1/../../../../arm-none-eabi/lib/thumb/v7e-m+fp/hard\libc_nano.a(libc_a-sprintf.o)
                0x08010d50                siprintf
                0x08010d50                sprintf
 .text.__sread  0x08010d90       0x22 D:/software/cubeide/STM32CubeIDE_1.15.1/STM32CubeIDE/plugins/com.st.stm32cube.ide.mcu.externaltools.gnu-tools-for-stm32.12.3.rel1.win32_1.0.100.202403111256/tools/bin/../lib/gcc/arm-none-eabi/12.3.1/../../../../arm-none-eabi/lib/thumb/v7e-m+fp/hard\libc_nano.a(libc_a-stdio.o)
                0x08010d90                __sread
 .text.__swrite
                0x08010db2       0x38 D:/software/cubeide/STM32CubeIDE_1.15.1/STM32CubeIDE/plugins/com.st.stm32cube.ide.mcu.externaltools.gnu-tools-for-stm32.12.3.rel1.win32_1.0.100.202403111256/tools/bin/../lib/gcc/arm-none-eabi/12.3.1/../../../../arm-none-eabi/lib/thumb/v7e-m+fp/hard\libc_nano.a(libc_a-stdio.o)
                0x08010db2                __swrite
 .text.__sseek  0x08010dea       0x24 D:/software/cubeide/STM32CubeIDE_1.15.1/STM32CubeIDE/plugins/com.st.stm32cube.ide.mcu.externaltools.gnu-tools-for-stm32.12.3.rel1.win32_1.0.100.202403111256/tools/bin/../lib/gcc/arm-none-eabi/12.3.1/../../../../arm-none-eabi/lib/thumb/v7e-m+fp/hard\libc_nano.a(libc_a-stdio.o)
                0x08010dea                __sseek
 .text.__sclose
                0x08010e0e        0x8 D:/software/cubeide/STM32CubeIDE_1.15.1/STM32CubeIDE/plugins/com.st.stm32cube.ide.mcu.externaltools.gnu-tools-for-stm32.12.3.rel1.win32_1.0.100.202403111256/tools/bin/../lib/gcc/arm-none-eabi/12.3.1/../../../../arm-none-eabi/lib/thumb/v7e-m+fp/hard\libc_nano.a(libc_a-stdio.o)
                0x08010e0e                __sclose
 .text.memset   0x08010e16       0x10 D:/software/cubeide/STM32CubeIDE_1.15.1/STM32CubeIDE/plugins/com.st.stm32cube.ide.mcu.externaltools.gnu-tools-for-stm32.12.3.rel1.win32_1.0.100.202403111256/tools/bin/../lib/gcc/arm-none-eabi/12.3.1/../../../../arm-none-eabi/lib/thumb/v7e-m+fp/hard\libc_nano.a(libc_a-memset.o)
                0x08010e16                memset
 *fill*         0x08010e26        0x2 
 .text._localeconv_r
                0x08010e28        0x8 D:/software/cubeide/STM32CubeIDE_1.15.1/STM32CubeIDE/plugins/com.st.stm32cube.ide.mcu.externaltools.gnu-tools-for-stm32.12.3.rel1.win32_1.0.100.202403111256/tools/bin/../lib/gcc/arm-none-eabi/12.3.1/../../../../arm-none-eabi/lib/thumb/v7e-m+fp/hard\libc_nano.a(libc_a-localeconv.o)
                0x08010e28                _localeconv_r
 .text._close_r
                0x08010e30       0x20 D:/software/cubeide/STM32CubeIDE_1.15.1/STM32CubeIDE/plugins/com.st.stm32cube.ide.mcu.externaltools.gnu-tools-for-stm32.12.3.rel1.win32_1.0.100.202403111256/tools/bin/../lib/gcc/arm-none-eabi/12.3.1/../../../../arm-none-eabi/lib/thumb/v7e-m+fp/hard\libc_nano.a(libc_a-closer.o)
                0x08010e30                _close_r
 .text._reclaim_reent
                0x08010e50       0xac D:/software/cubeide/STM32CubeIDE_1.15.1/STM32CubeIDE/plugins/com.st.stm32cube.ide.mcu.externaltools.gnu-tools-for-stm32.12.3.rel1.win32_1.0.100.202403111256/tools/bin/../lib/gcc/arm-none-eabi/12.3.1/../../../../arm-none-eabi/lib/thumb/v7e-m+fp/hard\libc_nano.a(libc_a-reent.o)
                0x08010e50                _reclaim_reent
 .text._lseek_r
                0x08010efc       0x24 D:/software/cubeide/STM32CubeIDE_1.15.1/STM32CubeIDE/plugins/com.st.stm32cube.ide.mcu.externaltools.gnu-tools-for-stm32.12.3.rel1.win32_1.0.100.202403111256/tools/bin/../lib/gcc/arm-none-eabi/12.3.1/../../../../arm-none-eabi/lib/thumb/v7e-m+fp/hard\libc_nano.a(libc_a-lseekr.o)
                0x08010efc                _lseek_r
 .text._read_r  0x08010f20       0x24 D:/software/cubeide/STM32CubeIDE_1.15.1/STM32CubeIDE/plugins/com.st.stm32cube.ide.mcu.externaltools.gnu-tools-for-stm32.12.3.rel1.win32_1.0.100.202403111256/tools/bin/../lib/gcc/arm-none-eabi/12.3.1/../../../../arm-none-eabi/lib/thumb/v7e-m+fp/hard\libc_nano.a(libc_a-readr.o)
                0x08010f20                _read_r
 .text._sbrk_r  0x08010f44       0x20 D:/software/cubeide/STM32CubeIDE_1.15.1/STM32CubeIDE/plugins/com.st.stm32cube.ide.mcu.externaltools.gnu-tools-for-stm32.12.3.rel1.win32_1.0.100.202403111256/tools/bin/../lib/gcc/arm-none-eabi/12.3.1/../../../../arm-none-eabi/lib/thumb/v7e-m+fp/hard\libc_nano.a(libc_a-sbrkr.o)
                0x08010f44                _sbrk_r
 .text._write_r
                0x08010f64       0x24 D:/software/cubeide/STM32CubeIDE_1.15.1/STM32CubeIDE/plugins/com.st.stm32cube.ide.mcu.externaltools.gnu-tools-for-stm32.12.3.rel1.win32_1.0.100.202403111256/tools/bin/../lib/gcc/arm-none-eabi/12.3.1/../../../../arm-none-eabi/lib/thumb/v7e-m+fp/hard\libc_nano.a(libc_a-writer.o)
                0x08010f64                _write_r